/tmp/KoboCloud/Library:
total 8
drwxr-x--- 2 1000 1000 4096 2024-12-09 22:25:55.264500998 +0100 01
drwxr-x--- 2 1000 1000 4096 2024-12-09 22:25:55.264500998 +0100 02

/tmp/KoboCloud/Library/01:
total 0

/tmp/KoboCloud/Library/02:
total 0
Reading https://drive.google.com/drive/folders/1Wi37shmjG56L1D8OSdIZstkUfnpTsdAp
Getting https://drive.google.com/drive/folders/1Wi37shmjG56L1D8OSdIZstkUfnpTsdAp
Getting https://drive.google.com/drive/folders/1Wi37shmjG56L1D8OSdIZstkUfnpTsdAp
1Wi37shmjG56L1D8OSdIZstkUfnpTsdAp
File info: 01/ulysses.epub|1V4yCqZpT-ryC6e5tDvqTfqJlVfth87cd
File code: 1V4yCqZpT-ryC6e5tDvqTfqJlVfth87cd
File name: 01/ulysses.epub
Download: /usr/bin/curl -k --silent -C - -L --create-dirs --remote-time -o "/tmp/KoboCloud/Library/01/ulysses.epub" "https://drive.google.com/uc?id=1V4yCqZpT-ryC6e5tDvqTfqJlVfth87cd&export=download" -v
Status: 0
Output: 
*   Trying 142.250.75.238:443...
* Connected to drive.google.com (142.250.75.238) port 443 (#0)
* ALPN, offering h2
* ALPN, offering http/1.1
* TLSv1.0 (OUT), TLS header, Certificate Status (22):
} [5 bytes data]
* TLSv1.3 (OUT), TLS handshake, Client hello (1):
} [512 bytes data]
* TLSv1.2 (IN), TLS header, Certificate Status (22):
{ [5 bytes data]
* TLSv1.3 (IN), TLS handshake, Server hello (2):
{ [122 bytes data]
* TLSv1.2 (IN), TLS header, Finished (20):
{ [5 bytes data]
* TLSv1.2 (IN), TLS header, Supplemental data (23):
{ [5 bytes data]
* TLSv1.3 (IN), TLS handshake, Encrypted Extensions (8):
{ [15 bytes data]
* TLSv1.3 (IN), TLS handshake, Certificate (11):
{ [6298 bytes data]
* TLSv1.3 (IN), TLS handshake, CERT verify (15):
{ [80 bytes data]
* TLSv1.3 (IN), TLS handshake, Finished (20):
{ [52 bytes data]
* TLSv1.2 (OUT), TLS header, Finished (20):
} [5 bytes data]
* TLSv1.3 (OUT), TLS change cipher, Change cipher spec (1):
} [1 bytes data]
* TLSv1.2 (OUT), TLS header, Supplemental data (23):
} [5 bytes data]
* TLSv1.3 (OUT), TLS handshake, Finished (20):
} [52 bytes data]
* SSL connection using TLSv1.3 / TLS_AES_256_GCM_SHA384
* ALPN, server accepted to use h2
* Server certificate:
*  subject: CN=*.google.com
*  start date: Oct 21 08:36:57 2024 GMT
*  expire date: Jan 13 08:36:56 2025 GMT
*  issuer: C=US; O=Google Trust Services; CN=WR2
*  SSL certificate verify result: unable to get local issuer certificate (20), continuing anyway.
* Using HTTP2, server supports multiplexing
* Connection state changed (HTTP/2 confirmed)
* Copying HTTP/2 data in stream buffer to connection buffer after upgrade: len=0
* TLSv1.2 (OUT), TLS header, Supplemental data (23):
} [5 bytes data]
* TLSv1.2 (OUT), TLS header, Supplemental data (23):
} [5 bytes data]
* TLSv1.2 (OUT), TLS header, Supplemental data (23):
} [5 bytes data]
* Using Stream ID: 1 (easy handle 0x56003450de90)
* TLSv1.2 (OUT), TLS header, Supplemental data (23):
} [5 bytes data]
> GET /uc?id=1V4yCqZpT-ryC6e5tDvqTfqJlVfth87cd&export=download HTTP/2
> Host: drive.google.com
> user-agent: curl/7.81.0
> accept: */*
> 
* TLSv1.2 (IN), TLS header, Supplemental data (23):
{ [5 bytes data]
* TLSv1.3 (IN), TLS handshake, Newsession Ticket (4):
{ [282 bytes data]
* TLSv1.3 (IN), TLS handshake, Newsession Ticket (4):
{ [282 bytes data]
* old SSL session ID is stale, removing
* TLSv1.2 (IN), TLS header, Supplemental data (23):
{ [5 bytes data]
* TLSv1.2 (OUT), TLS header, Supplemental data (23):
} [5 bytes data]
* TLSv1.2 (IN), TLS header, Supplemental data (23):
{ [5 bytes data]
* TLSv1.2 (IN), TLS header, Supplemental data (23):
{ [5 bytes data]
< HTTP/2 303 
< content-type: application/binary
< cache-control: no-cache, no-store, max-age=0, must-revalidate
< pragma: no-cache
< expires: Mon, 01 Jan 1990 00:00:00 GMT
< date: Mon, 09 Dec 2024 21:25:55 GMT
< location: https://drive.usercontent.google.com/download?id=1V4yCqZpT-ryC6e5tDvqTfqJlVfth87cd&export=download
< strict-transport-security: max-age=31536000
< accept-ch: Sec-CH-UA-Arch, Sec-CH-UA-Bitness, Sec-CH-UA-Full-Version, Sec-CH-UA-Full-Version-List, Sec-CH-UA-Model, Sec-CH-UA-WoW64, Sec-CH-UA-Form-Factors, Sec-CH-UA-Platform, Sec-CH-UA-Platform-Version
< content-security-policy: require-trusted-types-for 'script';report-uri /_/DriveUntrustedContentHttp/cspreport
< content-security-policy: script-src 'nonce-Z9pM9iFka6iRe4CaOtinHQ' 'unsafe-inline';object-src 'none';base-uri 'self';report-uri /_/DriveUntrustedContentHttp/cspreport;worker-src 'self'
< cross-origin-opener-policy: same-origin
< permissions-policy: ch-ua-arch=*, ch-ua-bitness=*, ch-ua-full-version=*, ch-ua-full-version-list=*, ch-ua-model=*, ch-ua-wow64=*, ch-ua-form-factors=*, ch-ua-platform=*, ch-ua-platform-version=*
< server: ESF
< content-length: 0
< x-xss-protection: 0
< x-frame-options: SAMEORIGIN
< x-content-type-options: nosniff
< alt-svc: h3=":443"; ma=2592000,h3-29=":443"; ma=2592000
< 
* TLSv1.2 (IN), TLS header, Supplemental data (23):
{ [5 bytes data]
* Connection #0 to host drive.google.com left intact
* Issue another request to this URL: 'https://drive.usercontent.google.com/download?id=1V4yCqZpT-ryC6e5tDvqTfqJlVfth87cd&export=download'
*   Trying 142.250.179.65:443...
* Connected to drive.usercontent.google.com (142.250.179.65) port 443 (#1)
* ALPN, offering h2
* ALPN, offering http/1.1
* TLSv1.0 (OUT), TLS header, Certificate Status (22):
} [5 bytes data]
* TLSv1.3 (OUT), TLS handshake, Client hello (1):
} [512 bytes data]
* TLSv1.2 (IN), TLS header, Certificate Status (22):
{ [5 bytes data]
* TLSv1.3 (IN), TLS handshake, Server hello (2):
{ [122 bytes data]
* TLSv1.2 (IN), TLS header, Finished (20):
{ [5 bytes data]
* TLSv1.2 (IN), TLS header, Supplemental data (23):
{ [5 bytes data]
* TLSv1.3 (IN), TLS handshake, Encrypted Extensions (8):
{ [15 bytes data]
* TLSv1.3 (IN), TLS handshake, Certificate (11):
{ [4085 bytes data]
* TLSv1.3 (IN), TLS handshake, CERT verify (15):
{ [78 bytes data]
* TLSv1.3 (IN), TLS handshake, Finished (20):
{ [52 bytes data]
* TLSv1.2 (OUT), TLS header, Finished (20):
} [5 bytes data]
* TLSv1.3 (OUT), TLS change cipher, Change cipher spec (1):
} [1 bytes data]
* TLSv1.2 (OUT), TLS header, Supplemental data (23):
} [5 bytes data]
* TLSv1.3 (OUT), TLS handshake, Finished (20):
} [52 bytes data]
* SSL connection using TLSv1.3 / TLS_AES_256_GCM_SHA384
* ALPN, server accepted to use h2
* Server certificate:
*  subject: CN=*.usercontent.google.com
*  start date: Oct 21 08:38:28 2024 GMT
*  expire date: Jan 13 08:38:27 2025 GMT
*  issuer: C=US; O=Google Trust Services; CN=WR2
*  SSL certificate verify result: unable to get local issuer certificate (20), continuing anyway.
* Using HTTP2, server supports multiplexing
* Connection state changed (HTTP/2 confirmed)
* Copying HTTP/2 data in stream buffer to connection buffer after upgrade: len=0
* TLSv1.2 (OUT), TLS header, Supplemental data (23):
} [5 bytes data]
* TLSv1.2 (OUT), TLS header, Supplemental data (23):
} [5 bytes data]
* TLSv1.2 (OUT), TLS header, Supplemental data (23):
} [5 bytes data]
* Using Stream ID: 1 (easy handle 0x56003450de90)
* TLSv1.2 (OUT), TLS header, Supplemental data (23):
} [5 bytes data]
> GET /download?id=1V4yCqZpT-ryC6e5tDvqTfqJlVfth87cd&export=download HTTP/2
> Host: drive.usercontent.google.com
> user-agent: curl/7.81.0
> accept: */*
> 
* TLSv1.2 (IN), TLS header, Supplemental data (23):
{ [5 bytes data]
* TLSv1.3 (IN), TLS handshake, Newsession Ticket (4):
{ [282 bytes data]
* TLSv1.3 (IN), TLS handshake, Newsession Ticket (4):
{ [282 bytes data]
* old SSL session ID is stale, removing
* TLSv1.2 (IN), TLS header, Supplemental data (23):
{ [5 bytes data]
* TLSv1.2 (OUT), TLS header, Supplemental data (23):
} [5 bytes data]
* TLSv1.2 (IN), TLS header, Supplemental data (23):
{ [5 bytes data]
* TLSv1.2 (IN), TLS header, Supplemental data (23):
{ [5 bytes data]
* TLSv1.2 (IN), TLS header, Supplemental data (23):
{ [5 bytes data]
* TLSv1.2 (IN), TLS header, Supplemental data (23):
{ [5 bytes data]
< HTTP/2 200 
< content-type: application/octet-stream
< content-security-policy: sandbox
< content-security-policy: default-src 'none'
< content-security-policy: frame-ancestors 'none'
< x-content-security-policy: sandbox
< cross-origin-opener-policy: same-origin
< cross-origin-embedder-policy: require-corp
< cross-origin-resource-policy: same-site
< x-content-type-options: nosniff
< content-disposition: attachment; filename="ulysses.epub"
< access-control-allow-origin: *
< access-control-allow-credentials: false
< access-control-allow-headers: Accept, Accept-Language, Authorization, Cache-Control, Content-Disposition, Content-Encoding, Content-Language, Content-Length, Content-MD5, Content-Range, Content-Type, Date, developer-token, financial-institution-id, X-Goog-Sn-Metadata, X-Goog-Sn-PatientId, GData-Version, google-cloud-resource-prefix, linked-customer-id, login-customer-id, x-goog-request-params, Host, If-Match, If-Modified-Since, If-None-Match, If-Unmodified-Since, Origin, OriginToken, Pragma, Range, request-id, Slug, Transfer-Encoding, hotrod-board-name, hotrod-chrome-cpu-model, hotrod-chrome-processors, Want-Digest, X-Ad-Manager-Impersonation, x-chrome-connected, X-ClientDetails, X-Client-Pctx, X-Client-Version, x-debug-settings-metadata, X-Firebase-Locale, X-Goog-Firebase-Installations-Auth, X-Firebase-Client, X-Firebase-Client-Log-Type, X-Firebase-GMPID, X-Firebase-Auth-Token, X-Firebase-AppCheck, X-Firebase-Token, X-Goog-Drive-Client-Version, X-Goog-Drive-Resource-Keys, X-GData-Client, X-GData-Key, X-GoogApps-Allowed-Domains, X-Goog-AdX-Buyer-Impersonation, X-Goog-Api-Client, X-Goog-Visibilities, X-Goog-AuthUser, X-Google-EOM, x-goog-ext-124712974-jspb, x-goog-ext-467253834-jspb, x-goog-ext-353267353-bin, x-goog-ext-353267353-jspb, x-goog-ext-251363160-jspb, x-goog-ext-259736195-jspb, x-goog-ext-477772811-jspb, x-goog-ext-359275022-bin, x-goog-ext-328800237-jspb, x-goog-ext-202735639-bin, x-goog-ext-223435598-bin, X-Goog-PageId, X-Goog-Encode-Response-If-Executable, X-Goog-Correlation-Id, X-Goog-Request-Info, X-Goog-Request-Reason, X-Goog-Request-Time, X-Goog-Experiments, x-goog-iam-authority-selector, x-goog-iam-authorization-token, X-Goog-Spatula, X-Goog-Travel-Bgr, X-Goog-Travel-Settings, X-Goog-Upload-Command, X-Goog-Upload-Content-Disposition, X-Goog-Upload-Content-Length, X-Goog-Upload-Content-Type, X-Goog-Upload-File-Name, X-Goog-Upload-Header-Content-Encoding, X-Goog-Upload-Header-Content-Length, X-Goog-Upload-Header-Content-Type, X-Goog-Upload-Header-Transfer-Encoding, X-Goog-Upload-Offset, X-Goog-Upload-Protocol, x-goog-user-project, X-Goog-Visitor-Id, X-Goog-FieldMask, X-Google-Project-Override, x-goog-maps-api-salt, x-goog-maps-api-signature, x-goog-maps-client-id, X-Goog-Api-Key, x-goog-spanner-database-role, X-HTTP-Method-Override, X-JavaScript-User-Agent, X-Pan-Versionid, X-Proxied-User-IP, X-Origin, X-Referer, X-Requested-With, X-Stadia-Client-Context, X-Upload-Content-Length, X-Upload-Content-Type, X-Use-Alt-Service, X-Use-HTTP-Status-Code-Override, X-Ios-Bundle-Identifier, X-Places-Ios-Sdk, X-Android-Package, X-Android-Cert, X-Places-Android-Sdk, X-Goog-Maps-Ios-Uuid, X-Goog-Maps-Android-Uuid, X-Ariane-Xsrf-Token, X-YouTube-Bootstrap-Logged-In, X-YouTube-VVT, X-YouTube-Page-CL, X-YouTube-Page-Timestamp, X-Compass-Routing-Destination, x-framework-xsrf-token, X-Goog-Meeting-ABR, X-Goog-Meeting-Botguardid, X-Goog-Meeting-Bot-Info, X-Goog-Meeting-ClientInfo, X-Goog-Meeting-ClientVersion, X-Goog-Meeting-Debugid, X-Goog-Meeting-Identifier, X-Goog-Meeting-Interop-Cohorts, X-Goog-Meeting-Interop-Type, X-Goog-Meeting-OidcIdToken, X-Goog-Meeting-RtcClient, X-Goog-Meeting-StartSource, X-Goog-Meeting-Token, X-Goog-Meeting-Viewer-Token, X-Client-Data, x-sdm-id-token, X-Sfdc-Authorization, MIME-Version, Content-Transfer-Encoding, X-Earth-Engine-App-ID-Token, X-Earth-Engine-Computation-Profile, X-Earth-Engine-Computation-Profiling, X-Play-Console-Experiments-Override, X-Play-Console-Session-Id, x-alkali-account-key, x-alkali-application-key, x-alkali-auth-apps-namespace, x-alkali-auth-entities-namespace, x-alkali-auth-entity, x-alkali-client-locale, EES-S7E-MODE, cast-device-capabilities, X-Server-Timeout, x-foyer-client-environment, x-goog-greenenergyuserappservice-metadata, x-goog-sherlog-context, X-Server-Token, x-rfui-request-context, x-goog-nest-jwt, X-Cloud-Trace-Context, traceparent, x-goog-chat-space-id, x-goog-pan-request-context, X-AppInt-Credentials
< access-control-allow-methods: GET,HEAD,OPTIONS
< accept-ranges: bytes
< content-length: 1371218
< last-modified: Sat, 22 Jan 2022 14:34:28 GMT
< x-guploader-uploadid: AFiumC7Z50mUAsgFqeWprLL5XYZZTt_hohA2Ki2XvBZqMGu9rfz4ShwNp22tw7bdkU8P6mFWy6OXH-2ZOw
< date: Mon, 09 Dec 2024 21:25:58 GMT
< expires: Mon, 09 Dec 2024 21:25:58 GMT
< cache-control: private, max-age=0
< x-goog-hash: crc32c=jhE2Fw==
< server: UploadServer
< alt-svc: h3=":443"; ma=2592000,h3-29=":443"; ma=2592000
< 
* TLSv1.2 (IN), TLS header, Supplemental data (23):
{ [5 bytes data]
* TLSv1.2 (IN), TLS header, Supplemental data (23):
{ [5 bytes data]
* TLSv1.2 (IN), TLS header, Supplemental data (23):
{ [5 bytes data]
* TLSv1.2 (IN), TLS header, Supplemental data (23):
{ [5 bytes data]
* TLSv1.2 (IN), TLS header, Supplemental data (23):
{ [5 bytes data]
* TLSv1.2 (IN), TLS header, Supplemental data (23):
{ [5 bytes data]
* TLSv1.2 (IN), TLS header, Supplemental data (23):
{ [5 bytes data]
* TLSv1.2 (IN), TLS header, Supplemental data (23):
{ [5 bytes data]
* TLSv1.2 (IN), TLS header, Supplemental data (23):
{ [5 bytes data]
* TLSv1.2 (IN), TLS header, Supplemental data (23):
{ [5 bytes data]
* TLSv1.2 (IN), TLS header, Supplemental data (23):
{ [5 bytes data]
* TLSv1.2 (IN), TLS header, Supplemental data (23):
{ [5 bytes data]
* TLSv1.2 (IN), TLS header, Supplemental data (23):
{ [5 bytes data]
* TLSv1.2 (IN), TLS header, Supplemental data (23):
{ [5 bytes data]
* TLSv1.2 (IN), TLS header, Supplemental data (23):
{ [5 bytes data]
* TLSv1.2 (IN), TLS header, Supplemental data (23):
{ [5 bytes data]
* TLSv1.2 (IN), TLS header, Supplemental data (23):
{ [5 bytes data]
* TLSv1.2 (IN), TLS header, Supplemental data (23):
{ [5 bytes data]
* TLSv1.2 (IN), TLS header, Supplemental data (23):
{ [5 bytes data]
* TLSv1.2 (IN), TLS header, Supplemental data (23):
{ [5 bytes data]
* TLSv1.2 (IN), TLS header, Supplemental data (23):
{ [5 bytes data]
* TLSv1.2 (IN), TLS header, Supplemental data (23):
{ [5 bytes data]
* TLSv1.2 (IN), TLS header, Supplemental data (23):
{ [5 bytes data]
* TLSv1.2 (IN), TLS header, Supplemental data (23):
{ [5 bytes data]
* TLSv1.2 (IN), TLS header, Supplemental data (23):
{ [5 bytes data]
* TLSv1.2 (IN), TLS header, Supplemental data (23):
{ [5 bytes data]
* TLSv1.2 (IN), TLS header, Supplemental data (23):
{ [5 bytes data]
* TLSv1.2 (IN), TLS header, Supplemental data (23):
{ [5 bytes data]
* TLSv1.2 (IN), TLS header, Supplemental data (23):
{ [5 bytes data]
* TLSv1.2 (IN), TLS header, Supplemental data (23):
{ [5 bytes data]
* TLSv1.2 (IN), TLS header, Supplemental data (23):
{ [5 bytes data]
* TLSv1.2 (IN), TLS header, Supplemental data (23):
{ [5 bytes data]
* TLSv1.2 (IN), TLS header, Supplemental data (23):
{ [5 bytes data]
* TLSv1.2 (IN), TLS header, Supplemental data (23):
{ [5 bytes data]
* TLSv1.2 (IN), TLS header, Supplemental data (23):
{ [5 bytes data]
* TLSv1.2 (IN), TLS header, Supplemental data (23):
{ [5 bytes data]
* TLSv1.2 (IN), TLS header, Supplemental data (23):
{ [5 bytes data]
* TLSv1.2 (IN), TLS header, Supplemental data (23):
{ [5 bytes data]
* TLSv1.2 (IN), TLS header, Supplemental data (23):
{ [5 bytes data]
* TLSv1.2 (IN), TLS header, Supplemental data (23):
{ [5 bytes data]
* TLSv1.2 (IN), TLS header, Supplemental data (23):
{ [5 bytes data]
* TLSv1.2 (IN), TLS header, Supplemental data (23):
{ [5 bytes data]
* TLSv1.2 (IN), TLS header, Supplemental data (23):
{ [5 bytes data]
* TLSv1.2 (IN), TLS header, Supplemental data (23):
{ [5 bytes data]
* TLSv1.2 (IN), TLS header, Supplemental data (23):
{ [5 bytes data]
* TLSv1.2 (IN), TLS header, Supplemental data (23):
{ [5 bytes data]
* TLSv1.2 (IN), TLS header, Supplemental data (23):
{ [5 bytes data]
* TLSv1.2 (IN), TLS header, Supplemental data (23):
{ [5 bytes data]
* TLSv1.2 (IN), TLS header, Supplemental data (23):
{ [5 bytes data]
* TLSv1.2 (IN), TLS header, Supplemental data (23):
{ [5 bytes data]
* TLSv1.2 (IN), TLS header, Supplemental data (23):
{ [5 bytes data]
* TLSv1.2 (IN), TLS header, Supplemental data (23):
{ [5 bytes data]
* TLSv1.2 (IN), TLS header, Supplemental data (23):
{ [5 bytes data]
* TLSv1.2 (IN), TLS header, Supplemental data (23):
{ [5 bytes data]
* TLSv1.2 (IN), TLS header, Supplemental data (23):
{ [5 bytes data]
* TLSv1.2 (IN), TLS header, Supplemental data (23):
{ [5 bytes data]
* TLSv1.2 (IN), TLS header, Supplemental data (23):
{ [5 bytes data]
* TLSv1.2 (IN), TLS header, Supplemental data (23):
{ [5 bytes data]
* TLSv1.2 (IN), TLS header, Supplemental data (23):
{ [5 bytes data]
* TLSv1.2 (IN), TLS header, Supplemental data (23):
{ [5 bytes data]
* TLSv1.2 (IN), TLS header, Supplemental data (23):
{ [5 bytes data]
* TLSv1.2 (IN), TLS header, Supplemental data (23):
{ [5 bytes data]
* TLSv1.2 (IN), TLS header, Supplemental data (23):
{ [5 bytes data]
* TLSv1.2 (IN), TLS header, Supplemental data (23):
{ [5 bytes data]
* TLSv1.2 (IN), TLS header, Supplemental data (23):
{ [5 bytes data]
* TLSv1.2 (IN), TLS header, Supplemental data (23):
{ [5 bytes data]
* TLSv1.2 (IN), TLS header, Supplemental data (23):
{ [5 bytes data]
* TLSv1.2 (IN), TLS header, Supplemental data (23):
{ [5 bytes data]
* TLSv1.2 (IN), TLS header, Supplemental data (23):
{ [5 bytes data]
* TLSv1.2 (IN), TLS header, Supplemental data (23):
{ [5 bytes data]
* TLSv1.2 (IN), TLS header, Supplemental data (23):
{ [5 bytes data]
* TLSv1.2 (IN), TLS header, Supplemental data (23):
{ [5 bytes data]
* TLSv1.2 (IN), TLS header, Supplemental data (23):
{ [5 bytes data]
* TLSv1.2 (IN), TLS header, Supplemental data (23):
{ [5 bytes data]
* TLSv1.2 (IN), TLS header, Supplemental data (23):
{ [5 bytes data]
* TLSv1.2 (IN), TLS header, Supplemental data (23):
{ [5 bytes data]
* TLSv1.2 (IN), TLS header, Supplemental data (23):
{ [5 bytes data]
* TLSv1.2 (IN), TLS header, Supplemental data (23):
{ [5 bytes data]
* TLSv1.2 (IN), TLS header, Supplemental data (23):
{ [5 bytes data]
* TLSv1.2 (IN), TLS header, Supplemental data (23):
{ [5 bytes data]
* TLSv1.2 (IN), TLS header, Supplemental data (23):
{ [5 bytes data]
* TLSv1.2 (IN), TLS header, Supplemental data (23):
{ [5 bytes data]
* TLSv1.2 (IN), TLS header, Supplemental data (23):
{ [5 bytes data]
* TLSv1.2 (IN), TLS header, Supplemental data (23):
{ [5 bytes data]
* TLSv1.2 (IN), TLS header, Supplemental data (23):
{ [5 bytes data]
* TLSv1.2 (IN), TLS header, Supplemental data (23):
{ [5 bytes data]
* TLSv1.2 (IN), TLS header, Supplemental data (23):
{ [5 bytes data]
* TLSv1.2 (IN), TLS header, Supplemental data (23):
{ [5 bytes data]
* TLSv1.2 (IN), TLS header, Supplemental data (23):
{ [5 bytes data]
* TLSv1.2 (IN), TLS header, Supplemental data (23):
{ [5 bytes data]
* TLSv1.2 (IN), TLS header, Supplemental data (23):
{ [5 bytes data]
* TLSv1.2 (IN), TLS header, Supplemental data (23):
{ [5 bytes data]
* TLSv1.2 (IN), TLS header, Supplemental data (23):
{ [5 bytes data]
* TLSv1.2 (IN), TLS header, Supplemental data (23):
{ [5 bytes data]
* TLSv1.2 (IN), TLS header, Supplemental data (23):
{ [5 bytes data]
* TLSv1.2 (IN), TLS header, Supplemental data (23):
{ [5 bytes data]
* TLSv1.2 (IN), TLS header, Supplemental data (23):
{ [5 bytes data]
* TLSv1.2 (IN), TLS header, Supplemental data (23):
{ [5 bytes data]
* TLSv1.2 (IN), TLS header, Supplemental data (23):
{ [5 bytes data]
* TLSv1.2 (IN), TLS header, Supplemental data (23):
{ [5 bytes data]
* TLSv1.2 (IN), TLS header, Supplemental data (23):
{ [5 bytes data]
* TLSv1.2 (IN), TLS header, Supplemental data (23):
{ [5 bytes data]
* TLSv1.2 (IN), TLS header, Supplemental data (23):
{ [5 bytes data]
* TLSv1.2 (IN), TLS header, Supplemental data (23):
{ [5 bytes data]
* TLSv1.2 (IN), TLS header, Supplemental data (23):
{ [5 bytes data]
* TLSv1.2 (IN), TLS header, Supplemental data (23):
{ [5 bytes data]
* TLSv1.2 (IN), TLS header, Supplemental data (23):
{ [5 bytes data]
* TLSv1.2 (IN), TLS header, Supplemental data (23):
{ [5 bytes data]
* TLSv1.2 (IN), TLS header, Supplemental data (23):
{ [5 bytes data]
* TLSv1.2 (IN), TLS header, Supplemental data (23):
{ [5 bytes data]
* TLSv1.2 (IN), TLS header, Supplemental data (23):
{ [5 bytes data]
* TLSv1.2 (IN), TLS header, Supplemental data (23):
{ [5 bytes data]
* TLSv1.2 (IN), TLS header, Supplemental data (23):
{ [5 bytes data]
* TLSv1.2 (IN), TLS header, Supplemental data (23):
{ [5 bytes data]
* TLSv1.2 (IN), TLS header, Supplemental data (23):
{ [5 bytes data]
* TLSv1.2 (IN), TLS header, Supplemental data (23):
{ [5 bytes data]
* TLSv1.2 (IN), TLS header, Supplemental data (23):
{ [5 bytes data]
* TLSv1.2 (IN), TLS header, Supplemental data (23):
{ [5 bytes data]
* TLSv1.2 (IN), TLS header, Supplemental data (23):
{ [5 bytes data]
* TLSv1.2 (IN), TLS header, Supplemental data (23):
{ [5 bytes data]
* TLSv1.2 (IN), TLS header, Supplemental data (23):
{ [5 bytes data]
* TLSv1.2 (IN), TLS header, Supplemental data (23):
{ [5 bytes data]
* TLSv1.2 (IN), TLS header, Supplemental data (23):
{ [5 bytes data]
* TLSv1.2 (IN), TLS header, Supplemental data (23):
{ [5 bytes data]
* TLSv1.2 (IN), TLS header, Supplemental data (23):
{ [5 bytes data]
* TLSv1.2 (IN), TLS header, Supplemental data (23):
{ [5 bytes data]
* TLSv1.2 (IN), TLS header, Supplemental data (23):
{ [5 bytes data]
* TLSv1.2 (IN), TLS header, Supplemental data (23):
{ [5 bytes data]
* TLSv1.2 (IN), TLS header, Supplemental data (23):
{ [5 bytes data]
* TLSv1.2 (IN), TLS header, Supplemental data (23):
{ [5 bytes data]
* TLSv1.2 (IN), TLS header, Supplemental data (23):
{ [5 bytes data]
* TLSv1.2 (IN), TLS header, Supplemental data (23):
{ [5 bytes data]
* TLSv1.2 (IN), TLS header, Supplemental data (23):
{ [5 bytes data]
* TLSv1.2 (IN), TLS header, Supplemental data (23):
{ [5 bytes data]
* TLSv1.2 (IN), TLS header, Supplemental data (23):
{ [5 bytes data]
* TLSv1.2 (IN), TLS header, Supplemental data (23):
{ [5 bytes data]
* TLSv1.2 (IN), TLS header, Supplemental data (23):
{ [5 bytes data]
* TLSv1.2 (IN), TLS header, Supplemental data (23):
{ [5 bytes data]
* TLSv1.2 (IN), TLS header, Supplemental data (23):
{ [5 bytes data]
* TLSv1.2 (IN), TLS header, Supplemental data (23):
{ [5 bytes data]
* TLSv1.2 (IN), TLS header, Supplemental data (23):
{ [5 bytes data]
* TLSv1.2 (IN), TLS header, Supplemental data (23):
{ [5 bytes data]
* TLSv1.2 (IN), TLS header, Supplemental data (23):
{ [5 bytes data]
* TLSv1.2 (IN), TLS header, Supplemental data (23):
{ [5 bytes data]
* TLSv1.2 (IN), TLS header, Supplemental data (23):
{ [5 bytes data]
* TLSv1.2 (IN), TLS header, Supplemental data (23):
{ [5 bytes data]
* TLSv1.2 (IN), TLS header, Supplemental data (23):
{ [5 bytes data]
* TLSv1.2 (IN), TLS header, Supplemental data (23):
{ [5 bytes data]
* TLSv1.2 (IN), TLS header, Supplemental data (23):
{ [5 bytes data]
* TLSv1.2 (IN), TLS header, Supplemental data (23):
{ [5 bytes data]
* TLSv1.2 (IN), TLS header, Supplemental data (23):
{ [5 bytes data]
* TLSv1.2 (IN), TLS header, Supplemental data (23):
{ [5 bytes data]
* TLSv1.2 (IN), TLS header, Supplemental data (23):
{ [5 bytes data]
* TLSv1.2 (IN), TLS header, Supplemental data (23):
{ [5 bytes data]
* TLSv1.2 (IN), TLS header, Supplemental data (23):
{ [5 bytes data]
* TLSv1.2 (IN), TLS header, Supplemental data (23):
{ [5 bytes data]
* TLSv1.2 (IN), TLS header, Supplemental data (23):
{ [5 bytes data]
* TLSv1.2 (IN), TLS header, Supplemental data (23):
{ [5 bytes data]
* TLSv1.2 (IN), TLS header, Supplemental data (23):
{ [5 bytes data]
* TLSv1.2 (IN), TLS header, Supplemental data (23):
{ [5 bytes data]
* TLSv1.2 (IN), TLS header, Supplemental data (23):
{ [5 bytes data]
* TLSv1.2 (IN), TLS header, Supplemental data (23):
{ [5 bytes data]
* TLSv1.2 (IN), TLS header, Supplemental data (23):
{ [5 bytes data]
* TLSv1.2 (IN), TLS header, Supplemental data (23):
{ [5 bytes data]
* TLSv1.2 (IN), TLS header, Supplemental data (23):
{ [5 bytes data]
* TLSv1.2 (IN), TLS header, Supplemental data (23):
{ [5 bytes data]
* TLSv1.2 (IN), TLS header, Supplemental data (23):
{ [5 bytes data]
* TLSv1.2 (IN), TLS header, Supplemental data (23):
{ [5 bytes data]
* TLSv1.2 (IN), TLS header, Supplemental data (23):
{ [5 bytes data]
* TLSv1.2 (IN), TLS header, Supplemental data (23):
{ [5 bytes data]
* TLSv1.2 (IN), TLS header, Supplemental data (23):
{ [5 bytes data]
* TLSv1.2 (IN), TLS header, Supplemental data (23):
{ [5 bytes data]
* TLSv1.2 (IN), TLS header, Supplemental data (23):
{ [5 bytes data]
* TLSv1.2 (IN), TLS header, Supplemental data (23):
{ [5 bytes data]
* TLSv1.2 (IN), TLS header, Supplemental data (23):
{ [5 bytes data]
* TLSv1.2 (IN), TLS header, Supplemental data (23):
{ [5 bytes data]
* TLSv1.2 (IN), TLS header, Supplemental data (23):
{ [5 bytes data]
* TLSv1.2 (IN), TLS header, Supplemental data (23):
{ [5 bytes data]
* TLSv1.2 (IN), TLS header, Supplemental data (23):
{ [5 bytes data]
* TLSv1.2 (IN), TLS header, Supplemental data (23):
{ [5 bytes data]
* TLSv1.2 (IN), TLS header, Supplemental data (23):
{ [5 bytes data]
* TLSv1.2 (IN), TLS header, Supplemental data (23):
{ [5 bytes data]
* TLSv1.2 (IN), TLS header, Supplemental data (23):
{ [5 bytes data]
* TLSv1.2 (IN), TLS header, Supplemental data (23):
{ [5 bytes data]
* TLSv1.2 (IN), TLS header, Supplemental data (23):
{ [5 bytes data]
* TLSv1.2 (IN), TLS header, Supplemental data (23):
{ [5 bytes data]
* TLSv1.2 (IN), TLS header, Supplemental data (23):
{ [5 bytes data]
* TLSv1.2 (IN), TLS header, Supplemental data (23):
{ [5 bytes data]
* TLSv1.2 (IN), TLS header, Supplemental data (23):
{ [5 bytes data]
* TLSv1.2 (IN), TLS header, Supplemental data (23):
{ [5 bytes data]
* TLSv1.2 (IN), TLS header, Supplemental data (23):
{ [5 bytes data]
* TLSv1.2 (IN), TLS header, Supplemental data (23):
{ [5 bytes data]
* TLSv1.2 (IN), TLS header, Supplemental data (23):
{ [5 bytes data]
* TLSv1.2 (IN), TLS header, Supplemental data (23):
{ [5 bytes data]
* TLSv1.2 (IN), TLS header, Supplemental data (23):
{ [5 bytes data]
* TLSv1.2 (IN), TLS header, Supplemental data (23):
{ [5 bytes data]
* TLSv1.2 (IN), TLS header, Supplemental data (23):
{ [5 bytes data]
* TLSv1.2 (IN), TLS header, Supplemental data (23):
{ [5 bytes data]
* TLSv1.2 (IN), TLS header, Supplemental data (23):
{ [5 bytes data]
* TLSv1.2 (IN), TLS header, Supplemental data (23):
{ [5 bytes data]
* TLSv1.2 (IN), TLS header, Supplemental data (23):
{ [5 bytes data]
* TLSv1.2 (IN), TLS header, Supplemental data (23):
{ [5 bytes data]
* TLSv1.2 (IN), TLS header, Supplemental data (23):
{ [5 bytes data]
* TLSv1.2 (IN), TLS header, Supplemental data (23):
{ [5 bytes data]
* TLSv1.2 (IN), TLS header, Supplemental data (23):
{ [5 bytes data]
* TLSv1.2 (IN), TLS header, Supplemental data (23):
{ [5 bytes data]
* TLSv1.2 (IN), TLS header, Supplemental data (23):
{ [5 bytes data]
* TLSv1.2 (IN), TLS header, Supplemental data (23):
{ [5 bytes data]
* TLSv1.2 (IN), TLS header, Supplemental data (23):
{ [5 bytes data]
* TLSv1.2 (IN), TLS header, Supplemental data (23):
{ [5 bytes data]
* TLSv1.2 (IN), TLS header, Supplemental data (23):
{ [5 bytes data]
* TLSv1.2 (IN), TLS header, Supplemental data (23):
{ [5 bytes data]
* TLSv1.2 (IN), TLS header, Supplemental data (23):
{ [5 bytes data]
* TLSv1.2 (IN), TLS header, Supplemental data (23):
{ [5 bytes data]
* TLSv1.2 (IN), TLS header, Supplemental data (23):
{ [5 bytes data]
* TLSv1.2 (IN), TLS header, Supplemental data (23):
{ [5 bytes data]
* TLSv1.2 (IN), TLS header, Supplemental data (23):
{ [5 bytes data]
* TLSv1.2 (IN), TLS header, Supplemental data (23):
{ [5 bytes data]
* TLSv1.2 (IN), TLS header, Supplemental data (23):
{ [5 bytes data]
* TLSv1.2 (IN), TLS header, Supplemental data (23):
{ [5 bytes data]
* TLSv1.2 (IN), TLS header, Supplemental data (23):
{ [5 bytes data]
* TLSv1.2 (IN), TLS header, Supplemental data (23):
{ [5 bytes data]
* TLSv1.2 (IN), TLS header, Supplemental data (23):
{ [5 bytes data]
* TLSv1.2 (IN), TLS header, Supplemental data (23):
{ [5 bytes data]
* TLSv1.2 (IN), TLS header, Supplemental data (23):
{ [5 bytes data]
* TLSv1.2 (IN), TLS header, Supplemental data (23):
{ [5 bytes data]
* TLSv1.2 (IN), TLS header, Supplemental data (23):
{ [5 bytes data]
* TLSv1.2 (IN), TLS header, Supplemental data (23):
{ [5 bytes data]
* TLSv1.2 (IN), TLS header, Supplemental data (23):
{ [5 bytes data]
* TLSv1.2 (IN), TLS header, Supplemental data (23):
{ [5 bytes data]
* TLSv1.2 (IN), TLS header, Supplemental data (23):
{ [5 bytes data]
* TLSv1.2 (IN), TLS header, Supplemental data (23):
{ [5 bytes data]
* TLSv1.2 (IN), TLS header, Supplemental data (23):
{ [5 bytes data]
* TLSv1.2 (IN), TLS header, Supplemental data (23):
{ [5 bytes data]
* TLSv1.2 (IN), TLS header, Supplemental data (23):
{ [5 bytes data]
* TLSv1.2 (IN), TLS header, Supplemental data (23):
{ [5 bytes data]
* TLSv1.2 (IN), TLS header, Supplemental data (23):
{ [5 bytes data]
* TLSv1.2 (IN), TLS header, Supplemental data (23):
{ [5 bytes data]
* TLSv1.2 (IN), TLS header, Supplemental data (23):
{ [5 bytes data]
* TLSv1.2 (IN), TLS header, Supplemental data (23):
{ [5 bytes data]
* TLSv1.2 (IN), TLS header, Supplemental data (23):
{ [5 bytes data]
* TLSv1.2 (IN), TLS header, Supplemental data (23):
{ [5 bytes data]
* TLSv1.2 (IN), TLS header, Supplemental data (23):
{ [5 bytes data]
* TLSv1.2 (IN), TLS header, Supplemental data (23):
{ [5 bytes data]
* TLSv1.2 (IN), TLS header, Supplemental data (23):
{ [5 bytes data]
* TLSv1.2 (IN), TLS header, Supplemental data (23):
{ [5 bytes data]
* TLSv1.2 (IN), TLS header, Supplemental data (23):
{ [5 bytes data]
* TLSv1.2 (IN), TLS header, Supplemental data (23):
{ [5 bytes data]
* TLSv1.2 (IN), TLS header, Supplemental data (23):
{ [5 bytes data]
* TLSv1.2 (IN), TLS header, Supplemental data (23):
{ [5 bytes data]
* TLSv1.2 (IN), TLS header, Supplemental data (23):
{ [5 bytes data]
* TLSv1.2 (IN), TLS header, Supplemental data (23):
{ [5 bytes data]
* TLSv1.2 (IN), TLS header, Supplemental data (23):
{ [5 bytes data]
* TLSv1.2 (IN), TLS header, Supplemental data (23):
{ [5 bytes data]
* TLSv1.2 (IN), TLS header, Supplemental data (23):
{ [5 bytes data]
* TLSv1.2 (IN), TLS header, Supplemental data (23):
{ [5 bytes data]
* TLSv1.2 (IN), TLS header, Supplemental data (23):
{ [5 bytes data]
* TLSv1.2 (IN), TLS header, Supplemental data (23):
{ [5 bytes data]
* TLSv1.2 (IN), TLS header, Supplemental data (23):
{ [5 bytes data]
* TLSv1.2 (IN), TLS header, Supplemental data (23):
{ [5 bytes data]
* TLSv1.2 (IN), TLS header, Supplemental data (23):
{ [5 bytes data]
* TLSv1.2 (IN), TLS header, Supplemental data (23):
{ [5 bytes data]
* TLSv1.2 (IN), TLS header, Supplemental data (23):
{ [5 bytes data]
* TLSv1.2 (IN), TLS header, Supplemental data (23):
{ [5 bytes data]
* TLSv1.2 (IN), TLS header, Supplemental data (23):
{ [5 bytes data]
* TLSv1.2 (IN), TLS header, Supplemental data (23):
{ [5 bytes data]
* TLSv1.2 (IN), TLS header, Supplemental data (23):
{ [5 bytes data]
* TLSv1.2 (IN), TLS header, Supplemental data (23):
{ [5 bytes data]
* TLSv1.2 (IN), TLS header, Supplemental data (23):
{ [5 bytes data]
* TLSv1.2 (IN), TLS header, Supplemental data (23):
{ [5 bytes data]
* TLSv1.2 (IN), TLS header, Supplemental data (23):
{ [5 bytes data]
* TLSv1.2 (IN), TLS header, Supplemental data (23):
{ [5 bytes data]
* TLSv1.2 (IN), TLS header, Supplemental data (23):
{ [5 bytes data]
* TLSv1.2 (IN), TLS header, Supplemental data (23):
{ [5 bytes data]
* TLSv1.2 (IN), TLS header, Supplemental data (23):
{ [5 bytes data]
* TLSv1.2 (IN), TLS header, Supplemental data (23):
{ [5 bytes data]
* TLSv1.2 (IN), TLS header, Supplemental data (23):
{ [5 bytes data]
* TLSv1.2 (IN), TLS header, Supplemental data (23):
{ [5 bytes data]
* TLSv1.2 (IN), TLS header, Supplemental data (23):
{ [5 bytes data]
* TLSv1.2 (IN), TLS header, Supplemental data (23):
{ [5 bytes data]
* TLSv1.2 (IN), TLS header, Supplemental data (23):
{ [5 bytes data]
* TLSv1.2 (IN), TLS header, Supplemental data (23):
{ [5 bytes data]
* TLSv1.2 (IN), TLS header, Supplemental data (23):
{ [5 bytes data]
* TLSv1.2 (IN), TLS header, Supplemental data (23):
{ [5 bytes data]
* TLSv1.2 (IN), TLS header, Supplemental data (23):
{ [5 bytes data]
* TLSv1.2 (IN), TLS header, Supplemental data (23):
{ [5 bytes data]
* TLSv1.2 (IN), TLS header, Supplemental data (23):
{ [5 bytes data]
* TLSv1.2 (IN), TLS header, Supplemental data (23):
{ [5 bytes data]
* TLSv1.2 (IN), TLS header, Supplemental data (23):
{ [5 bytes data]
* TLSv1.2 (IN), TLS header, Supplemental data (23):
{ [5 bytes data]
* TLSv1.2 (IN), TLS header, Supplemental data (23):
{ [5 bytes data]
* TLSv1.2 (IN), TLS header, Supplemental data (23):
{ [5 bytes data]
* TLSv1.2 (IN), TLS header, Supplemental data (23):
{ [5 bytes data]
* TLSv1.2 (IN), TLS header, Supplemental data (23):
{ [5 bytes data]
* TLSv1.2 (IN), TLS header, Supplemental data (23):
{ [5 bytes data]
* TLSv1.2 (IN), TLS header, Supplemental data (23):
{ [5 bytes data]
* TLSv1.2 (IN), TLS header, Supplemental data (23):
{ [5 bytes data]
* TLSv1.2 (IN), TLS header, Supplemental data (23):
{ [5 bytes data]
* TLSv1.2 (IN), TLS header, Supplemental data (23):
{ [5 bytes data]
* TLSv1.2 (IN), TLS header, Supplemental data (23):
{ [5 bytes data]
* TLSv1.2 (IN), TLS header, Supplemental data (23):
{ [5 bytes data]
* TLSv1.2 (IN), TLS header, Supplemental data (23):
{ [5 bytes data]
* TLSv1.2 (IN), TLS header, Supplemental data (23):
{ [5 bytes data]
* TLSv1.2 (IN), TLS header, Supplemental data (23):
{ [5 bytes data]
* TLSv1.2 (IN), TLS header, Supplemental data (23):
{ [5 bytes data]
* TLSv1.2 (IN), TLS header, Supplemental data (23):
{ [5 bytes data]
* TLSv1.2 (IN), TLS header, Supplemental data (23):
{ [5 bytes data]
* TLSv1.2 (IN), TLS header, Supplemental data (23):
{ [5 bytes data]
* TLSv1.2 (IN), TLS header, Supplemental data (23):
{ [5 bytes data]
* TLSv1.2 (IN), TLS header, Supplemental data (23):
{ [5 bytes data]
* TLSv1.2 (IN), TLS header, Supplemental data (23):
{ [5 bytes data]
* TLSv1.2 (IN), TLS header, Supplemental data (23):
{ [5 bytes data]
* TLSv1.2 (IN), TLS header, Supplemental data (23):
{ [5 bytes data]
* TLSv1.2 (IN), TLS header, Supplemental data (23):
{ [5 bytes data]
* TLSv1.2 (IN), TLS header, Supplemental data (23):
{ [5 bytes data]
* TLSv1.2 (IN), TLS header, Supplemental data (23):
{ [5 bytes data]
* TLSv1.2 (IN), TLS header, Supplemental data (23):
{ [5 bytes data]
* TLSv1.2 (IN), TLS header, Supplemental data (23):
{ [5 bytes data]
* TLSv1.2 (IN), TLS header, Supplemental data (23):
{ [5 bytes data]
* TLSv1.2 (IN), TLS header, Supplemental data (23):
{ [5 bytes data]
* TLSv1.2 (IN), TLS header, Supplemental data (23):
{ [5 bytes data]
* TLSv1.2 (IN), TLS header, Supplemental data (23):
{ [5 bytes data]
* TLSv1.2 (IN), TLS header, Supplemental data (23):
{ [5 bytes data]
* TLSv1.2 (IN), TLS header, Supplemental data (23):
{ [5 bytes data]
* TLSv1.2 (IN), TLS header, Supplemental data (23):
{ [5 bytes data]
* TLSv1.2 (IN), TLS header, Supplemental data (23):
{ [5 bytes data]
* TLSv1.2 (IN), TLS header, Supplemental data (23):
{ [5 bytes data]
* TLSv1.2 (IN), TLS header, Supplemental data (23):
{ [5 bytes data]
* TLSv1.2 (IN), TLS header, Supplemental data (23):
{ [5 bytes data]
* TLSv1.2 (IN), TLS header, Supplemental data (23):
{ [5 bytes data]
* TLSv1.2 (IN), TLS header, Supplemental data (23):
{ [5 bytes data]
* TLSv1.2 (IN), TLS header, Supplemental data (23):
{ [5 bytes data]
* TLSv1.2 (IN), TLS header, Supplemental data (23):
{ [5 bytes data]
* TLSv1.2 (IN), TLS header, Supplemental data (23):
{ [5 bytes data]
* TLSv1.2 (IN), TLS header, Supplemental data (23):
{ [5 bytes data]
* TLSv1.2 (IN), TLS header, Supplemental data (23):
{ [5 bytes data]
* TLSv1.2 (IN), TLS header, Supplemental data (23):
{ [5 bytes data]
* TLSv1.2 (IN), TLS header, Supplemental data (23):
{ [5 bytes data]
* TLSv1.2 (IN), TLS header, Supplemental data (23):
{ [5 bytes data]
* TLSv1.2 (IN), TLS header, Supplemental data (23):
{ [5 bytes data]
* TLSv1.2 (IN), TLS header, Supplemental data (23):
{ [5 bytes data]
* TLSv1.2 (IN), TLS header, Supplemental data (23):
{ [5 bytes data]
* TLSv1.2 (IN), TLS header, Supplemental data (23):
{ [5 bytes data]
* TLSv1.2 (IN), TLS header, Supplemental data (23):
{ [5 bytes data]
* TLSv1.2 (IN), TLS header, Supplemental data (23):
{ [5 bytes data]
* TLSv1.2 (IN), TLS header, Supplemental data (23):
{ [5 bytes data]
* TLSv1.2 (IN), TLS header, Supplemental data (23):
{ [5 bytes data]
* TLSv1.2 (IN), TLS header, Supplemental data (23):
{ [5 bytes data]
* TLSv1.2 (IN), TLS header, Supplemental data (23):
{ [5 bytes data]
* TLSv1.2 (IN), TLS header, Supplemental data (23):
{ [5 bytes data]
* TLSv1.2 (IN), TLS header, Supplemental data (23):
{ [5 bytes data]
* TLSv1.2 (IN), TLS header, Supplemental data (23):
{ [5 bytes data]
* TLSv1.2 (IN), TLS header, Supplemental data (23):
{ [5 bytes data]
* TLSv1.2 (IN), TLS header, Supplemental data (23):
{ [5 bytes data]
* TLSv1.2 (IN), TLS header, Supplemental data (23):
{ [5 bytes data]
* TLSv1.2 (IN), TLS header, Supplemental data (23):
{ [5 bytes data]
* TLSv1.2 (IN), TLS header, Supplemental data (23):
{ [5 bytes data]
* TLSv1.2 (IN), TLS header, Supplemental data (23):
{ [5 bytes data]
* TLSv1.2 (IN), TLS header, Supplemental data (23):
{ [5 bytes data]
* TLSv1.2 (IN), TLS header, Supplemental data (23):
{ [5 bytes data]
* TLSv1.2 (IN), TLS header, Supplemental data (23):
{ [5 bytes data]
* TLSv1.2 (IN), TLS header, Supplemental data (23):
{ [5 bytes data]
* TLSv1.2 (IN), TLS header, Supplemental data (23):
{ [5 bytes data]
* TLSv1.2 (IN), TLS header, Supplemental data (23):
{ [5 bytes data]
* TLSv1.2 (IN), TLS header, Supplemental data (23):
{ [5 bytes data]
* TLSv1.2 (IN), TLS header, Supplemental data (23):
{ [5 bytes data]
* TLSv1.2 (IN), TLS header, Supplemental data (23):
{ [5 bytes data]
* TLSv1.2 (IN), TLS header, Supplemental data (23):
{ [5 bytes data]
* TLSv1.2 (IN), TLS header, Supplemental data (23):
{ [5 bytes data]
* TLSv1.2 (IN), TLS header, Supplemental data (23):
{ [5 bytes data]
* TLSv1.2 (IN), TLS header, Supplemental data (23):
{ [5 bytes data]
* TLSv1.2 (IN), TLS header, Supplemental data (23):
{ [5 bytes data]
* TLSv1.2 (IN), TLS header, Supplemental data (23):
{ [5 bytes data]
* TLSv1.2 (IN), TLS header, Supplemental data (23):
{ [5 bytes data]
* TLSv1.2 (IN), TLS header, Supplemental data (23):
{ [5 bytes data]
* TLSv1.2 (IN), TLS header, Supplemental data (23):
{ [5 bytes data]
* TLSv1.2 (IN), TLS header, Supplemental data (23):
{ [5 bytes data]
* TLSv1.2 (IN), TLS header, Supplemental data (23):
{ [5 bytes data]
* TLSv1.2 (IN), TLS header, Supplemental data (23):
{ [5 bytes data]
* TLSv1.2 (IN), TLS header, Supplemental data (23):
{ [5 bytes data]
* TLSv1.2 (IN), TLS header, Supplemental data (23):
{ [5 bytes data]
* TLSv1.2 (IN), TLS header, Supplemental data (23):
{ [5 bytes data]
* TLSv1.2 (IN), TLS header, Supplemental data (23):
{ [5 bytes data]
* TLSv1.2 (IN), TLS header, Supplemental data (23):
{ [5 bytes data]
* TLSv1.2 (IN), TLS header, Supplemental data (23):
{ [5 bytes data]
* TLSv1.2 (IN), TLS header, Supplemental data (23):
{ [5 bytes data]
* TLSv1.2 (IN), TLS header, Supplemental data (23):
{ [5 bytes data]
* TLSv1.2 (IN), TLS header, Supplemental data (23):
{ [5 bytes data]
* TLSv1.2 (IN), TLS header, Supplemental data (23):
{ [5 bytes data]
* TLSv1.2 (IN), TLS header, Supplemental data (23):
{ [5 bytes data]
* TLSv1.2 (IN), TLS header, Supplemental data (23):
{ [5 bytes data]
* TLSv1.2 (IN), TLS header, Supplemental data (23):
{ [5 bytes data]
* TLSv1.2 (IN), TLS header, Supplemental data (23):
{ [5 bytes data]
* TLSv1.2 (IN), TLS header, Supplemental data (23):
{ [5 bytes data]
* TLSv1.2 (IN), TLS header, Supplemental data (23):
{ [5 bytes data]
* TLSv1.2 (IN), TLS header, Supplemental data (23):
{ [5 bytes data]
* TLSv1.2 (IN), TLS header, Supplemental data (23):
{ [5 bytes data]
* TLSv1.2 (IN), TLS header, Supplemental data (23):
{ [5 bytes data]
* TLSv1.2 (IN), TLS header, Supplemental data (23):
{ [5 bytes data]
* TLSv1.2 (IN), TLS header, Supplemental data (23):
{ [5 bytes data]
* TLSv1.2 (IN), TLS header, Supplemental data (23):
{ [5 bytes data]
* TLSv1.2 (IN), TLS header, Supplemental data (23):
{ [5 bytes data]
* TLSv1.2 (IN), TLS header, Supplemental data (23):
{ [5 bytes data]
* TLSv1.2 (IN), TLS header, Supplemental data (23):
{ [5 bytes data]
* TLSv1.2 (IN), TLS header, Supplemental data (23):
{ [5 bytes data]
* TLSv1.2 (IN), TLS header, Supplemental data (23):
{ [5 bytes data]
* TLSv1.2 (IN), TLS header, Supplemental data (23):
{ [5 bytes data]
* TLSv1.2 (IN), TLS header, Supplemental data (23):
{ [5 bytes data]
* TLSv1.2 (IN), TLS header, Supplemental data (23):
{ [5 bytes data]
* TLSv1.2 (IN), TLS header, Supplemental data (23):
{ [5 bytes data]
* TLSv1.2 (IN), TLS header, Supplemental data (23):
{ [5 bytes data]
* TLSv1.2 (IN), TLS header, Supplemental data (23):
{ [5 bytes data]
* TLSv1.2 (IN), TLS header, Supplemental data (23):
{ [5 bytes data]
* TLSv1.2 (IN), TLS header, Supplemental data (23):
{ [5 bytes data]
* TLSv1.2 (IN), TLS header, Supplemental data (23):
{ [5 bytes data]
* TLSv1.2 (IN), TLS header, Supplemental data (23):
{ [5 bytes data]
* TLSv1.2 (IN), TLS header, Supplemental data (23):
{ [5 bytes data]
* TLSv1.2 (IN), TLS header, Supplemental data (23):
{ [5 bytes data]
* TLSv1.2 (IN), TLS header, Supplemental data (23):
{ [5 bytes data]
* TLSv1.2 (IN), TLS header, Supplemental data (23):
{ [5 bytes data]
* TLSv1.2 (IN), TLS header, Supplemental data (23):
{ [5 bytes data]
* TLSv1.2 (IN), TLS header, Supplemental data (23):
{ [5 bytes data]
* TLSv1.2 (IN), TLS header, Supplemental data (23):
{ [5 bytes data]
* TLSv1.2 (IN), TLS header, Supplemental data (23):
{ [5 bytes data]
* TLSv1.2 (IN), TLS header, Supplemental data (23):
{ [5 bytes data]
* TLSv1.2 (IN), TLS header, Supplemental data (23):
{ [5 bytes data]
* TLSv1.2 (IN), TLS header, Supplemental data (23):
{ [5 bytes data]
* TLSv1.2 (IN), TLS header, Supplemental data (23):
{ [5 bytes data]
* TLSv1.2 (IN), TLS header, Supplemental data (23):
{ [5 bytes data]
* TLSv1.2 (IN), TLS header, Supplemental data (23):
{ [5 bytes data]
* TLSv1.2 (IN), TLS header, Supplemental data (23):
{ [5 bytes data]
* TLSv1.2 (IN), TLS header, Supplemental data (23):
{ [5 bytes data]
* TLSv1.2 (IN), TLS header, Supplemental data (23):
{ [5 bytes data]
* TLSv1.2 (IN), TLS header, Supplemental data (23):
{ [5 bytes data]
* TLSv1.2 (IN), TLS header, Supplemental data (23):
{ [5 bytes data]
* TLSv1.2 (IN), TLS header, Supplemental data (23):
{ [5 bytes data]
* TLSv1.2 (IN), TLS header, Supplemental data (23):
{ [5 bytes data]
* TLSv1.2 (IN), TLS header, Supplemental data (23):
{ [5 bytes data]
* TLSv1.2 (IN), TLS header, Supplemental data (23):
{ [5 bytes data]
* TLSv1.2 (IN), TLS header, Supplemental data (23):
{ [5 bytes data]
* TLSv1.2 (IN), TLS header, Supplemental data (23):
{ [5 bytes data]
* TLSv1.2 (IN), TLS header, Supplemental data (23):
{ [5 bytes data]
* TLSv1.2 (IN), TLS header, Supplemental data (23):
{ [5 bytes data]
* TLSv1.2 (IN), TLS header, Supplemental data (23):
{ [5 bytes data]
* TLSv1.2 (IN), TLS header, Supplemental data (23):
{ [5 bytes data]
* TLSv1.2 (IN), TLS header, Supplemental data (23):
{ [5 bytes data]
* TLSv1.2 (IN), TLS header, Supplemental data (23):
{ [5 bytes data]
* TLSv1.2 (IN), TLS header, Supplemental data (23):
{ [5 bytes data]
* TLSv1.2 (IN), TLS header, Supplemental data (23):
{ [5 bytes data]
* TLSv1.2 (IN), TLS header, Supplemental data (23):
{ [5 bytes data]
* TLSv1.2 (IN), TLS header, Supplemental data (23):
{ [5 bytes data]
* TLSv1.2 (IN), TLS header, Supplemental data (23):
{ [5 bytes data]
* TLSv1.2 (IN), TLS header, Supplemental data (23):
{ [5 bytes data]
* TLSv1.2 (IN), TLS header, Supplemental data (23):
{ [5 bytes data]
* TLSv1.2 (IN), TLS header, Supplemental data (23):
{ [5 bytes data]
* TLSv1.2 (IN), TLS header, Supplemental data (23):
{ [5 bytes data]
* TLSv1.2 (IN), TLS header, Supplemental data (23):
{ [5 bytes data]
* TLSv1.2 (IN), TLS header, Supplemental data (23):
{ [5 bytes data]
* TLSv1.2 (IN), TLS header, Supplemental data (23):
{ [5 bytes data]
* TLSv1.2 (IN), TLS header, Supplemental data (23):
{ [5 bytes data]
* TLSv1.2 (IN), TLS header, Supplemental data (23):
{ [5 bytes data]
* TLSv1.2 (IN), TLS header, Supplemental data (23):
{ [5 bytes data]
* TLSv1.2 (IN), TLS header, Supplemental data (23):
{ [5 bytes data]
* TLSv1.2 (IN), TLS header, Supplemental data (23):
{ [5 bytes data]
* TLSv1.2 (IN), TLS header, Supplemental data (23):
{ [5 bytes data]
* TLSv1.2 (IN), TLS header, Supplemental data (23):
{ [5 bytes data]
* TLSv1.2 (IN), TLS header, Supplemental data (23):
{ [5 bytes data]
* TLSv1.2 (IN), TLS header, Supplemental data (23):
{ [5 bytes data]
* TLSv1.2 (IN), TLS header, Supplemental data (23):
{ [5 bytes data]
* TLSv1.2 (IN), TLS header, Supplemental data (23):
{ [5 bytes data]
* TLSv1.2 (IN), TLS header, Supplemental data (23):
{ [5 bytes data]
* TLSv1.2 (IN), TLS header, Supplemental data (23):
{ [5 bytes data]
* TLSv1.2 (IN), TLS header, Supplemental data (23):
{ [5 bytes data]
* TLSv1.2 (IN), TLS header, Supplemental data (23):
{ [5 bytes data]
* TLSv1.2 (IN), TLS header, Supplemental data (23):
{ [5 bytes data]
* TLSv1.2 (IN), TLS header, Supplemental data (23):
{ [5 bytes data]
* TLSv1.2 (IN), TLS header, Supplemental data (23):
{ [5 bytes data]
* TLSv1.2 (IN), TLS header, Supplemental data (23):
{ [5 bytes data]
* TLSv1.2 (IN), TLS header, Supplemental data (23):
{ [5 bytes data]
* TLSv1.2 (IN), TLS header, Supplemental data (23):
{ [5 bytes data]
* TLSv1.2 (IN), TLS header, Supplemental data (23):
{ [5 bytes data]
* TLSv1.2 (IN), TLS header, Supplemental data (23):
{ [5 bytes data]
* TLSv1.2 (IN), TLS header, Supplemental data (23):
{ [5 bytes data]
* TLSv1.2 (IN), TLS header, Supplemental data (23):
{ [5 bytes data]
* TLSv1.2 (IN), TLS header, Supplemental data (23):
{ [5 bytes data]
* TLSv1.2 (IN), TLS header, Supplemental data (23):
{ [5 bytes data]
* TLSv1.2 (IN), TLS header, Supplemental data (23):
{ [5 bytes data]
* TLSv1.2 (IN), TLS header, Supplemental data (23):
{ [5 bytes data]
* TLSv1.2 (IN), TLS header, Supplemental data (23):
{ [5 bytes data]
* TLSv1.2 (IN), TLS header, Supplemental data (23):
{ [5 bytes data]
* TLSv1.2 (IN), TLS header, Supplemental data (23):
{ [5 bytes data]
* TLSv1.2 (IN), TLS header, Supplemental data (23):
{ [5 bytes data]
* TLSv1.2 (IN), TLS header, Supplemental data (23):
{ [5 bytes data]
* TLSv1.2 (IN), TLS header, Supplemental data (23):
{ [5 bytes data]
* TLSv1.2 (IN), TLS header, Supplemental data (23):
{ [5 bytes data]
* TLSv1.2 (IN), TLS header, Supplemental data (23):
{ [5 bytes data]
* TLSv1.2 (IN), TLS header, Supplemental data (23):
{ [5 bytes data]
* TLSv1.2 (IN), TLS header, Supplemental data (23):
{ [5 bytes data]
* TLSv1.2 (IN), TLS header, Supplemental data (23):
{ [5 bytes data]
* TLSv1.2 (IN), TLS header, Supplemental data (23):
{ [5 bytes data]
* TLSv1.2 (IN), TLS header, Supplemental data (23):
{ [5 bytes data]
* TLSv1.2 (IN), TLS header, Supplemental data (23):
{ [5 bytes data]
* TLSv1.2 (IN), TLS header, Supplemental data (23):
{ [5 bytes data]
* TLSv1.2 (IN), TLS header, Supplemental data (23):
{ [5 bytes data]
* TLSv1.2 (IN), TLS header, Supplemental data (23):
{ [5 bytes data]
* TLSv1.2 (IN), TLS header, Supplemental data (23):
{ [5 bytes data]
* TLSv1.2 (IN), TLS header, Supplemental data (23):
{ [5 bytes data]
* TLSv1.2 (IN), TLS header, Supplemental data (23):
{ [5 bytes data]
* TLSv1.2 (IN), TLS header, Supplemental data (23):
{ [5 bytes data]
* TLSv1.2 (IN), TLS header, Supplemental data (23):
{ [5 bytes data]
* TLSv1.2 (IN), TLS header, Supplemental data (23):
{ [5 bytes data]
* TLSv1.2 (IN), TLS header, Supplemental data (23):
{ [5 bytes data]
* TLSv1.2 (IN), TLS header, Supplemental data (23):
{ [5 bytes data]
* TLSv1.2 (IN), TLS header, Supplemental data (23):
{ [5 bytes data]
* TLSv1.2 (IN), TLS header, Supplemental data (23):
{ [5 bytes data]
* TLSv1.2 (IN), TLS header, Supplemental data (23):
{ [5 bytes data]
* TLSv1.2 (IN), TLS header, Supplemental data (23):
{ [5 bytes data]
* TLSv1.2 (IN), TLS header, Supplemental data (23):
{ [5 bytes data]
* TLSv1.2 (IN), TLS header, Supplemental data (23):
{ [5 bytes data]
* TLSv1.2 (IN), TLS header, Supplemental data (23):
{ [5 bytes data]
* TLSv1.2 (IN), TLS header, Supplemental data (23):
{ [5 bytes data]
* TLSv1.2 (IN), TLS header, Supplemental data (23):
{ [5 bytes data]
* TLSv1.2 (IN), TLS header, Supplemental data (23):
{ [5 bytes data]
* TLSv1.2 (IN), TLS header, Supplemental data (23):
{ [5 bytes data]
* TLSv1.2 (IN), TLS header, Supplemental data (23):
{ [5 bytes data]
* TLSv1.2 (IN), TLS header, Supplemental data (23):
{ [5 bytes data]
* TLSv1.2 (IN), TLS header, Supplemental data (23):
{ [5 bytes data]
* TLSv1.2 (IN), TLS header, Supplemental data (23):
{ [5 bytes data]
* TLSv1.2 (IN), TLS header, Supplemental data (23):
{ [5 bytes data]
* TLSv1.2 (IN), TLS header, Supplemental data (23):
{ [5 bytes data]
* TLSv1.2 (IN), TLS header, Supplemental data (23):
{ [5 bytes data]
* TLSv1.2 (IN), TLS header, Supplemental data (23):
{ [5 bytes data]
* TLSv1.2 (IN), TLS header, Supplemental data (23):
{ [5 bytes data]
* TLSv1.2 (IN), TLS header, Supplemental data (23):
{ [5 bytes data]
* TLSv1.2 (IN), TLS header, Supplemental data (23):
{ [5 bytes data]
* TLSv1.2 (IN), TLS header, Supplemental data (23):
{ [5 bytes data]
* TLSv1.2 (IN), TLS header, Supplemental data (23):
{ [5 bytes data]
* TLSv1.2 (IN), TLS header, Supplemental data (23):
{ [5 bytes data]
* TLSv1.2 (IN), TLS header, Supplemental data (23):
{ [5 bytes data]
* TLSv1.2 (IN), TLS header, Supplemental data (23):
{ [5 bytes data]
* TLSv1.2 (IN), TLS header, Supplemental data (23):
{ [5 bytes data]
* TLSv1.2 (IN), TLS header, Supplemental data (23):
{ [5 bytes data]
* TLSv1.2 (IN), TLS header, Supplemental data (23):
{ [5 bytes data]
* TLSv1.2 (IN), TLS header, Supplemental data (23):
{ [5 bytes data]
* TLSv1.2 (IN), TLS header, Supplemental data (23):
{ [5 bytes data]
* TLSv1.2 (IN), TLS header, Supplemental data (23):
{ [5 bytes data]
* TLSv1.2 (IN), TLS header, Supplemental data (23):
{ [5 bytes data]
* TLSv1.2 (IN), TLS header, Supplemental data (23):
{ [5 bytes data]
* TLSv1.2 (IN), TLS header, Supplemental data (23):
{ [5 bytes data]
* TLSv1.2 (IN), TLS header, Supplemental data (23):
{ [5 bytes data]
* TLSv1.2 (IN), TLS header, Supplemental data (23):
{ [5 bytes data]
* TLSv1.2 (IN), TLS header, Supplemental data (23):
{ [5 bytes data]
* TLSv1.2 (IN), TLS header, Supplemental data (23):
{ [5 bytes data]
* TLSv1.2 (IN), TLS header, Supplemental data (23):
{ [5 bytes data]
* TLSv1.2 (IN), TLS header, Supplemental data (23):
{ [5 bytes data]
* TLSv1.2 (IN), TLS header, Supplemental data (23):
{ [5 bytes data]
* TLSv1.2 (IN), TLS header, Supplemental data (23):
{ [5 bytes data]
* TLSv1.2 (IN), TLS header, Supplemental data (23):
{ [5 bytes data]
* TLSv1.2 (IN), TLS header, Supplemental data (23):
{ [5 bytes data]
* TLSv1.2 (IN), TLS header, Supplemental data (23):
{ [5 bytes data]
* TLSv1.2 (IN), TLS header, Supplemental data (23):
{ [5 bytes data]
* TLSv1.2 (IN), TLS header, Supplemental data (23):
{ [5 bytes data]
* TLSv1.2 (IN), TLS header, Supplemental data (23):
{ [5 bytes data]
* TLSv1.2 (IN), TLS header, Supplemental data (23):
{ [5 bytes data]
* TLSv1.2 (IN), TLS header, Supplemental data (23):
{ [5 bytes data]
* TLSv1.2 (IN), TLS header, Supplemental data (23):
{ [5 bytes data]
* TLSv1.2 (IN), TLS header, Supplemental data (23):
{ [5 bytes data]
* TLSv1.2 (IN), TLS header, Supplemental data (23):
{ [5 bytes data]
* TLSv1.2 (IN), TLS header, Supplemental data (23):
{ [5 bytes data]
* TLSv1.2 (IN), TLS header, Supplemental data (23):
{ [5 bytes data]
* TLSv1.2 (IN), TLS header, Supplemental data (23):
{ [5 bytes data]
* TLSv1.2 (IN), TLS header, Supplemental data (23):
{ [5 bytes data]
* TLSv1.2 (IN), TLS header, Supplemental data (23):
{ [5 bytes data]
* TLSv1.2 (IN), TLS header, Supplemental data (23):
{ [5 bytes data]
* TLSv1.2 (IN), TLS header, Supplemental data (23):
{ [5 bytes data]
* TLSv1.2 (IN), TLS header, Supplemental data (23):
{ [5 bytes data]
* TLSv1.2 (IN), TLS header, Supplemental data (23):
{ [5 bytes data]
* TLSv1.2 (IN), TLS header, Supplemental data (23):
{ [5 bytes data]
* TLSv1.2 (IN), TLS header, Supplemental data (23):
{ [5 bytes data]
* TLSv1.2 (IN), TLS header, Supplemental data (23):
{ [5 bytes data]
* TLSv1.2 (IN), TLS header, Supplemental data (23):
{ [5 bytes data]
* TLSv1.2 (IN), TLS header, Supplemental data (23):
{ [5 bytes data]
* TLSv1.2 (IN), TLS header, Supplemental data (23):
{ [5 bytes data]
* TLSv1.2 (IN), TLS header, Supplemental data (23):
{ [5 bytes data]
* TLSv1.2 (IN), TLS header, Supplemental data (23):
{ [5 bytes data]
* TLSv1.2 (IN), TLS header, Supplemental data (23):
{ [5 bytes data]
* TLSv1.2 (IN), TLS header, Supplemental data (23):
{ [5 bytes data]
* TLSv1.2 (IN), TLS header, Supplemental data (23):
{ [5 bytes data]
* TLSv1.2 (IN), TLS header, Supplemental data (23):
{ [5 bytes data]
* TLSv1.2 (IN), TLS header, Supplemental data (23):
{ [5 bytes data]
* TLSv1.2 (IN), TLS header, Supplemental data (23):
{ [5 bytes data]
* TLSv1.2 (IN), TLS header, Supplemental data (23):
{ [5 bytes data]
* TLSv1.2 (IN), TLS header, Supplemental data (23):
{ [5 bytes data]
* TLSv1.2 (IN), TLS header, Supplemental data (23):
{ [5 bytes data]
* TLSv1.2 (IN), TLS header, Supplemental data (23):
{ [5 bytes data]
* TLSv1.2 (IN), TLS header, Supplemental data (23):
{ [5 bytes data]
* TLSv1.2 (IN), TLS header, Supplemental data (23):
{ [5 bytes data]
* TLSv1.2 (IN), TLS header, Supplemental data (23):
{ [5 bytes data]
* TLSv1.2 (IN), TLS header, Supplemental data (23):
{ [5 bytes data]
* TLSv1.2 (IN), TLS header, Supplemental data (23):
{ [5 bytes data]
* TLSv1.2 (IN), TLS header, Supplemental data (23):
{ [5 bytes data]
* TLSv1.2 (IN), TLS header, Supplemental data (23):
{ [5 bytes data]
* TLSv1.2 (IN), TLS header, Supplemental data (23):
{ [5 bytes data]
* TLSv1.2 (IN), TLS header, Supplemental data (23):
{ [5 bytes data]
* TLSv1.2 (IN), TLS header, Supplemental data (23):
{ [5 bytes data]
* TLSv1.2 (IN), TLS header, Supplemental data (23):
{ [5 bytes data]
* TLSv1.2 (IN), TLS header, Supplemental data (23):
{ [5 bytes data]
* TLSv1.2 (IN), TLS header, Supplemental data (23):
{ [5 bytes data]
* TLSv1.2 (IN), TLS header, Supplemental data (23):
{ [5 bytes data]
* TLSv1.2 (IN), TLS header, Supplemental data (23):
{ [5 bytes data]
* TLSv1.2 (IN), TLS header, Supplemental data (23):
{ [5 bytes data]
* TLSv1.2 (IN), TLS header, Supplemental data (23):
{ [5 bytes data]
* TLSv1.2 (IN), TLS header, Supplemental data (23):
{ [5 bytes data]
* TLSv1.2 (IN), TLS header, Supplemental data (23):
{ [5 bytes data]
* TLSv1.2 (IN), TLS header, Supplemental data (23):
{ [5 bytes data]
* TLSv1.2 (IN), TLS header, Supplemental data (23):
{ [5 bytes data]
* TLSv1.2 (IN), TLS header, Supplemental data (23):
{ [5 bytes data]
* TLSv1.2 (IN), TLS header, Supplemental data (23):
{ [5 bytes data]
* TLSv1.2 (IN), TLS header, Supplemental data (23):
{ [5 bytes data]
* TLSv1.2 (IN), TLS header, Supplemental data (23):
{ [5 bytes data]
* TLSv1.2 (IN), TLS header, Supplemental data (23):
{ [5 bytes data]
* TLSv1.2 (IN), TLS header, Supplemental data (23):
{ [5 bytes data]
* TLSv1.2 (IN), TLS header, Supplemental data (23):
{ [5 bytes data]
* TLSv1.2 (IN), TLS header, Supplemental data (23):
{ [5 bytes data]
* TLSv1.2 (IN), TLS header, Supplemental data (23):
{ [5 bytes data]
* TLSv1.2 (IN), TLS header, Supplemental data (23):
{ [5 bytes data]
* TLSv1.2 (IN), TLS header, Supplemental data (23):
{ [5 bytes data]
* TLSv1.2 (IN), TLS header, Supplemental data (23):
{ [5 bytes data]
* TLSv1.2 (IN), TLS header, Supplemental data (23):
{ [5 bytes data]
* TLSv1.2 (IN), TLS header, Supplemental data (23):
{ [5 bytes data]
* TLSv1.2 (IN), TLS header, Supplemental data (23):
{ [5 bytes data]
* TLSv1.2 (IN), TLS header, Supplemental data (23):
{ [5 bytes data]
* TLSv1.2 (IN), TLS header, Supplemental data (23):
{ [5 bytes data]
* TLSv1.2 (IN), TLS header, Supplemental data (23):
{ [5 bytes data]
* TLSv1.2 (IN), TLS header, Supplemental data (23):
{ [5 bytes data]
* TLSv1.2 (IN), TLS header, Supplemental data (23):
{ [5 bytes data]
* TLSv1.2 (IN), TLS header, Supplemental data (23):
{ [5 bytes data]
* TLSv1.2 (IN), TLS header, Supplemental data (23):
{ [5 bytes data]
* TLSv1.2 (IN), TLS header, Supplemental data (23):
{ [5 bytes data]
* TLSv1.2 (IN), TLS header, Supplemental data (23):
{ [5 bytes data]
* TLSv1.2 (IN), TLS header, Supplemental data (23):
{ [5 bytes data]
* TLSv1.2 (IN), TLS header, Supplemental data (23):
{ [5 bytes data]
* TLSv1.2 (IN), TLS header, Supplemental data (23):
{ [5 bytes data]
* TLSv1.2 (IN), TLS header, Supplemental data (23):
{ [5 bytes data]
* TLSv1.2 (IN), TLS header, Supplemental data (23):
{ [5 bytes data]
* TLSv1.2 (IN), TLS header, Supplemental data (23):
{ [5 bytes data]
* TLSv1.2 (IN), TLS header, Supplemental data (23):
{ [5 bytes data]
* TLSv1.2 (IN), TLS header, Supplemental data (23):
{ [5 bytes data]
* TLSv1.2 (IN), TLS header, Supplemental data (23):
{ [5 bytes data]
* TLSv1.2 (IN), TLS header, Supplemental data (23):
{ [5 bytes data]
* TLSv1.2 (IN), TLS header, Supplemental data (23):
{ [5 bytes data]
* TLSv1.2 (IN), TLS header, Supplemental data (23):
{ [5 bytes data]
* TLSv1.2 (IN), TLS header, Supplemental data (23):
{ [5 bytes data]
* TLSv1.2 (IN), TLS header, Supplemental data (23):
{ [5 bytes data]
* TLSv1.2 (IN), TLS header, Supplemental data (23):
{ [5 bytes data]
* TLSv1.2 (IN), TLS header, Supplemental data (23):
{ [5 bytes data]
* TLSv1.2 (IN), TLS header, Supplemental data (23):
{ [5 bytes data]
* TLSv1.2 (IN), TLS header, Supplemental data (23):
{ [5 bytes data]
* TLSv1.2 (IN), TLS header, Supplemental data (23):
{ [5 bytes data]
* TLSv1.2 (IN), TLS header, Supplemental data (23):
{ [5 bytes data]
* TLSv1.2 (IN), TLS header, Supplemental data (23):
{ [5 bytes data]
* TLSv1.2 (IN), TLS header, Supplemental data (23):
{ [5 bytes data]
* TLSv1.2 (IN), TLS header, Supplemental data (23):
{ [5 bytes data]
* TLSv1.2 (IN), TLS header, Supplemental data (23):
{ [5 bytes data]
* TLSv1.2 (IN), TLS header, Supplemental data (23):
{ [5 bytes data]
* TLSv1.2 (IN), TLS header, Supplemental data (23):
{ [5 bytes data]
* TLSv1.2 (IN), TLS header, Supplemental data (23):
{ [5 bytes data]
* TLSv1.2 (IN), TLS header, Supplemental data (23):
{ [5 bytes data]
* TLSv1.2 (IN), TLS header, Supplemental data (23):
{ [5 bytes data]
* TLSv1.2 (IN), TLS header, Supplemental data (23):
{ [5 bytes data]
* TLSv1.2 (IN), TLS header, Supplemental data (23):
{ [5 bytes data]
* TLSv1.2 (IN), TLS header, Supplemental data (23):
{ [5 bytes data]
* TLSv1.2 (IN), TLS header, Supplemental data (23):
{ [5 bytes data]
* TLSv1.2 (IN), TLS header, Supplemental data (23):
{ [5 bytes data]
* TLSv1.2 (IN), TLS header, Supplemental data (23):
{ [5 bytes data]
* TLSv1.2 (IN), TLS header, Supplemental data (23):
{ [5 bytes data]
* TLSv1.2 (IN), TLS header, Supplemental data (23):
{ [5 bytes data]
* TLSv1.2 (IN), TLS header, Supplemental data (23):
{ [5 bytes data]
* TLSv1.2 (IN), TLS header, Supplemental data (23):
{ [5 bytes data]
* TLSv1.2 (IN), TLS header, Supplemental data (23):
{ [5 bytes data]
* TLSv1.2 (IN), TLS header, Supplemental data (23):
{ [5 bytes data]
* TLSv1.2 (IN), TLS header, Supplemental data (23):
{ [5 bytes data]
* TLSv1.2 (IN), TLS header, Supplemental data (23):
{ [5 bytes data]
* TLSv1.2 (IN), TLS header, Supplemental data (23):
{ [5 bytes data]
* TLSv1.2 (IN), TLS header, Supplemental data (23):
{ [5 bytes data]
* TLSv1.2 (IN), TLS header, Supplemental data (23):
{ [5 bytes data]
* TLSv1.2 (IN), TLS header, Supplemental data (23):
{ [5 bytes data]
* TLSv1.2 (IN), TLS header, Supplemental data (23):
{ [5 bytes data]
* TLSv1.2 (IN), TLS header, Supplemental data (23):
{ [5 bytes data]
* TLSv1.2 (IN), TLS header, Supplemental data (23):
{ [5 bytes data]
* TLSv1.2 (IN), TLS header, Supplemental data (23):
{ [5 bytes data]
* TLSv1.2 (IN), TLS header, Supplemental data (23):
{ [5 bytes data]
* TLSv1.2 (IN), TLS header, Supplemental data (23):
{ [5 bytes data]
* TLSv1.2 (IN), TLS header, Supplemental data (23):
{ [5 bytes data]
* TLSv1.2 (IN), TLS header, Supplemental data (23):
{ [5 bytes data]
* TLSv1.2 (IN), TLS header, Supplemental data (23):
{ [5 bytes data]
* TLSv1.2 (IN), TLS header, Supplemental data (23):
{ [5 bytes data]
* TLSv1.2 (IN), TLS header, Supplemental data (23):
{ [5 bytes data]
* TLSv1.2 (IN), TLS header, Supplemental data (23):
{ [5 bytes data]
* TLSv1.2 (IN), TLS header, Supplemental data (23):
{ [5 bytes data]
* TLSv1.2 (IN), TLS header, Supplemental data (23):
{ [5 bytes data]
* TLSv1.2 (IN), TLS header, Supplemental data (23):
{ [5 bytes data]
* TLSv1.2 (IN), TLS header, Supplemental data (23):
{ [5 bytes data]
* TLSv1.2 (IN), TLS header, Supplemental data (23):
{ [5 bytes data]
* TLSv1.2 (IN), TLS header, Supplemental data (23):
{ [5 bytes data]
* TLSv1.2 (IN), TLS header, Supplemental data (23):
{ [5 bytes data]
* TLSv1.2 (IN), TLS header, Supplemental data (23):
{ [5 bytes data]
* TLSv1.2 (IN), TLS header, Supplemental data (23):
{ [5 bytes data]
* TLSv1.2 (IN), TLS header, Supplemental data (23):
{ [5 bytes data]
* TLSv1.2 (IN), TLS header, Supplemental data (23):
{ [5 bytes data]
* TLSv1.2 (IN), TLS header, Supplemental data (23):
{ [5 bytes data]
* TLSv1.2 (IN), TLS header, Supplemental data (23):
{ [5 bytes data]
* TLSv1.2 (IN), TLS header, Supplemental data (23):
{ [5 bytes data]
* TLSv1.2 (IN), TLS header, Supplemental data (23):
{ [5 bytes data]
* TLSv1.2 (IN), TLS header, Supplemental data (23):
{ [5 bytes data]
* TLSv1.2 (IN), TLS header, Supplemental data (23):
{ [5 bytes data]
* TLSv1.2 (IN), TLS header, Supplemental data (23):
{ [5 bytes data]
* TLSv1.2 (IN), TLS header, Supplemental data (23):
{ [5 bytes data]
* TLSv1.2 (IN), TLS header, Supplemental data (23):
{ [5 bytes data]
* TLSv1.2 (IN), TLS header, Supplemental data (23):
{ [5 bytes data]
* TLSv1.2 (IN), TLS header, Supplemental data (23):
{ [5 bytes data]
* TLSv1.2 (IN), TLS header, Supplemental data (23):
{ [5 bytes data]
* TLSv1.2 (IN), TLS header, Supplemental data (23):
{ [5 bytes data]
* TLSv1.2 (IN), TLS header, Supplemental data (23):
{ [5 bytes data]
* TLSv1.2 (IN), TLS header, Supplemental data (23):
{ [5 bytes data]
* TLSv1.2 (IN), TLS header, Supplemental data (23):
{ [5 bytes data]
* TLSv1.2 (IN), TLS header, Supplemental data (23):
{ [5 bytes data]
* TLSv1.2 (IN), TLS header, Supplemental data (23):
{ [5 bytes data]
* TLSv1.2 (IN), TLS header, Supplemental data (23):
{ [5 bytes data]
* TLSv1.2 (IN), TLS header, Supplemental data (23):
{ [5 bytes data]
* TLSv1.2 (IN), TLS header, Supplemental data (23):
{ [5 bytes data]
* TLSv1.2 (IN), TLS header, Supplemental data (23):
{ [5 bytes data]
* TLSv1.2 (IN), TLS header, Supplemental data (23):
{ [5 bytes data]
* TLSv1.2 (IN), TLS header, Supplemental data (23):
{ [5 bytes data]
* TLSv1.2 (IN), TLS header, Supplemental data (23):
{ [5 bytes data]
* TLSv1.2 (IN), TLS header, Supplemental data (23):
{ [5 bytes data]
* TLSv1.2 (IN), TLS header, Supplemental data (23):
{ [5 bytes data]
* TLSv1.2 (IN), TLS header, Supplemental data (23):
{ [5 bytes data]
* TLSv1.2 (IN), TLS header, Supplemental data (23):
{ [5 bytes data]
* TLSv1.2 (IN), TLS header, Supplemental data (23):
{ [5 bytes data]
* TLSv1.2 (IN), TLS header, Supplemental data (23):
{ [5 bytes data]
* TLSv1.2 (IN), TLS header, Supplemental data (23):
{ [5 bytes data]
* TLSv1.2 (IN), TLS header, Supplemental data (23):
{ [5 bytes data]
* TLSv1.2 (IN), TLS header, Supplemental data (23):
{ [5 bytes data]
* TLSv1.2 (IN), TLS header, Supplemental data (23):
{ [5 bytes data]
* TLSv1.2 (IN), TLS header, Supplemental data (23):
{ [5 bytes data]
* TLSv1.2 (IN), TLS header, Supplemental data (23):
{ [5 bytes data]
* TLSv1.2 (IN), TLS header, Supplemental data (23):
{ [5 bytes data]
* TLSv1.2 (IN), TLS header, Supplemental data (23):
{ [5 bytes data]
* TLSv1.2 (IN), TLS header, Supplemental data (23):
{ [5 bytes data]
* TLSv1.2 (IN), TLS header, Supplemental data (23):
{ [5 bytes data]
* TLSv1.2 (IN), TLS header, Supplemental data (23):
{ [5 bytes data]
* TLSv1.2 (IN), TLS header, Supplemental data (23):
{ [5 bytes data]
* TLSv1.2 (IN), TLS header, Supplemental data (23):
{ [5 bytes data]
* TLSv1.2 (IN), TLS header, Supplemental data (23):
{ [5 bytes data]
* TLSv1.2 (IN), TLS header, Supplemental data (23):
{ [5 bytes data]
* TLSv1.2 (IN), TLS header, Supplemental data (23):
{ [5 bytes data]
* TLSv1.2 (IN), TLS header, Supplemental data (23):
{ [5 bytes data]
* TLSv1.2 (IN), TLS header, Supplemental data (23):
{ [5 bytes data]
* TLSv1.2 (IN), TLS header, Supplemental data (23):
{ [5 bytes data]
* TLSv1.2 (IN), TLS header, Supplemental data (23):
{ [5 bytes data]
* TLSv1.2 (IN), TLS header, Supplemental data (23):
{ [5 bytes data]
* TLSv1.2 (IN), TLS header, Supplemental data (23):
{ [5 bytes data]
* TLSv1.2 (IN), TLS header, Supplemental data (23):
{ [5 bytes data]
* TLSv1.2 (IN), TLS header, Supplemental data (23):
{ [5 bytes data]
* TLSv1.2 (IN), TLS header, Supplemental data (23):
{ [5 bytes data]
* TLSv1.2 (IN), TLS header, Supplemental data (23):
{ [5 bytes data]
* TLSv1.2 (IN), TLS header, Supplemental data (23):
{ [5 bytes data]
* TLSv1.2 (IN), TLS header, Supplemental data (23):
{ [5 bytes data]
* TLSv1.2 (IN), TLS header, Supplemental data (23):
{ [5 bytes data]
* TLSv1.2 (IN), TLS header, Supplemental data (23):
{ [5 bytes data]
* TLSv1.2 (IN), TLS header, Supplemental data (23):
{ [5 bytes data]
* TLSv1.2 (IN), TLS header, Supplemental data (23):
{ [5 bytes data]
* TLSv1.2 (IN), TLS header, Supplemental data (23):
{ [5 bytes data]
* TLSv1.2 (IN), TLS header, Supplemental data (23):
{ [5 bytes data]
* TLSv1.2 (IN), TLS header, Supplemental data (23):
{ [5 bytes data]
* TLSv1.2 (IN), TLS header, Supplemental data (23):
{ [5 bytes data]
* TLSv1.2 (IN), TLS header, Supplemental data (23):
{ [5 bytes data]
* TLSv1.2 (IN), TLS header, Supplemental data (23):
{ [5 bytes data]
* TLSv1.2 (IN), TLS header, Supplemental data (23):
{ [5 bytes data]
* TLSv1.2 (IN), TLS header, Supplemental data (23):
{ [5 bytes data]
* TLSv1.2 (IN), TLS header, Supplemental data (23):
{ [5 bytes data]
* TLSv1.2 (IN), TLS header, Supplemental data (23):
{ [5 bytes data]
* TLSv1.2 (IN), TLS header, Supplemental data (23):
{ [5 bytes data]
* TLSv1.2 (IN), TLS header, Supplemental data (23):
{ [5 bytes data]
* TLSv1.2 (IN), TLS header, Supplemental data (23):
{ [5 bytes data]
* TLSv1.2 (IN), TLS header, Supplemental data (23):
{ [5 bytes data]
* TLSv1.2 (IN), TLS header, Supplemental data (23):
{ [5 bytes data]
* TLSv1.2 (IN), TLS header, Supplemental data (23):
{ [5 bytes data]
* TLSv1.2 (IN), TLS header, Supplemental data (23):
{ [5 bytes data]
* TLSv1.2 (IN), TLS header, Supplemental data (23):
{ [5 bytes data]
* TLSv1.2 (IN), TLS header, Supplemental data (23):
{ [5 bytes data]
* TLSv1.2 (IN), TLS header, Supplemental data (23):
{ [5 bytes data]
* TLSv1.2 (IN), TLS header, Supplemental data (23):
{ [5 bytes data]
* TLSv1.2 (IN), TLS header, Supplemental data (23):
{ [5 bytes data]
* TLSv1.2 (IN), TLS header, Supplemental data (23):
{ [5 bytes data]
* TLSv1.2 (IN), TLS header, Supplemental data (23):
{ [5 bytes data]
* TLSv1.2 (IN), TLS header, Supplemental data (23):
{ [5 bytes data]
* TLSv1.2 (IN), TLS header, Supplemental data (23):
{ [5 bytes data]
* TLSv1.2 (IN), TLS header, Supplemental data (23):
{ [5 bytes data]
* TLSv1.2 (IN), TLS header, Supplemental data (23):
{ [5 bytes data]
* TLSv1.2 (IN), TLS header, Supplemental data (23):
{ [5 bytes data]
* TLSv1.2 (IN), TLS header, Supplemental data (23):
{ [5 bytes data]
* TLSv1.2 (IN), TLS header, Supplemental data (23):
{ [5 bytes data]
* TLSv1.2 (IN), TLS header, Supplemental data (23):
{ [5 bytes data]
* Connection #1 to host drive.usercontent.google.com left intact
Remote file information:
  Status code: 200
getRemoteFile ended
File info: 01/ulysses01.epub|1EY7K_L97QT01W1p18d_EU-yKGd4J5_vT
File code: 1EY7K_L97QT01W1p18d_EU-yKGd4J5_vT
File name: 01/ulysses01.epub
Download: /usr/bin/curl -k --silent -C - -L --create-dirs --remote-time -o "/tmp/KoboCloud/Library/01/ulysses01.epub" "https://drive.google.com/uc?id=1EY7K_L97QT01W1p18d_EU-yKGd4J5_vT&export=download" -v
Status: 0
Output: 
*   Trying 142.250.75.238:443...
* Connected to drive.google.com (142.250.75.238) port 443 (#0)
* ALPN, offering h2
* ALPN, offering http/1.1
* TLSv1.0 (OUT), TLS header, Certificate Status (22):
} [5 bytes data]
* TLSv1.3 (OUT), TLS handshake, Client hello (1):
} [512 bytes data]
* TLSv1.2 (IN), TLS header, Certificate Status (22):
{ [5 bytes data]
* TLSv1.3 (IN), TLS handshake, Server hello (2):
{ [122 bytes data]
* TLSv1.2 (IN), TLS header, Finished (20):
{ [5 bytes data]
* TLSv1.2 (IN), TLS header, Supplemental data (23):
{ [5 bytes data]
* TLSv1.3 (IN), TLS handshake, Encrypted Extensions (8):
{ [15 bytes data]
* TLSv1.3 (IN), TLS handshake, Certificate (11):
{ [6298 bytes data]
* TLSv1.3 (IN), TLS handshake, CERT verify (15):
{ [79 bytes data]
* TLSv1.3 (IN), TLS handshake, Finished (20):
{ [52 bytes data]
* TLSv1.2 (OUT), TLS header, Finished (20):
} [5 bytes data]
* TLSv1.3 (OUT), TLS change cipher, Change cipher spec (1):
} [1 bytes data]
* TLSv1.2 (OUT), TLS header, Supplemental data (23):
} [5 bytes data]
* TLSv1.3 (OUT), TLS handshake, Finished (20):
} [52 bytes data]
* SSL connection using TLSv1.3 / TLS_AES_256_GCM_SHA384
* ALPN, server accepted to use h2
* Server certificate:
*  subject: CN=*.google.com
*  start date: Oct 21 08:36:57 2024 GMT
*  expire date: Jan 13 08:36:56 2025 GMT
*  issuer: C=US; O=Google Trust Services; CN=WR2
*  SSL certificate verify result: unable to get local issuer certificate (20), continuing anyway.
* Using HTTP2, server supports multiplexing
* Connection state changed (HTTP/2 confirmed)
* Copying HTTP/2 data in stream buffer to connection buffer after upgrade: len=0
* TLSv1.2 (OUT), TLS header, Supplemental data (23):
} [5 bytes data]
* TLSv1.2 (OUT), TLS header, Supplemental data (23):
} [5 bytes data]
* TLSv1.2 (OUT), TLS header, Supplemental data (23):
} [5 bytes data]
* Using Stream ID: 1 (easy handle 0x55e4a5398e90)
* TLSv1.2 (OUT), TLS header, Supplemental data (23):
} [5 bytes data]
> GET /uc?id=1EY7K_L97QT01W1p18d_EU-yKGd4J5_vT&export=download HTTP/2
> Host: drive.google.com
> user-agent: curl/7.81.0
> accept: */*
> 
* TLSv1.2 (IN), TLS header, Supplemental data (23):
{ [5 bytes data]
* TLSv1.3 (IN), TLS handshake, Newsession Ticket (4):
{ [282 bytes data]
* TLSv1.3 (IN), TLS handshake, Newsession Ticket (4):
{ [282 bytes data]
* old SSL session ID is stale, removing
* TLSv1.2 (IN), TLS header, Supplemental data (23):
{ [5 bytes data]
* TLSv1.2 (OUT), TLS header, Supplemental data (23):
} [5 bytes data]
* TLSv1.2 (IN), TLS header, Supplemental data (23):
{ [5 bytes data]
* TLSv1.2 (IN), TLS header, Supplemental data (23):
{ [5 bytes data]
< HTTP/2 303 
< content-type: application/binary
< cache-control: no-cache, no-store, max-age=0, must-revalidate
< pragma: no-cache
< expires: Mon, 01 Jan 1990 00:00:00 GMT
< date: Mon, 09 Dec 2024 21:25:58 GMT
< location: https://drive.usercontent.google.com/download?id=1EY7K_L97QT01W1p18d_EU-yKGd4J5_vT&export=download
< strict-transport-security: max-age=31536000
< accept-ch: Sec-CH-UA-Arch, Sec-CH-UA-Bitness, Sec-CH-UA-Full-Version, Sec-CH-UA-Full-Version-List, Sec-CH-UA-Model, Sec-CH-UA-WoW64, Sec-CH-UA-Form-Factors, Sec-CH-UA-Platform, Sec-CH-UA-Platform-Version
< content-security-policy: script-src 'nonce-mlSf2_2GMly_0WubpHRvrA' 'unsafe-inline';object-src 'none';base-uri 'self';report-uri /_/DriveUntrustedContentHttp/cspreport;worker-src 'self'
< content-security-policy: require-trusted-types-for 'script';report-uri /_/DriveUntrustedContentHttp/cspreport
< permissions-policy: ch-ua-arch=*, ch-ua-bitness=*, ch-ua-full-version=*, ch-ua-full-version-list=*, ch-ua-model=*, ch-ua-wow64=*, ch-ua-form-factors=*, ch-ua-platform=*, ch-ua-platform-version=*
< cross-origin-opener-policy: same-origin
< server: ESF
< content-length: 0
< x-xss-protection: 0
< x-frame-options: SAMEORIGIN
< x-content-type-options: nosniff
< alt-svc: h3=":443"; ma=2592000,h3-29=":443"; ma=2592000
< 
* TLSv1.2 (IN), TLS header, Supplemental data (23):
{ [5 bytes data]
* TLSv1.2 (IN), TLS header, Supplemental data (23):
{ [5 bytes data]
* TLSv1.2 (OUT), TLS header, Supplemental data (23):
} [5 bytes data]
* Connection #0 to host drive.google.com left intact
* Issue another request to this URL: 'https://drive.usercontent.google.com/download?id=1EY7K_L97QT01W1p18d_EU-yKGd4J5_vT&export=download'
*   Trying 142.250.179.65:443...
* Connected to drive.usercontent.google.com (142.250.179.65) port 443 (#1)
* ALPN, offering h2
* ALPN, offering http/1.1
* TLSv1.0 (OUT), TLS header, Certificate Status (22):
} [5 bytes data]
* TLSv1.3 (OUT), TLS handshake, Client hello (1):
} [512 bytes data]
* TLSv1.2 (IN), TLS header, Certificate Status (22):
{ [5 bytes data]
* TLSv1.3 (IN), TLS handshake, Server hello (2):
{ [122 bytes data]
* TLSv1.2 (IN), TLS header, Finished (20):
{ [5 bytes data]
* TLSv1.2 (IN), TLS header, Supplemental data (23):
{ [5 bytes data]
* TLSv1.3 (IN), TLS handshake, Encrypted Extensions (8):
{ [15 bytes data]
* TLSv1.3 (IN), TLS handshake, Certificate (11):
{ [4085 bytes data]
* TLSv1.3 (IN), TLS handshake, CERT verify (15):
{ [78 bytes data]
* TLSv1.3 (IN), TLS handshake, Finished (20):
{ [52 bytes data]
* TLSv1.2 (OUT), TLS header, Finished (20):
} [5 bytes data]
* TLSv1.3 (OUT), TLS change cipher, Change cipher spec (1):
} [1 bytes data]
* TLSv1.2 (OUT), TLS header, Supplemental data (23):
} [5 bytes data]
* TLSv1.3 (OUT), TLS handshake, Finished (20):
} [52 bytes data]
* SSL connection using TLSv1.3 / TLS_AES_256_GCM_SHA384
* ALPN, server accepted to use h2
* Server certificate:
*  subject: CN=*.usercontent.google.com
*  start date: Oct 21 08:38:28 2024 GMT
*  expire date: Jan 13 08:38:27 2025 GMT
*  issuer: C=US; O=Google Trust Services; CN=WR2
*  SSL certificate verify result: unable to get local issuer certificate (20), continuing anyway.
* Using HTTP2, server supports multiplexing
* Connection state changed (HTTP/2 confirmed)
* Copying HTTP/2 data in stream buffer to connection buffer after upgrade: len=0
* TLSv1.2 (OUT), TLS header, Supplemental data (23):
} [5 bytes data]
* TLSv1.2 (OUT), TLS header, Supplemental data (23):
} [5 bytes data]
* TLSv1.2 (OUT), TLS header, Supplemental data (23):
} [5 bytes data]
* Using Stream ID: 1 (easy handle 0x55e4a5398e90)
* TLSv1.2 (OUT), TLS header, Supplemental data (23):
} [5 bytes data]
> GET /download?id=1EY7K_L97QT01W1p18d_EU-yKGd4J5_vT&export=download HTTP/2
> Host: drive.usercontent.google.com
> user-agent: curl/7.81.0
> accept: */*
> 
* TLSv1.2 (IN), TLS header, Supplemental data (23):
{ [5 bytes data]
* TLSv1.3 (IN), TLS handshake, Newsession Ticket (4):
{ [282 bytes data]
* TLSv1.3 (IN), TLS handshake, Newsession Ticket (4):
{ [282 bytes data]
* old SSL session ID is stale, removing
* TLSv1.2 (IN), TLS header, Supplemental data (23):
{ [5 bytes data]
* TLSv1.2 (OUT), TLS header, Supplemental data (23):
} [5 bytes data]
* TLSv1.2 (IN), TLS header, Supplemental data (23):
{ [5 bytes data]
* TLSv1.2 (IN), TLS header, Supplemental data (23):
{ [5 bytes data]
* TLSv1.2 (IN), TLS header, Supplemental data (23):
{ [5 bytes data]
* TLSv1.2 (IN), TLS header, Supplemental data (23):
{ [5 bytes data]
< HTTP/2 200 
< content-type: application/octet-stream
< content-security-policy: sandbox
< content-security-policy: default-src 'none'
< content-security-policy: frame-ancestors 'none'
< x-content-security-policy: sandbox
< cross-origin-opener-policy: same-origin
< cross-origin-embedder-policy: require-corp
< cross-origin-resource-policy: same-site
< x-content-type-options: nosniff
< content-disposition: attachment; filename="ulysses01.epub"
< access-control-allow-origin: *
< access-control-allow-credentials: false
< access-control-allow-headers: Accept, Accept-Language, Authorization, Cache-Control, Content-Disposition, Content-Encoding, Content-Language, Content-Length, Content-MD5, Content-Range, Content-Type, Date, developer-token, financial-institution-id, X-Goog-Sn-Metadata, X-Goog-Sn-PatientId, GData-Version, google-cloud-resource-prefix, linked-customer-id, login-customer-id, x-goog-request-params, Host, If-Match, If-Modified-Since, If-None-Match, If-Unmodified-Since, Origin, OriginToken, Pragma, Range, request-id, Slug, Transfer-Encoding, hotrod-board-name, hotrod-chrome-cpu-model, hotrod-chrome-processors, Want-Digest, X-Ad-Manager-Impersonation, x-chrome-connected, X-ClientDetails, X-Client-Pctx, X-Client-Version, x-debug-settings-metadata, X-Firebase-Locale, X-Goog-Firebase-Installations-Auth, X-Firebase-Client, X-Firebase-Client-Log-Type, X-Firebase-GMPID, X-Firebase-Auth-Token, X-Firebase-AppCheck, X-Firebase-Token, X-Goog-Drive-Client-Version, X-Goog-Drive-Resource-Keys, X-GData-Client, X-GData-Key, X-GoogApps-Allowed-Domains, X-Goog-AdX-Buyer-Impersonation, X-Goog-Api-Client, X-Goog-Visibilities, X-Goog-AuthUser, X-Google-EOM, x-goog-ext-124712974-jspb, x-goog-ext-467253834-jspb, x-goog-ext-353267353-bin, x-goog-ext-353267353-jspb, x-goog-ext-251363160-jspb, x-goog-ext-259736195-jspb, x-goog-ext-477772811-jspb, x-goog-ext-359275022-bin, x-goog-ext-328800237-jspb, x-goog-ext-202735639-bin, x-goog-ext-223435598-bin, X-Goog-PageId, X-Goog-Encode-Response-If-Executable, X-Goog-Correlation-Id, X-Goog-Request-Info, X-Goog-Request-Reason, X-Goog-Request-Time, X-Goog-Experiments, x-goog-iam-authority-selector, x-goog-iam-authorization-token, X-Goog-Spatula, X-Goog-Travel-Bgr, X-Goog-Travel-Settings, X-Goog-Upload-Command, X-Goog-Upload-Content-Disposition, X-Goog-Upload-Content-Length, X-Goog-Upload-Content-Type, X-Goog-Upload-File-Name, X-Goog-Upload-Header-Content-Encoding, X-Goog-Upload-Header-Content-Length, X-Goog-Upload-Header-Content-Type, X-Goog-Upload-Header-Transfer-Encoding, X-Goog-Upload-Offset, X-Goog-Upload-Protocol, x-goog-user-project, X-Goog-Visitor-Id, X-Goog-FieldMask, X-Google-Project-Override, x-goog-maps-api-salt, x-goog-maps-api-signature, x-goog-maps-client-id, X-Goog-Api-Key, x-goog-spanner-database-role, X-HTTP-Method-Override, X-JavaScript-User-Agent, X-Pan-Versionid, X-Proxied-User-IP, X-Origin, X-Referer, X-Requested-With, X-Stadia-Client-Context, X-Upload-Content-Length, X-Upload-Content-Type, X-Use-Alt-Service, X-Use-HTTP-Status-Code-Override, X-Ios-Bundle-Identifier, X-Places-Ios-Sdk, X-Android-Package, X-Android-Cert, X-Places-Android-Sdk, X-Goog-Maps-Ios-Uuid, X-Goog-Maps-Android-Uuid, X-Ariane-Xsrf-Token, X-YouTube-Bootstrap-Logged-In, X-YouTube-VVT, X-YouTube-Page-CL, X-YouTube-Page-Timestamp, X-Compass-Routing-Destination, x-framework-xsrf-token, X-Goog-Meeting-ABR, X-Goog-Meeting-Botguardid, X-Goog-Meeting-Bot-Info, X-Goog-Meeting-ClientInfo, X-Goog-Meeting-ClientVersion, X-Goog-Meeting-Debugid, X-Goog-Meeting-Identifier, X-Goog-Meeting-Interop-Cohorts, X-Goog-Meeting-Interop-Type, X-Goog-Meeting-OidcIdToken, X-Goog-Meeting-RtcClient, X-Goog-Meeting-StartSource, X-Goog-Meeting-Token, X-Goog-Meeting-Viewer-Token, X-Client-Data, x-sdm-id-token, X-Sfdc-Authorization, MIME-Version, Content-Transfer-Encoding, X-Earth-Engine-App-ID-Token, X-Earth-Engine-Computation-Profile, X-Earth-Engine-Computation-Profiling, X-Play-Console-Experiments-Override, X-Play-Console-Session-Id, x-alkali-account-key, x-alkali-application-key, x-alkali-auth-apps-namespace, x-alkali-auth-entities-namespace, x-alkali-auth-entity, x-alkali-client-locale, EES-S7E-MODE, cast-device-capabilities, X-Server-Timeout, x-foyer-client-environment, x-goog-greenenergyuserappservice-metadata, x-goog-sherlog-context, X-Server-Token, x-rfui-request-context, x-goog-nest-jwt, X-Cloud-Trace-Context, traceparent, x-goog-chat-space-id, x-goog-pan-request-context, X-AppInt-Credentials
< access-control-allow-methods: GET,HEAD,OPTIONS
< accept-ranges: bytes
< content-length: 1371218
< last-modified: Sat, 22 Jan 2022 14:35:05 GMT
< x-guploader-uploadid: AFiumC7miQunFMqfRO71YFFTtJ_1Z9pVHbXgrtt8YqSBM7-TPtEkAhzac4cYLB8w70AL8xFNCvUS2rmSKg
< date: Mon, 09 Dec 2024 21:26:01 GMT
< expires: Mon, 09 Dec 2024 21:26:01 GMT
< cache-control: private, max-age=0
< x-goog-hash: crc32c=jhE2Fw==
< server: UploadServer
< alt-svc: h3=":443"; ma=2592000,h3-29=":443"; ma=2592000
< 
* TLSv1.2 (IN), TLS header, Supplemental data (23):
{ [5 bytes data]
* TLSv1.2 (IN), TLS header, Supplemental data (23):
{ [5 bytes data]
* TLSv1.2 (IN), TLS header, Supplemental data (23):
{ [5 bytes data]
* TLSv1.2 (IN), TLS header, Supplemental data (23):
{ [5 bytes data]
* TLSv1.2 (IN), TLS header, Supplemental data (23):
{ [5 bytes data]
* TLSv1.2 (IN), TLS header, Supplemental data (23):
{ [5 bytes data]
* TLSv1.2 (IN), TLS header, Supplemental data (23):
{ [5 bytes data]
* TLSv1.2 (IN), TLS header, Supplemental data (23):
{ [5 bytes data]
* TLSv1.2 (IN), TLS header, Supplemental data (23):
{ [5 bytes data]
* TLSv1.2 (IN), TLS header, Supplemental data (23):
{ [5 bytes data]
* TLSv1.2 (IN), TLS header, Supplemental data (23):
{ [5 bytes data]
* TLSv1.2 (IN), TLS header, Supplemental data (23):
{ [5 bytes data]
* TLSv1.2 (IN), TLS header, Supplemental data (23):
{ [5 bytes data]
* TLSv1.2 (IN), TLS header, Supplemental data (23):
{ [5 bytes data]
* TLSv1.2 (IN), TLS header, Supplemental data (23):
{ [5 bytes data]
* TLSv1.2 (IN), TLS header, Supplemental data (23):
{ [5 bytes data]
* TLSv1.2 (IN), TLS header, Supplemental data (23):
{ [5 bytes data]
* TLSv1.2 (IN), TLS header, Supplemental data (23):
{ [5 bytes data]
* TLSv1.2 (IN), TLS header, Supplemental data (23):
{ [5 bytes data]
* TLSv1.2 (IN), TLS header, Supplemental data (23):
{ [5 bytes data]
* TLSv1.2 (IN), TLS header, Supplemental data (23):
{ [5 bytes data]
* TLSv1.2 (IN), TLS header, Supplemental data (23):
{ [5 bytes data]
* TLSv1.2 (IN), TLS header, Supplemental data (23):
{ [5 bytes data]
* TLSv1.2 (IN), TLS header, Supplemental data (23):
{ [5 bytes data]
* TLSv1.2 (IN), TLS header, Supplemental data (23):
{ [5 bytes data]
* TLSv1.2 (IN), TLS header, Supplemental data (23):
{ [5 bytes data]
* TLSv1.2 (IN), TLS header, Supplemental data (23):
{ [5 bytes data]
* TLSv1.2 (IN), TLS header, Supplemental data (23):
{ [5 bytes data]
* TLSv1.2 (IN), TLS header, Supplemental data (23):
{ [5 bytes data]
* TLSv1.2 (IN), TLS header, Supplemental data (23):
{ [5 bytes data]
* TLSv1.2 (IN), TLS header, Supplemental data (23):
{ [5 bytes data]
* TLSv1.2 (IN), TLS header, Supplemental data (23):
{ [5 bytes data]
* TLSv1.2 (IN), TLS header, Supplemental data (23):
{ [5 bytes data]
* TLSv1.2 (IN), TLS header, Supplemental data (23):
{ [5 bytes data]
* TLSv1.2 (IN), TLS header, Supplemental data (23):
{ [5 bytes data]
* TLSv1.2 (IN), TLS header, Supplemental data (23):
{ [5 bytes data]
* TLSv1.2 (IN), TLS header, Supplemental data (23):
{ [5 bytes data]
* TLSv1.2 (IN), TLS header, Supplemental data (23):
{ [5 bytes data]
* TLSv1.2 (IN), TLS header, Supplemental data (23):
{ [5 bytes data]
* TLSv1.2 (IN), TLS header, Supplemental data (23):
{ [5 bytes data]
* TLSv1.2 (IN), TLS header, Supplemental data (23):
{ [5 bytes data]
* TLSv1.2 (IN), TLS header, Supplemental data (23):
{ [5 bytes data]
* TLSv1.2 (IN), TLS header, Supplemental data (23):
{ [5 bytes data]
* TLSv1.2 (IN), TLS header, Supplemental data (23):
{ [5 bytes data]
* TLSv1.2 (IN), TLS header, Supplemental data (23):
{ [5 bytes data]
* TLSv1.2 (IN), TLS header, Supplemental data (23):
{ [5 bytes data]
* TLSv1.2 (IN), TLS header, Supplemental data (23):
{ [5 bytes data]
* TLSv1.2 (IN), TLS header, Supplemental data (23):
{ [5 bytes data]
* TLSv1.2 (IN), TLS header, Supplemental data (23):
{ [5 bytes data]
* TLSv1.2 (IN), TLS header, Supplemental data (23):
{ [5 bytes data]
* TLSv1.2 (IN), TLS header, Supplemental data (23):
{ [5 bytes data]
* TLSv1.2 (IN), TLS header, Supplemental data (23):
{ [5 bytes data]
* TLSv1.2 (IN), TLS header, Supplemental data (23):
{ [5 bytes data]
* TLSv1.2 (IN), TLS header, Supplemental data (23):
{ [5 bytes data]
* TLSv1.2 (IN), TLS header, Supplemental data (23):
{ [5 bytes data]
* TLSv1.2 (IN), TLS header, Supplemental data (23):
{ [5 bytes data]
* TLSv1.2 (IN), TLS header, Supplemental data (23):
{ [5 bytes data]
* TLSv1.2 (IN), TLS header, Supplemental data (23):
{ [5 bytes data]
* TLSv1.2 (IN), TLS header, Supplemental data (23):
{ [5 bytes data]
* TLSv1.2 (IN), TLS header, Supplemental data (23):
{ [5 bytes data]
* TLSv1.2 (IN), TLS header, Supplemental data (23):
{ [5 bytes data]
* TLSv1.2 (IN), TLS header, Supplemental data (23):
{ [5 bytes data]
* TLSv1.2 (IN), TLS header, Supplemental data (23):
{ [5 bytes data]
* TLSv1.2 (IN), TLS header, Supplemental data (23):
{ [5 bytes data]
* TLSv1.2 (IN), TLS header, Supplemental data (23):
{ [5 bytes data]
* TLSv1.2 (IN), TLS header, Supplemental data (23):
{ [5 bytes data]
* TLSv1.2 (IN), TLS header, Supplemental data (23):
{ [5 bytes data]
* TLSv1.2 (IN), TLS header, Supplemental data (23):
{ [5 bytes data]
* TLSv1.2 (IN), TLS header, Supplemental data (23):
{ [5 bytes data]
* TLSv1.2 (IN), TLS header, Supplemental data (23):
{ [5 bytes data]
* TLSv1.2 (IN), TLS header, Supplemental data (23):
{ [5 bytes data]
* TLSv1.2 (IN), TLS header, Supplemental data (23):
{ [5 bytes data]
* TLSv1.2 (IN), TLS header, Supplemental data (23):
{ [5 bytes data]
* TLSv1.2 (IN), TLS header, Supplemental data (23):
{ [5 bytes data]
* TLSv1.2 (IN), TLS header, Supplemental data (23):
{ [5 bytes data]
* TLSv1.2 (IN), TLS header, Supplemental data (23):
{ [5 bytes data]
* TLSv1.2 (IN), TLS header, Supplemental data (23):
{ [5 bytes data]
* TLSv1.2 (IN), TLS header, Supplemental data (23):
{ [5 bytes data]
* TLSv1.2 (IN), TLS header, Supplemental data (23):
{ [5 bytes data]
* TLSv1.2 (IN), TLS header, Supplemental data (23):
{ [5 bytes data]
* TLSv1.2 (IN), TLS header, Supplemental data (23):
{ [5 bytes data]
* TLSv1.2 (IN), TLS header, Supplemental data (23):
{ [5 bytes data]
* TLSv1.2 (IN), TLS header, Supplemental data (23):
{ [5 bytes data]
* TLSv1.2 (IN), TLS header, Supplemental data (23):
{ [5 bytes data]
* TLSv1.2 (IN), TLS header, Supplemental data (23):
{ [5 bytes data]
* TLSv1.2 (IN), TLS header, Supplemental data (23):
{ [5 bytes data]
* TLSv1.2 (IN), TLS header, Supplemental data (23):
{ [5 bytes data]
* TLSv1.2 (IN), TLS header, Supplemental data (23):
{ [5 bytes data]
* TLSv1.2 (IN), TLS header, Supplemental data (23):
{ [5 bytes data]
* TLSv1.2 (IN), TLS header, Supplemental data (23):
{ [5 bytes data]
* TLSv1.2 (IN), TLS header, Supplemental data (23):
{ [5 bytes data]
* TLSv1.2 (IN), TLS header, Supplemental data (23):
{ [5 bytes data]
* TLSv1.2 (IN), TLS header, Supplemental data (23):
{ [5 bytes data]
* TLSv1.2 (IN), TLS header, Supplemental data (23):
{ [5 bytes data]
* TLSv1.2 (IN), TLS header, Supplemental data (23):
{ [5 bytes data]
* TLSv1.2 (IN), TLS header, Supplemental data (23):
{ [5 bytes data]
* TLSv1.2 (IN), TLS header, Supplemental data (23):
{ [5 bytes data]
* TLSv1.2 (IN), TLS header, Supplemental data (23):
{ [5 bytes data]
* TLSv1.2 (IN), TLS header, Supplemental data (23):
{ [5 bytes data]
* TLSv1.2 (IN), TLS header, Supplemental data (23):
{ [5 bytes data]
* TLSv1.2 (IN), TLS header, Supplemental data (23):
{ [5 bytes data]
* TLSv1.2 (IN), TLS header, Supplemental data (23):
{ [5 bytes data]
* TLSv1.2 (IN), TLS header, Supplemental data (23):
{ [5 bytes data]
* TLSv1.2 (IN), TLS header, Supplemental data (23):
{ [5 bytes data]
* TLSv1.2 (IN), TLS header, Supplemental data (23):
{ [5 bytes data]
* TLSv1.2 (IN), TLS header, Supplemental data (23):
{ [5 bytes data]
* TLSv1.2 (IN), TLS header, Supplemental data (23):
{ [5 bytes data]
* TLSv1.2 (IN), TLS header, Supplemental data (23):
{ [5 bytes data]
* TLSv1.2 (IN), TLS header, Supplemental data (23):
{ [5 bytes data]
* TLSv1.2 (IN), TLS header, Supplemental data (23):
{ [5 bytes data]
* TLSv1.2 (IN), TLS header, Supplemental data (23):
{ [5 bytes data]
* TLSv1.2 (IN), TLS header, Supplemental data (23):
{ [5 bytes data]
* TLSv1.2 (IN), TLS header, Supplemental data (23):
{ [5 bytes data]
* TLSv1.2 (IN), TLS header, Supplemental data (23):
{ [5 bytes data]
* TLSv1.2 (IN), TLS header, Supplemental data (23):
{ [5 bytes data]
* TLSv1.2 (IN), TLS header, Supplemental data (23):
{ [5 bytes data]
* TLSv1.2 (IN), TLS header, Supplemental data (23):
{ [5 bytes data]
* TLSv1.2 (IN), TLS header, Supplemental data (23):
{ [5 bytes data]
* TLSv1.2 (IN), TLS header, Supplemental data (23):
{ [5 bytes data]
* TLSv1.2 (IN), TLS header, Supplemental data (23):
{ [5 bytes data]
* TLSv1.2 (IN), TLS header, Supplemental data (23):
{ [5 bytes data]
* TLSv1.2 (IN), TLS header, Supplemental data (23):
{ [5 bytes data]
* TLSv1.2 (IN), TLS header, Supplemental data (23):
{ [5 bytes data]
* TLSv1.2 (IN), TLS header, Supplemental data (23):
{ [5 bytes data]
* TLSv1.2 (IN), TLS header, Supplemental data (23):
{ [5 bytes data]
* TLSv1.2 (IN), TLS header, Supplemental data (23):
{ [5 bytes data]
* TLSv1.2 (IN), TLS header, Supplemental data (23):
{ [5 bytes data]
* TLSv1.2 (IN), TLS header, Supplemental data (23):
{ [5 bytes data]
* TLSv1.2 (IN), TLS header, Supplemental data (23):
{ [5 bytes data]
* TLSv1.2 (IN), TLS header, Supplemental data (23):
{ [5 bytes data]
* TLSv1.2 (IN), TLS header, Supplemental data (23):
{ [5 bytes data]
* TLSv1.2 (IN), TLS header, Supplemental data (23):
{ [5 bytes data]
* TLSv1.2 (IN), TLS header, Supplemental data (23):
{ [5 bytes data]
* TLSv1.2 (IN), TLS header, Supplemental data (23):
{ [5 bytes data]
* TLSv1.2 (IN), TLS header, Supplemental data (23):
{ [5 bytes data]
* TLSv1.2 (IN), TLS header, Supplemental data (23):
{ [5 bytes data]
* TLSv1.2 (IN), TLS header, Supplemental data (23):
{ [5 bytes data]
* TLSv1.2 (IN), TLS header, Supplemental data (23):
{ [5 bytes data]
* TLSv1.2 (IN), TLS header, Supplemental data (23):
{ [5 bytes data]
* TLSv1.2 (IN), TLS header, Supplemental data (23):
{ [5 bytes data]
* TLSv1.2 (IN), TLS header, Supplemental data (23):
{ [5 bytes data]
* TLSv1.2 (IN), TLS header, Supplemental data (23):
{ [5 bytes data]
* TLSv1.2 (IN), TLS header, Supplemental data (23):
{ [5 bytes data]
* TLSv1.2 (IN), TLS header, Supplemental data (23):
{ [5 bytes data]
* TLSv1.2 (IN), TLS header, Supplemental data (23):
{ [5 bytes data]
* TLSv1.2 (IN), TLS header, Supplemental data (23):
{ [5 bytes data]
* TLSv1.2 (IN), TLS header, Supplemental data (23):
{ [5 bytes data]
* TLSv1.2 (IN), TLS header, Supplemental data (23):
{ [5 bytes data]
* TLSv1.2 (IN), TLS header, Supplemental data (23):
{ [5 bytes data]
* TLSv1.2 (IN), TLS header, Supplemental data (23):
{ [5 bytes data]
* TLSv1.2 (IN), TLS header, Supplemental data (23):
{ [5 bytes data]
* TLSv1.2 (IN), TLS header, Supplemental data (23):
{ [5 bytes data]
* TLSv1.2 (IN), TLS header, Supplemental data (23):
{ [5 bytes data]
* TLSv1.2 (IN), TLS header, Supplemental data (23):
{ [5 bytes data]
* TLSv1.2 (IN), TLS header, Supplemental data (23):
{ [5 bytes data]
* TLSv1.2 (IN), TLS header, Supplemental data (23):
{ [5 bytes data]
* TLSv1.2 (IN), TLS header, Supplemental data (23):
{ [5 bytes data]
* TLSv1.2 (IN), TLS header, Supplemental data (23):
{ [5 bytes data]
* TLSv1.2 (IN), TLS header, Supplemental data (23):
{ [5 bytes data]
* TLSv1.2 (IN), TLS header, Supplemental data (23):
{ [5 bytes data]
* TLSv1.2 (IN), TLS header, Supplemental data (23):
{ [5 bytes data]
* TLSv1.2 (IN), TLS header, Supplemental data (23):
{ [5 bytes data]
* TLSv1.2 (IN), TLS header, Supplemental data (23):
{ [5 bytes data]
* TLSv1.2 (IN), TLS header, Supplemental data (23):
{ [5 bytes data]
* TLSv1.2 (IN), TLS header, Supplemental data (23):
{ [5 bytes data]
* TLSv1.2 (IN), TLS header, Supplemental data (23):
{ [5 bytes data]
* TLSv1.2 (IN), TLS header, Supplemental data (23):
{ [5 bytes data]
* TLSv1.2 (IN), TLS header, Supplemental data (23):
{ [5 bytes data]
* TLSv1.2 (IN), TLS header, Supplemental data (23):
{ [5 bytes data]
* TLSv1.2 (IN), TLS header, Supplemental data (23):
{ [5 bytes data]
* TLSv1.2 (IN), TLS header, Supplemental data (23):
{ [5 bytes data]
* TLSv1.2 (IN), TLS header, Supplemental data (23):
{ [5 bytes data]
* TLSv1.2 (IN), TLS header, Supplemental data (23):
{ [5 bytes data]
* TLSv1.2 (IN), TLS header, Supplemental data (23):
{ [5 bytes data]
* TLSv1.2 (IN), TLS header, Supplemental data (23):
{ [5 bytes data]
* TLSv1.2 (IN), TLS header, Supplemental data (23):
{ [5 bytes data]
* TLSv1.2 (IN), TLS header, Supplemental data (23):
{ [5 bytes data]
* TLSv1.2 (IN), TLS header, Supplemental data (23):
{ [5 bytes data]
* TLSv1.2 (IN), TLS header, Supplemental data (23):
{ [5 bytes data]
* TLSv1.2 (IN), TLS header, Supplemental data (23):
{ [5 bytes data]
* TLSv1.2 (IN), TLS header, Supplemental data (23):
{ [5 bytes data]
* TLSv1.2 (IN), TLS header, Supplemental data (23):
{ [5 bytes data]
* TLSv1.2 (IN), TLS header, Supplemental data (23):
{ [5 bytes data]
* TLSv1.2 (IN), TLS header, Supplemental data (23):
{ [5 bytes data]
* TLSv1.2 (IN), TLS header, Supplemental data (23):
{ [5 bytes data]
* TLSv1.2 (IN), TLS header, Supplemental data (23):
{ [5 bytes data]
* TLSv1.2 (IN), TLS header, Supplemental data (23):
{ [5 bytes data]
* TLSv1.2 (IN), TLS header, Supplemental data (23):
{ [5 bytes data]
* TLSv1.2 (IN), TLS header, Supplemental data (23):
{ [5 bytes data]
* TLSv1.2 (IN), TLS header, Supplemental data (23):
{ [5 bytes data]
* TLSv1.2 (IN), TLS header, Supplemental data (23):
{ [5 bytes data]
* TLSv1.2 (IN), TLS header, Supplemental data (23):
{ [5 bytes data]
* TLSv1.2 (IN), TLS header, Supplemental data (23):
{ [5 bytes data]
* TLSv1.2 (IN), TLS header, Supplemental data (23):
{ [5 bytes data]
* TLSv1.2 (IN), TLS header, Supplemental data (23):
{ [5 bytes data]
* TLSv1.2 (IN), TLS header, Supplemental data (23):
{ [5 bytes data]
* TLSv1.2 (IN), TLS header, Supplemental data (23):
{ [5 bytes data]
* TLSv1.2 (IN), TLS header, Supplemental data (23):
{ [5 bytes data]
* TLSv1.2 (IN), TLS header, Supplemental data (23):
{ [5 bytes data]
* TLSv1.2 (IN), TLS header, Supplemental data (23):
{ [5 bytes data]
* TLSv1.2 (IN), TLS header, Supplemental data (23):
{ [5 bytes data]
* TLSv1.2 (IN), TLS header, Supplemental data (23):
{ [5 bytes data]
* TLSv1.2 (IN), TLS header, Supplemental data (23):
{ [5 bytes data]
* TLSv1.2 (IN), TLS header, Supplemental data (23):
{ [5 bytes data]
* TLSv1.2 (IN), TLS header, Supplemental data (23):
{ [5 bytes data]
* TLSv1.2 (IN), TLS header, Supplemental data (23):
{ [5 bytes data]
* TLSv1.2 (IN), TLS header, Supplemental data (23):
{ [5 bytes data]
* TLSv1.2 (IN), TLS header, Supplemental data (23):
{ [5 bytes data]
* TLSv1.2 (IN), TLS header, Supplemental data (23):
{ [5 bytes data]
* TLSv1.2 (IN), TLS header, Supplemental data (23):
{ [5 bytes data]
* TLSv1.2 (IN), TLS header, Supplemental data (23):
{ [5 bytes data]
* TLSv1.2 (IN), TLS header, Supplemental data (23):
{ [5 bytes data]
* TLSv1.2 (IN), TLS header, Supplemental data (23):
{ [5 bytes data]
* TLSv1.2 (IN), TLS header, Supplemental data (23):
{ [5 bytes data]
* TLSv1.2 (IN), TLS header, Supplemental data (23):
{ [5 bytes data]
* TLSv1.2 (IN), TLS header, Supplemental data (23):
{ [5 bytes data]
* TLSv1.2 (IN), TLS header, Supplemental data (23):
{ [5 bytes data]
* TLSv1.2 (IN), TLS header, Supplemental data (23):
{ [5 bytes data]
* TLSv1.2 (IN), TLS header, Supplemental data (23):
{ [5 bytes data]
* TLSv1.2 (IN), TLS header, Supplemental data (23):
{ [5 bytes data]
* TLSv1.2 (IN), TLS header, Supplemental data (23):
{ [5 bytes data]
* TLSv1.2 (IN), TLS header, Supplemental data (23):
{ [5 bytes data]
* TLSv1.2 (IN), TLS header, Supplemental data (23):
{ [5 bytes data]
* TLSv1.2 (IN), TLS header, Supplemental data (23):
{ [5 bytes data]
* TLSv1.2 (IN), TLS header, Supplemental data (23):
{ [5 bytes data]
* TLSv1.2 (IN), TLS header, Supplemental data (23):
{ [5 bytes data]
* TLSv1.2 (IN), TLS header, Supplemental data (23):
{ [5 bytes data]
* TLSv1.2 (IN), TLS header, Supplemental data (23):
{ [5 bytes data]
* TLSv1.2 (IN), TLS header, Supplemental data (23):
{ [5 bytes data]
* TLSv1.2 (IN), TLS header, Supplemental data (23):
{ [5 bytes data]
* TLSv1.2 (IN), TLS header, Supplemental data (23):
{ [5 bytes data]
* TLSv1.2 (IN), TLS header, Supplemental data (23):
{ [5 bytes data]
* TLSv1.2 (IN), TLS header, Supplemental data (23):
{ [5 bytes data]
* TLSv1.2 (IN), TLS header, Supplemental data (23):
{ [5 bytes data]
* TLSv1.2 (IN), TLS header, Supplemental data (23):
{ [5 bytes data]
* TLSv1.2 (IN), TLS header, Supplemental data (23):
{ [5 bytes data]
* TLSv1.2 (IN), TLS header, Supplemental data (23):
{ [5 bytes data]
* TLSv1.2 (IN), TLS header, Supplemental data (23):
{ [5 bytes data]
* TLSv1.2 (IN), TLS header, Supplemental data (23):
{ [5 bytes data]
* TLSv1.2 (IN), TLS header, Supplemental data (23):
{ [5 bytes data]
* TLSv1.2 (IN), TLS header, Supplemental data (23):
{ [5 bytes data]
* TLSv1.2 (IN), TLS header, Supplemental data (23):
{ [5 bytes data]
* TLSv1.2 (IN), TLS header, Supplemental data (23):
{ [5 bytes data]
* TLSv1.2 (IN), TLS header, Supplemental data (23):
{ [5 bytes data]
* TLSv1.2 (IN), TLS header, Supplemental data (23):
{ [5 bytes data]
* TLSv1.2 (IN), TLS header, Supplemental data (23):
{ [5 bytes data]
* TLSv1.2 (IN), TLS header, Supplemental data (23):
{ [5 bytes data]
* TLSv1.2 (IN), TLS header, Supplemental data (23):
{ [5 bytes data]
* TLSv1.2 (IN), TLS header, Supplemental data (23):
{ [5 bytes data]
* TLSv1.2 (IN), TLS header, Supplemental data (23):
{ [5 bytes data]
* TLSv1.2 (IN), TLS header, Supplemental data (23):
{ [5 bytes data]
* TLSv1.2 (IN), TLS header, Supplemental data (23):
{ [5 bytes data]
* TLSv1.2 (IN), TLS header, Supplemental data (23):
{ [5 bytes data]
* TLSv1.2 (IN), TLS header, Supplemental data (23):
{ [5 bytes data]
* TLSv1.2 (IN), TLS header, Supplemental data (23):
{ [5 bytes data]
* TLSv1.2 (IN), TLS header, Supplemental data (23):
{ [5 bytes data]
* TLSv1.2 (IN), TLS header, Supplemental data (23):
{ [5 bytes data]
* TLSv1.2 (IN), TLS header, Supplemental data (23):
{ [5 bytes data]
* TLSv1.2 (IN), TLS header, Supplemental data (23):
{ [5 bytes data]
* TLSv1.2 (IN), TLS header, Supplemental data (23):
{ [5 bytes data]
* TLSv1.2 (IN), TLS header, Supplemental data (23):
{ [5 bytes data]
* TLSv1.2 (IN), TLS header, Supplemental data (23):
{ [5 bytes data]
* TLSv1.2 (IN), TLS header, Supplemental data (23):
{ [5 bytes data]
* TLSv1.2 (IN), TLS header, Supplemental data (23):
{ [5 bytes data]
* TLSv1.2 (IN), TLS header, Supplemental data (23):
{ [5 bytes data]
* TLSv1.2 (IN), TLS header, Supplemental data (23):
{ [5 bytes data]
* TLSv1.2 (IN), TLS header, Supplemental data (23):
{ [5 bytes data]
* TLSv1.2 (IN), TLS header, Supplemental data (23):
{ [5 bytes data]
* TLSv1.2 (IN), TLS header, Supplemental data (23):
{ [5 bytes data]
* TLSv1.2 (IN), TLS header, Supplemental data (23):
{ [5 bytes data]
* TLSv1.2 (IN), TLS header, Supplemental data (23):
{ [5 bytes data]
* TLSv1.2 (IN), TLS header, Supplemental data (23):
{ [5 bytes data]
* TLSv1.2 (IN), TLS header, Supplemental data (23):
{ [5 bytes data]
* TLSv1.2 (IN), TLS header, Supplemental data (23):
{ [5 bytes data]
* TLSv1.2 (IN), TLS header, Supplemental data (23):
{ [5 bytes data]
* TLSv1.2 (IN), TLS header, Supplemental data (23):
{ [5 bytes data]
* TLSv1.2 (IN), TLS header, Supplemental data (23):
{ [5 bytes data]
* TLSv1.2 (IN), TLS header, Supplemental data (23):
{ [5 bytes data]
* TLSv1.2 (IN), TLS header, Supplemental data (23):
{ [5 bytes data]
* TLSv1.2 (IN), TLS header, Supplemental data (23):
{ [5 bytes data]
* TLSv1.2 (IN), TLS header, Supplemental data (23):
{ [5 bytes data]
* TLSv1.2 (IN), TLS header, Supplemental data (23):
{ [5 bytes data]
* TLSv1.2 (IN), TLS header, Supplemental data (23):
{ [5 bytes data]
* TLSv1.2 (IN), TLS header, Supplemental data (23):
{ [5 bytes data]
* TLSv1.2 (IN), TLS header, Supplemental data (23):
{ [5 bytes data]
* TLSv1.2 (IN), TLS header, Supplemental data (23):
{ [5 bytes data]
* TLSv1.2 (IN), TLS header, Supplemental data (23):
{ [5 bytes data]
* TLSv1.2 (IN), TLS header, Supplemental data (23):
{ [5 bytes data]
* TLSv1.2 (IN), TLS header, Supplemental data (23):
{ [5 bytes data]
* TLSv1.2 (IN), TLS header, Supplemental data (23):
{ [5 bytes data]
* TLSv1.2 (IN), TLS header, Supplemental data (23):
{ [5 bytes data]
* TLSv1.2 (IN), TLS header, Supplemental data (23):
{ [5 bytes data]
* TLSv1.2 (IN), TLS header, Supplemental data (23):
{ [5 bytes data]
* TLSv1.2 (IN), TLS header, Supplemental data (23):
{ [5 bytes data]
* TLSv1.2 (IN), TLS header, Supplemental data (23):
{ [5 bytes data]
* TLSv1.2 (IN), TLS header, Supplemental data (23):
{ [5 bytes data]
* TLSv1.2 (IN), TLS header, Supplemental data (23):
{ [5 bytes data]
* TLSv1.2 (IN), TLS header, Supplemental data (23):
{ [5 bytes data]
* TLSv1.2 (IN), TLS header, Supplemental data (23):
{ [5 bytes data]
* TLSv1.2 (IN), TLS header, Supplemental data (23):
{ [5 bytes data]
* TLSv1.2 (IN), TLS header, Supplemental data (23):
{ [5 bytes data]
* TLSv1.2 (IN), TLS header, Supplemental data (23):
{ [5 bytes data]
* TLSv1.2 (IN), TLS header, Supplemental data (23):
{ [5 bytes data]
* TLSv1.2 (IN), TLS header, Supplemental data (23):
{ [5 bytes data]
* TLSv1.2 (IN), TLS header, Supplemental data (23):
{ [5 bytes data]
* TLSv1.2 (IN), TLS header, Supplemental data (23):
{ [5 bytes data]
* TLSv1.2 (IN), TLS header, Supplemental data (23):
{ [5 bytes data]
* TLSv1.2 (IN), TLS header, Supplemental data (23):
{ [5 bytes data]
* TLSv1.2 (IN), TLS header, Supplemental data (23):
{ [5 bytes data]
* TLSv1.2 (IN), TLS header, Supplemental data (23):
{ [5 bytes data]
* TLSv1.2 (IN), TLS header, Supplemental data (23):
{ [5 bytes data]
* TLSv1.2 (IN), TLS header, Supplemental data (23):
{ [5 bytes data]
* TLSv1.2 (IN), TLS header, Supplemental data (23):
{ [5 bytes data]
* TLSv1.2 (IN), TLS header, Supplemental data (23):
{ [5 bytes data]
* TLSv1.2 (IN), TLS header, Supplemental data (23):
{ [5 bytes data]
* TLSv1.2 (IN), TLS header, Supplemental data (23):
{ [5 bytes data]
* TLSv1.2 (IN), TLS header, Supplemental data (23):
{ [5 bytes data]
* TLSv1.2 (IN), TLS header, Supplemental data (23):
{ [5 bytes data]
* TLSv1.2 (IN), TLS header, Supplemental data (23):
{ [5 bytes data]
* TLSv1.2 (IN), TLS header, Supplemental data (23):
{ [5 bytes data]
* TLSv1.2 (IN), TLS header, Supplemental data (23):
{ [5 bytes data]
* TLSv1.2 (IN), TLS header, Supplemental data (23):
{ [5 bytes data]
* TLSv1.2 (IN), TLS header, Supplemental data (23):
{ [5 bytes data]
* TLSv1.2 (IN), TLS header, Supplemental data (23):
{ [5 bytes data]
* TLSv1.2 (IN), TLS header, Supplemental data (23):
{ [5 bytes data]
* TLSv1.2 (IN), TLS header, Supplemental data (23):
{ [5 bytes data]
* TLSv1.2 (IN), TLS header, Supplemental data (23):
{ [5 bytes data]
* TLSv1.2 (IN), TLS header, Supplemental data (23):
{ [5 bytes data]
* TLSv1.2 (IN), TLS header, Supplemental data (23):
{ [5 bytes data]
* TLSv1.2 (IN), TLS header, Supplemental data (23):
{ [5 bytes data]
* TLSv1.2 (IN), TLS header, Supplemental data (23):
{ [5 bytes data]
* TLSv1.2 (IN), TLS header, Supplemental data (23):
{ [5 bytes data]
* TLSv1.2 (IN), TLS header, Supplemental data (23):
{ [5 bytes data]
* TLSv1.2 (IN), TLS header, Supplemental data (23):
{ [5 bytes data]
* TLSv1.2 (IN), TLS header, Supplemental data (23):
{ [5 bytes data]
* TLSv1.2 (IN), TLS header, Supplemental data (23):
{ [5 bytes data]
* TLSv1.2 (IN), TLS header, Supplemental data (23):
{ [5 bytes data]
* TLSv1.2 (IN), TLS header, Supplemental data (23):
{ [5 bytes data]
* TLSv1.2 (IN), TLS header, Supplemental data (23):
{ [5 bytes data]
* TLSv1.2 (IN), TLS header, Supplemental data (23):
{ [5 bytes data]
* TLSv1.2 (IN), TLS header, Supplemental data (23):
{ [5 bytes data]
* TLSv1.2 (IN), TLS header, Supplemental data (23):
{ [5 bytes data]
* TLSv1.2 (IN), TLS header, Supplemental data (23):
{ [5 bytes data]
* TLSv1.2 (IN), TLS header, Supplemental data (23):
{ [5 bytes data]
* TLSv1.2 (IN), TLS header, Supplemental data (23):
{ [5 bytes data]
* TLSv1.2 (IN), TLS header, Supplemental data (23):
{ [5 bytes data]
* TLSv1.2 (IN), TLS header, Supplemental data (23):
{ [5 bytes data]
* TLSv1.2 (IN), TLS header, Supplemental data (23):
{ [5 bytes data]
* TLSv1.2 (IN), TLS header, Supplemental data (23):
{ [5 bytes data]
* TLSv1.2 (IN), TLS header, Supplemental data (23):
{ [5 bytes data]
* TLSv1.2 (IN), TLS header, Supplemental data (23):
{ [5 bytes data]
* TLSv1.2 (IN), TLS header, Supplemental data (23):
{ [5 bytes data]
* TLSv1.2 (IN), TLS header, Supplemental data (23):
{ [5 bytes data]
* TLSv1.2 (IN), TLS header, Supplemental data (23):
{ [5 bytes data]
* TLSv1.2 (IN), TLS header, Supplemental data (23):
{ [5 bytes data]
* TLSv1.2 (IN), TLS header, Supplemental data (23):
{ [5 bytes data]
* TLSv1.2 (IN), TLS header, Supplemental data (23):
{ [5 bytes data]
* TLSv1.2 (IN), TLS header, Supplemental data (23):
{ [5 bytes data]
* TLSv1.2 (IN), TLS header, Supplemental data (23):
{ [5 bytes data]
* TLSv1.2 (IN), TLS header, Supplemental data (23):
{ [5 bytes data]
* TLSv1.2 (IN), TLS header, Supplemental data (23):
{ [5 bytes data]
* TLSv1.2 (IN), TLS header, Supplemental data (23):
{ [5 bytes data]
* TLSv1.2 (IN), TLS header, Supplemental data (23):
{ [5 bytes data]
* TLSv1.2 (IN), TLS header, Supplemental data (23):
{ [5 bytes data]
* TLSv1.2 (IN), TLS header, Supplemental data (23):
{ [5 bytes data]
* TLSv1.2 (IN), TLS header, Supplemental data (23):
{ [5 bytes data]
* TLSv1.2 (IN), TLS header, Supplemental data (23):
{ [5 bytes data]
* TLSv1.2 (IN), TLS header, Supplemental data (23):
{ [5 bytes data]
* TLSv1.2 (IN), TLS header, Supplemental data (23):
{ [5 bytes data]
* TLSv1.2 (IN), TLS header, Supplemental data (23):
{ [5 bytes data]
* TLSv1.2 (IN), TLS header, Supplemental data (23):
{ [5 bytes data]
* TLSv1.2 (IN), TLS header, Supplemental data (23):
{ [5 bytes data]
* TLSv1.2 (IN), TLS header, Supplemental data (23):
{ [5 bytes data]
* TLSv1.2 (IN), TLS header, Supplemental data (23):
{ [5 bytes data]
* TLSv1.2 (IN), TLS header, Supplemental data (23):
{ [5 bytes data]
* TLSv1.2 (IN), TLS header, Supplemental data (23):
{ [5 bytes data]
* TLSv1.2 (IN), TLS header, Supplemental data (23):
{ [5 bytes data]
* TLSv1.2 (IN), TLS header, Supplemental data (23):
{ [5 bytes data]
* TLSv1.2 (IN), TLS header, Supplemental data (23):
{ [5 bytes data]
* TLSv1.2 (IN), TLS header, Supplemental data (23):
{ [5 bytes data]
* TLSv1.2 (IN), TLS header, Supplemental data (23):
{ [5 bytes data]
* TLSv1.2 (IN), TLS header, Supplemental data (23):
{ [5 bytes data]
* TLSv1.2 (IN), TLS header, Supplemental data (23):
{ [5 bytes data]
* TLSv1.2 (IN), TLS header, Supplemental data (23):
{ [5 bytes data]
* TLSv1.2 (IN), TLS header, Supplemental data (23):
{ [5 bytes data]
* TLSv1.2 (IN), TLS header, Supplemental data (23):
{ [5 bytes data]
* TLSv1.2 (IN), TLS header, Supplemental data (23):
{ [5 bytes data]
* TLSv1.2 (IN), TLS header, Supplemental data (23):
{ [5 bytes data]
* TLSv1.2 (IN), TLS header, Supplemental data (23):
{ [5 bytes data]
* TLSv1.2 (IN), TLS header, Supplemental data (23):
{ [5 bytes data]
* TLSv1.2 (IN), TLS header, Supplemental data (23):
{ [5 bytes data]
* TLSv1.2 (IN), TLS header, Supplemental data (23):
{ [5 bytes data]
* TLSv1.2 (IN), TLS header, Supplemental data (23):
{ [5 bytes data]
* TLSv1.2 (IN), TLS header, Supplemental data (23):
{ [5 bytes data]
* TLSv1.2 (IN), TLS header, Supplemental data (23):
{ [5 bytes data]
* TLSv1.2 (IN), TLS header, Supplemental data (23):
{ [5 bytes data]
* TLSv1.2 (IN), TLS header, Supplemental data (23):
{ [5 bytes data]
* TLSv1.2 (IN), TLS header, Supplemental data (23):
{ [5 bytes data]
* TLSv1.2 (IN), TLS header, Supplemental data (23):
{ [5 bytes data]
* TLSv1.2 (IN), TLS header, Supplemental data (23):
{ [5 bytes data]
* TLSv1.2 (IN), TLS header, Supplemental data (23):
{ [5 bytes data]
* TLSv1.2 (IN), TLS header, Supplemental data (23):
{ [5 bytes data]
* TLSv1.2 (IN), TLS header, Supplemental data (23):
{ [5 bytes data]
* TLSv1.2 (IN), TLS header, Supplemental data (23):
{ [5 bytes data]
* TLSv1.2 (IN), TLS header, Supplemental data (23):
{ [5 bytes data]
* TLSv1.2 (IN), TLS header, Supplemental data (23):
{ [5 bytes data]
* TLSv1.2 (IN), TLS header, Supplemental data (23):
{ [5 bytes data]
* TLSv1.2 (IN), TLS header, Supplemental data (23):
{ [5 bytes data]
* TLSv1.2 (IN), TLS header, Supplemental data (23):
{ [5 bytes data]
* TLSv1.2 (IN), TLS header, Supplemental data (23):
{ [5 bytes data]
* TLSv1.2 (IN), TLS header, Supplemental data (23):
{ [5 bytes data]
* TLSv1.2 (IN), TLS header, Supplemental data (23):
{ [5 bytes data]
* TLSv1.2 (IN), TLS header, Supplemental data (23):
{ [5 bytes data]
* TLSv1.2 (IN), TLS header, Supplemental data (23):
{ [5 bytes data]
* TLSv1.2 (IN), TLS header, Supplemental data (23):
{ [5 bytes data]
* TLSv1.2 (IN), TLS header, Supplemental data (23):
{ [5 bytes data]
* TLSv1.2 (IN), TLS header, Supplemental data (23):
{ [5 bytes data]
* TLSv1.2 (IN), TLS header, Supplemental data (23):
{ [5 bytes data]
* TLSv1.2 (IN), TLS header, Supplemental data (23):
{ [5 bytes data]
* TLSv1.2 (IN), TLS header, Supplemental data (23):
{ [5 bytes data]
* TLSv1.2 (IN), TLS header, Supplemental data (23):
{ [5 bytes data]
* TLSv1.2 (IN), TLS header, Supplemental data (23):
{ [5 bytes data]
* TLSv1.2 (IN), TLS header, Supplemental data (23):
{ [5 bytes data]
* TLSv1.2 (IN), TLS header, Supplemental data (23):
{ [5 bytes data]
* TLSv1.2 (IN), TLS header, Supplemental data (23):
{ [5 bytes data]
* TLSv1.2 (IN), TLS header, Supplemental data (23):
{ [5 bytes data]
* TLSv1.2 (IN), TLS header, Supplemental data (23):
{ [5 bytes data]
* TLSv1.2 (IN), TLS header, Supplemental data (23):
{ [5 bytes data]
* TLSv1.2 (IN), TLS header, Supplemental data (23):
{ [5 bytes data]
* TLSv1.2 (IN), TLS header, Supplemental data (23):
{ [5 bytes data]
* TLSv1.2 (IN), TLS header, Supplemental data (23):
{ [5 bytes data]
* TLSv1.2 (IN), TLS header, Supplemental data (23):
{ [5 bytes data]
* TLSv1.2 (IN), TLS header, Supplemental data (23):
{ [5 bytes data]
* TLSv1.2 (IN), TLS header, Supplemental data (23):
{ [5 bytes data]
* TLSv1.2 (IN), TLS header, Supplemental data (23):
{ [5 bytes data]
* TLSv1.2 (IN), TLS header, Supplemental data (23):
{ [5 bytes data]
* TLSv1.2 (IN), TLS header, Supplemental data (23):
{ [5 bytes data]
* TLSv1.2 (IN), TLS header, Supplemental data (23):
{ [5 bytes data]
* TLSv1.2 (IN), TLS header, Supplemental data (23):
{ [5 bytes data]
* TLSv1.2 (IN), TLS header, Supplemental data (23):
{ [5 bytes data]
* TLSv1.2 (IN), TLS header, Supplemental data (23):
{ [5 bytes data]
* TLSv1.2 (IN), TLS header, Supplemental data (23):
{ [5 bytes data]
* TLSv1.2 (IN), TLS header, Supplemental data (23):
{ [5 bytes data]
* TLSv1.2 (IN), TLS header, Supplemental data (23):
{ [5 bytes data]
* TLSv1.2 (IN), TLS header, Supplemental data (23):
{ [5 bytes data]
* TLSv1.2 (IN), TLS header, Supplemental data (23):
{ [5 bytes data]
* TLSv1.2 (IN), TLS header, Supplemental data (23):
{ [5 bytes data]
* TLSv1.2 (IN), TLS header, Supplemental data (23):
{ [5 bytes data]
* TLSv1.2 (IN), TLS header, Supplemental data (23):
{ [5 bytes data]
* TLSv1.2 (IN), TLS header, Supplemental data (23):
{ [5 bytes data]
* TLSv1.2 (IN), TLS header, Supplemental data (23):
{ [5 bytes data]
* TLSv1.2 (IN), TLS header, Supplemental data (23):
{ [5 bytes data]
* TLSv1.2 (IN), TLS header, Supplemental data (23):
{ [5 bytes data]
* TLSv1.2 (IN), TLS header, Supplemental data (23):
{ [5 bytes data]
* TLSv1.2 (IN), TLS header, Supplemental data (23):
{ [5 bytes data]
* TLSv1.2 (IN), TLS header, Supplemental data (23):
{ [5 bytes data]
* TLSv1.2 (IN), TLS header, Supplemental data (23):
{ [5 bytes data]
* TLSv1.2 (IN), TLS header, Supplemental data (23):
{ [5 bytes data]
* TLSv1.2 (IN), TLS header, Supplemental data (23):
{ [5 bytes data]
* TLSv1.2 (IN), TLS header, Supplemental data (23):
{ [5 bytes data]
* TLSv1.2 (IN), TLS header, Supplemental data (23):
{ [5 bytes data]
* TLSv1.2 (IN), TLS header, Supplemental data (23):
{ [5 bytes data]
* TLSv1.2 (IN), TLS header, Supplemental data (23):
{ [5 bytes data]
* TLSv1.2 (IN), TLS header, Supplemental data (23):
{ [5 bytes data]
* TLSv1.2 (IN), TLS header, Supplemental data (23):
{ [5 bytes data]
* TLSv1.2 (IN), TLS header, Supplemental data (23):
{ [5 bytes data]
* TLSv1.2 (IN), TLS header, Supplemental data (23):
{ [5 bytes data]
* TLSv1.2 (IN), TLS header, Supplemental data (23):
{ [5 bytes data]
* TLSv1.2 (IN), TLS header, Supplemental data (23):
{ [5 bytes data]
* TLSv1.2 (IN), TLS header, Supplemental data (23):
{ [5 bytes data]
* TLSv1.2 (IN), TLS header, Supplemental data (23):
{ [5 bytes data]
* TLSv1.2 (IN), TLS header, Supplemental data (23):
{ [5 bytes data]
* TLSv1.2 (IN), TLS header, Supplemental data (23):
{ [5 bytes data]
* TLSv1.2 (IN), TLS header, Supplemental data (23):
{ [5 bytes data]
* TLSv1.2 (IN), TLS header, Supplemental data (23):
{ [5 bytes data]
* TLSv1.2 (IN), TLS header, Supplemental data (23):
{ [5 bytes data]
* TLSv1.2 (IN), TLS header, Supplemental data (23):
{ [5 bytes data]
* TLSv1.2 (IN), TLS header, Supplemental data (23):
{ [5 bytes data]
* TLSv1.2 (IN), TLS header, Supplemental data (23):
{ [5 bytes data]
* TLSv1.2 (IN), TLS header, Supplemental data (23):
{ [5 bytes data]
* TLSv1.2 (IN), TLS header, Supplemental data (23):
{ [5 bytes data]
* TLSv1.2 (IN), TLS header, Supplemental data (23):
{ [5 bytes data]
* TLSv1.2 (IN), TLS header, Supplemental data (23):
{ [5 bytes data]
* TLSv1.2 (IN), TLS header, Supplemental data (23):
{ [5 bytes data]
* TLSv1.2 (IN), TLS header, Supplemental data (23):
{ [5 bytes data]
* TLSv1.2 (IN), TLS header, Supplemental data (23):
{ [5 bytes data]
* TLSv1.2 (IN), TLS header, Supplemental data (23):
{ [5 bytes data]
* TLSv1.2 (IN), TLS header, Supplemental data (23):
{ [5 bytes data]
* TLSv1.2 (IN), TLS header, Supplemental data (23):
{ [5 bytes data]
* TLSv1.2 (IN), TLS header, Supplemental data (23):
{ [5 bytes data]
* TLSv1.2 (IN), TLS header, Supplemental data (23):
{ [5 bytes data]
* TLSv1.2 (IN), TLS header, Supplemental data (23):
{ [5 bytes data]
* TLSv1.2 (IN), TLS header, Supplemental data (23):
{ [5 bytes data]
* TLSv1.2 (IN), TLS header, Supplemental data (23):
{ [5 bytes data]
* TLSv1.2 (IN), TLS header, Supplemental data (23):
{ [5 bytes data]
* TLSv1.2 (IN), TLS header, Supplemental data (23):
{ [5 bytes data]
* TLSv1.2 (IN), TLS header, Supplemental data (23):
{ [5 bytes data]
* TLSv1.2 (IN), TLS header, Supplemental data (23):
{ [5 bytes data]
* TLSv1.2 (IN), TLS header, Supplemental data (23):
{ [5 bytes data]
* TLSv1.2 (IN), TLS header, Supplemental data (23):
{ [5 bytes data]
* TLSv1.2 (IN), TLS header, Supplemental data (23):
{ [5 bytes data]
* TLSv1.2 (IN), TLS header, Supplemental data (23):
{ [5 bytes data]
* TLSv1.2 (IN), TLS header, Supplemental data (23):
{ [5 bytes data]
* TLSv1.2 (IN), TLS header, Supplemental data (23):
{ [5 bytes data]
* TLSv1.2 (IN), TLS header, Supplemental data (23):
{ [5 bytes data]
* TLSv1.2 (IN), TLS header, Supplemental data (23):
{ [5 bytes data]
* TLSv1.2 (IN), TLS header, Supplemental data (23):
{ [5 bytes data]
* TLSv1.2 (IN), TLS header, Supplemental data (23):
{ [5 bytes data]
* TLSv1.2 (IN), TLS header, Supplemental data (23):
{ [5 bytes data]
* TLSv1.2 (IN), TLS header, Supplemental data (23):
{ [5 bytes data]
* TLSv1.2 (IN), TLS header, Supplemental data (23):
{ [5 bytes data]
* TLSv1.2 (IN), TLS header, Supplemental data (23):
{ [5 bytes data]
* TLSv1.2 (IN), TLS header, Supplemental data (23):
{ [5 bytes data]
* TLSv1.2 (IN), TLS header, Supplemental data (23):
{ [5 bytes data]
* TLSv1.2 (IN), TLS header, Supplemental data (23):
{ [5 bytes data]
* TLSv1.2 (IN), TLS header, Supplemental data (23):
{ [5 bytes data]
* TLSv1.2 (IN), TLS header, Supplemental data (23):
{ [5 bytes data]
* TLSv1.2 (IN), TLS header, Supplemental data (23):
{ [5 bytes data]
* TLSv1.2 (IN), TLS header, Supplemental data (23):
{ [5 bytes data]
* TLSv1.2 (IN), TLS header, Supplemental data (23):
{ [5 bytes data]
* TLSv1.2 (IN), TLS header, Supplemental data (23):
{ [5 bytes data]
* TLSv1.2 (IN), TLS header, Supplemental data (23):
{ [5 bytes data]
* TLSv1.2 (IN), TLS header, Supplemental data (23):
{ [5 bytes data]
* TLSv1.2 (IN), TLS header, Supplemental data (23):
{ [5 bytes data]
* TLSv1.2 (IN), TLS header, Supplemental data (23):
{ [5 bytes data]
* TLSv1.2 (IN), TLS header, Supplemental data (23):
{ [5 bytes data]
* TLSv1.2 (IN), TLS header, Supplemental data (23):
{ [5 bytes data]
* TLSv1.2 (IN), TLS header, Supplemental data (23):
{ [5 bytes data]
* TLSv1.2 (IN), TLS header, Supplemental data (23):
{ [5 bytes data]
* TLSv1.2 (IN), TLS header, Supplemental data (23):
{ [5 bytes data]
* TLSv1.2 (IN), TLS header, Supplemental data (23):
{ [5 bytes data]
* TLSv1.2 (IN), TLS header, Supplemental data (23):
{ [5 bytes data]
* TLSv1.2 (IN), TLS header, Supplemental data (23):
{ [5 bytes data]
* TLSv1.2 (IN), TLS header, Supplemental data (23):
{ [5 bytes data]
* TLSv1.2 (IN), TLS header, Supplemental data (23):
{ [5 bytes data]
* TLSv1.2 (IN), TLS header, Supplemental data (23):
{ [5 bytes data]
* TLSv1.2 (IN), TLS header, Supplemental data (23):
{ [5 bytes data]
* TLSv1.2 (IN), TLS header, Supplemental data (23):
{ [5 bytes data]
* TLSv1.2 (IN), TLS header, Supplemental data (23):
{ [5 bytes data]
* TLSv1.2 (IN), TLS header, Supplemental data (23):
{ [5 bytes data]
* TLSv1.2 (IN), TLS header, Supplemental data (23):
{ [5 bytes data]
* TLSv1.2 (IN), TLS header, Supplemental data (23):
{ [5 bytes data]
* TLSv1.2 (IN), TLS header, Supplemental data (23):
{ [5 bytes data]
* TLSv1.2 (IN), TLS header, Supplemental data (23):
{ [5 bytes data]
* TLSv1.2 (IN), TLS header, Supplemental data (23):
{ [5 bytes data]
* TLSv1.2 (IN), TLS header, Supplemental data (23):
{ [5 bytes data]
* TLSv1.2 (IN), TLS header, Supplemental data (23):
{ [5 bytes data]
* TLSv1.2 (IN), TLS header, Supplemental data (23):
{ [5 bytes data]
* TLSv1.2 (IN), TLS header, Supplemental data (23):
{ [5 bytes data]
* TLSv1.2 (IN), TLS header, Supplemental data (23):
{ [5 bytes data]
* TLSv1.2 (IN), TLS header, Supplemental data (23):
{ [5 bytes data]
* TLSv1.2 (IN), TLS header, Supplemental data (23):
{ [5 bytes data]
* TLSv1.2 (IN), TLS header, Supplemental data (23):
{ [5 bytes data]
* TLSv1.2 (IN), TLS header, Supplemental data (23):
{ [5 bytes data]
* TLSv1.2 (IN), TLS header, Supplemental data (23):
{ [5 bytes data]
* TLSv1.2 (IN), TLS header, Supplemental data (23):
{ [5 bytes data]
* TLSv1.2 (IN), TLS header, Supplemental data (23):
{ [5 bytes data]
* TLSv1.2 (IN), TLS header, Supplemental data (23):
{ [5 bytes data]
* TLSv1.2 (IN), TLS header, Supplemental data (23):
{ [5 bytes data]
* TLSv1.2 (IN), TLS header, Supplemental data (23):
{ [5 bytes data]
* TLSv1.2 (IN), TLS header, Supplemental data (23):
{ [5 bytes data]
* TLSv1.2 (IN), TLS header, Supplemental data (23):
{ [5 bytes data]
* TLSv1.2 (IN), TLS header, Supplemental data (23):
{ [5 bytes data]
* TLSv1.2 (IN), TLS header, Supplemental data (23):
{ [5 bytes data]
* TLSv1.2 (IN), TLS header, Supplemental data (23):
{ [5 bytes data]
* TLSv1.2 (IN), TLS header, Supplemental data (23):
{ [5 bytes data]
* TLSv1.2 (IN), TLS header, Supplemental data (23):
{ [5 bytes data]
* TLSv1.2 (IN), TLS header, Supplemental data (23):
{ [5 bytes data]
* TLSv1.2 (IN), TLS header, Supplemental data (23):
{ [5 bytes data]
* TLSv1.2 (IN), TLS header, Supplemental data (23):
{ [5 bytes data]
* TLSv1.2 (IN), TLS header, Supplemental data (23):
{ [5 bytes data]
* TLSv1.2 (IN), TLS header, Supplemental data (23):
{ [5 bytes data]
* TLSv1.2 (IN), TLS header, Supplemental data (23):
{ [5 bytes data]
* TLSv1.2 (IN), TLS header, Supplemental data (23):
{ [5 bytes data]
* TLSv1.2 (IN), TLS header, Supplemental data (23):
{ [5 bytes data]
* TLSv1.2 (IN), TLS header, Supplemental data (23):
{ [5 bytes data]
* TLSv1.2 (IN), TLS header, Supplemental data (23):
{ [5 bytes data]
* TLSv1.2 (IN), TLS header, Supplemental data (23):
{ [5 bytes data]
* TLSv1.2 (IN), TLS header, Supplemental data (23):
{ [5 bytes data]
* TLSv1.2 (IN), TLS header, Supplemental data (23):
{ [5 bytes data]
* TLSv1.2 (IN), TLS header, Supplemental data (23):
{ [5 bytes data]
* TLSv1.2 (IN), TLS header, Supplemental data (23):
{ [5 bytes data]
* TLSv1.2 (IN), TLS header, Supplemental data (23):
{ [5 bytes data]
* TLSv1.2 (IN), TLS header, Supplemental data (23):
{ [5 bytes data]
* TLSv1.2 (IN), TLS header, Supplemental data (23):
{ [5 bytes data]
* TLSv1.2 (IN), TLS header, Supplemental data (23):
{ [5 bytes data]
* TLSv1.2 (IN), TLS header, Supplemental data (23):
{ [5 bytes data]
* TLSv1.2 (IN), TLS header, Supplemental data (23):
{ [5 bytes data]
* TLSv1.2 (IN), TLS header, Supplemental data (23):
{ [5 bytes data]
* TLSv1.2 (IN), TLS header, Supplemental data (23):
{ [5 bytes data]
* TLSv1.2 (IN), TLS header, Supplemental data (23):
{ [5 bytes data]
* TLSv1.2 (IN), TLS header, Supplemental data (23):
{ [5 bytes data]
* TLSv1.2 (IN), TLS header, Supplemental data (23):
{ [5 bytes data]
* TLSv1.2 (IN), TLS header, Supplemental data (23):
{ [5 bytes data]
* TLSv1.2 (IN), TLS header, Supplemental data (23):
{ [5 bytes data]
* TLSv1.2 (IN), TLS header, Supplemental data (23):
{ [5 bytes data]
* TLSv1.2 (IN), TLS header, Supplemental data (23):
{ [5 bytes data]
* TLSv1.2 (IN), TLS header, Supplemental data (23):
{ [5 bytes data]
* TLSv1.2 (IN), TLS header, Supplemental data (23):
{ [5 bytes data]
* TLSv1.2 (IN), TLS header, Supplemental data (23):
{ [5 bytes data]
* TLSv1.2 (IN), TLS header, Supplemental data (23):
{ [5 bytes data]
* TLSv1.2 (IN), TLS header, Supplemental data (23):
{ [5 bytes data]
* TLSv1.2 (IN), TLS header, Supplemental data (23):
{ [5 bytes data]
* TLSv1.2 (IN), TLS header, Supplemental data (23):
{ [5 bytes data]
* TLSv1.2 (IN), TLS header, Supplemental data (23):
{ [5 bytes data]
* TLSv1.2 (IN), TLS header, Supplemental data (23):
{ [5 bytes data]
* TLSv1.2 (IN), TLS header, Supplemental data (23):
{ [5 bytes data]
* TLSv1.2 (IN), TLS header, Supplemental data (23):
{ [5 bytes data]
* TLSv1.2 (IN), TLS header, Supplemental data (23):
{ [5 bytes data]
* TLSv1.2 (IN), TLS header, Supplemental data (23):
{ [5 bytes data]
* TLSv1.2 (IN), TLS header, Supplemental data (23):
{ [5 bytes data]
* TLSv1.2 (IN), TLS header, Supplemental data (23):
{ [5 bytes data]
* TLSv1.2 (IN), TLS header, Supplemental data (23):
{ [5 bytes data]
* TLSv1.2 (IN), TLS header, Supplemental data (23):
{ [5 bytes data]
* TLSv1.2 (IN), TLS header, Supplemental data (23):
{ [5 bytes data]
* TLSv1.2 (IN), TLS header, Supplemental data (23):
{ [5 bytes data]
* TLSv1.2 (IN), TLS header, Supplemental data (23):
{ [5 bytes data]
* TLSv1.2 (IN), TLS header, Supplemental data (23):
{ [5 bytes data]
* TLSv1.2 (IN), TLS header, Supplemental data (23):
{ [5 bytes data]
* TLSv1.2 (IN), TLS header, Supplemental data (23):
{ [5 bytes data]
* TLSv1.2 (IN), TLS header, Supplemental data (23):
{ [5 bytes data]
* TLSv1.2 (IN), TLS header, Supplemental data (23):
{ [5 bytes data]
* TLSv1.2 (IN), TLS header, Supplemental data (23):
{ [5 bytes data]
* TLSv1.2 (IN), TLS header, Supplemental data (23):
{ [5 bytes data]
* TLSv1.2 (IN), TLS header, Supplemental data (23):
{ [5 bytes data]
* TLSv1.2 (IN), TLS header, Supplemental data (23):
{ [5 bytes data]
* TLSv1.2 (IN), TLS header, Supplemental data (23):
{ [5 bytes data]
* TLSv1.2 (IN), TLS header, Supplemental data (23):
{ [5 bytes data]
* TLSv1.2 (IN), TLS header, Supplemental data (23):
{ [5 bytes data]
* TLSv1.2 (IN), TLS header, Supplemental data (23):
{ [5 bytes data]
* TLSv1.2 (IN), TLS header, Supplemental data (23):
{ [5 bytes data]
* TLSv1.2 (IN), TLS header, Supplemental data (23):
{ [5 bytes data]
* TLSv1.2 (IN), TLS header, Supplemental data (23):
{ [5 bytes data]
* TLSv1.2 (IN), TLS header, Supplemental data (23):
{ [5 bytes data]
* TLSv1.2 (IN), TLS header, Supplemental data (23):
{ [5 bytes data]
* TLSv1.2 (IN), TLS header, Supplemental data (23):
{ [5 bytes data]
* TLSv1.2 (IN), TLS header, Supplemental data (23):
{ [5 bytes data]
* TLSv1.2 (IN), TLS header, Supplemental data (23):
{ [5 bytes data]
* TLSv1.2 (IN), TLS header, Supplemental data (23):
{ [5 bytes data]
* TLSv1.2 (IN), TLS header, Supplemental data (23):
{ [5 bytes data]
* TLSv1.2 (IN), TLS header, Supplemental data (23):
{ [5 bytes data]
* TLSv1.2 (IN), TLS header, Supplemental data (23):
{ [5 bytes data]
* TLSv1.2 (IN), TLS header, Supplemental data (23):
{ [5 bytes data]
* TLSv1.2 (IN), TLS header, Supplemental data (23):
{ [5 bytes data]
* TLSv1.2 (IN), TLS header, Supplemental data (23):
{ [5 bytes data]
* TLSv1.2 (IN), TLS header, Supplemental data (23):
{ [5 bytes data]
* TLSv1.2 (IN), TLS header, Supplemental data (23):
{ [5 bytes data]
* TLSv1.2 (IN), TLS header, Supplemental data (23):
{ [5 bytes data]
* TLSv1.2 (IN), TLS header, Supplemental data (23):
{ [5 bytes data]
* TLSv1.2 (IN), TLS header, Supplemental data (23):
{ [5 bytes data]
* TLSv1.2 (IN), TLS header, Supplemental data (23):
{ [5 bytes data]
* TLSv1.2 (IN), TLS header, Supplemental data (23):
{ [5 bytes data]
* TLSv1.2 (IN), TLS header, Supplemental data (23):
{ [5 bytes data]
* TLSv1.2 (IN), TLS header, Supplemental data (23):
{ [5 bytes data]
* TLSv1.2 (IN), TLS header, Supplemental data (23):
{ [5 bytes data]
* TLSv1.2 (IN), TLS header, Supplemental data (23):
{ [5 bytes data]
* TLSv1.2 (IN), TLS header, Supplemental data (23):
{ [5 bytes data]
* TLSv1.2 (IN), TLS header, Supplemental data (23):
{ [5 bytes data]
* TLSv1.2 (IN), TLS header, Supplemental data (23):
{ [5 bytes data]
* TLSv1.2 (IN), TLS header, Supplemental data (23):
{ [5 bytes data]
* TLSv1.2 (IN), TLS header, Supplemental data (23):
{ [5 bytes data]
* TLSv1.2 (IN), TLS header, Supplemental data (23):
{ [5 bytes data]
* TLSv1.2 (IN), TLS header, Supplemental data (23):
{ [5 bytes data]
* TLSv1.2 (IN), TLS header, Supplemental data (23):
{ [5 bytes data]
* TLSv1.2 (IN), TLS header, Supplemental data (23):
{ [5 bytes data]
* TLSv1.2 (IN), TLS header, Supplemental data (23):
{ [5 bytes data]
* TLSv1.2 (IN), TLS header, Supplemental data (23):
{ [5 bytes data]
* TLSv1.2 (IN), TLS header, Supplemental data (23):
{ [5 bytes data]
* TLSv1.2 (IN), TLS header, Supplemental data (23):
{ [5 bytes data]
* TLSv1.2 (IN), TLS header, Supplemental data (23):
{ [5 bytes data]
* TLSv1.2 (IN), TLS header, Supplemental data (23):
{ [5 bytes data]
* TLSv1.2 (IN), TLS header, Supplemental data (23):
{ [5 bytes data]
* TLSv1.2 (IN), TLS header, Supplemental data (23):
{ [5 bytes data]
* TLSv1.2 (IN), TLS header, Supplemental data (23):
{ [5 bytes data]
* TLSv1.2 (IN), TLS header, Supplemental data (23):
{ [5 bytes data]
* TLSv1.2 (IN), TLS header, Supplemental data (23):
{ [5 bytes data]
* TLSv1.2 (IN), TLS header, Supplemental data (23):
{ [5 bytes data]
* TLSv1.2 (IN), TLS header, Supplemental data (23):
{ [5 bytes data]
* TLSv1.2 (IN), TLS header, Supplemental data (23):
{ [5 bytes data]
* TLSv1.2 (IN), TLS header, Supplemental data (23):
{ [5 bytes data]
* TLSv1.2 (IN), TLS header, Supplemental data (23):
{ [5 bytes data]
* TLSv1.2 (IN), TLS header, Supplemental data (23):
{ [5 bytes data]
* TLSv1.2 (IN), TLS header, Supplemental data (23):
{ [5 bytes data]
* TLSv1.2 (IN), TLS header, Supplemental data (23):
{ [5 bytes data]
* TLSv1.2 (IN), TLS header, Supplemental data (23):
{ [5 bytes data]
* TLSv1.2 (IN), TLS header, Supplemental data (23):
{ [5 bytes data]
* TLSv1.2 (IN), TLS header, Supplemental data (23):
{ [5 bytes data]
* TLSv1.2 (IN), TLS header, Supplemental data (23):
{ [5 bytes data]
* TLSv1.2 (IN), TLS header, Supplemental data (23):
{ [5 bytes data]
* TLSv1.2 (IN), TLS header, Supplemental data (23):
{ [5 bytes data]
* TLSv1.2 (IN), TLS header, Supplemental data (23):
{ [5 bytes data]
* TLSv1.2 (IN), TLS header, Supplemental data (23):
{ [5 bytes data]
* TLSv1.2 (IN), TLS header, Supplemental data (23):
{ [5 bytes data]
* TLSv1.2 (IN), TLS header, Supplemental data (23):
{ [5 bytes data]
* TLSv1.2 (IN), TLS header, Supplemental data (23):
{ [5 bytes data]
* TLSv1.2 (IN), TLS header, Supplemental data (23):
{ [5 bytes data]
* TLSv1.2 (IN), TLS header, Supplemental data (23):
{ [5 bytes data]
* TLSv1.2 (IN), TLS header, Supplemental data (23):
{ [5 bytes data]
* TLSv1.2 (IN), TLS header, Supplemental data (23):
{ [5 bytes data]
* TLSv1.2 (IN), TLS header, Supplemental data (23):
{ [5 bytes data]
* TLSv1.2 (IN), TLS header, Supplemental data (23):
{ [5 bytes data]
* TLSv1.2 (IN), TLS header, Supplemental data (23):
{ [5 bytes data]
* TLSv1.2 (IN), TLS header, Supplemental data (23):
{ [5 bytes data]
* TLSv1.2 (IN), TLS header, Supplemental data (23):
{ [5 bytes data]
* TLSv1.2 (IN), TLS header, Supplemental data (23):
{ [5 bytes data]
* TLSv1.2 (IN), TLS header, Supplemental data (23):
{ [5 bytes data]
* TLSv1.2 (IN), TLS header, Supplemental data (23):
{ [5 bytes data]
* TLSv1.2 (IN), TLS header, Supplemental data (23):
{ [5 bytes data]
* TLSv1.2 (IN), TLS header, Supplemental data (23):
{ [5 bytes data]
* TLSv1.2 (IN), TLS header, Supplemental data (23):
{ [5 bytes data]
* TLSv1.2 (IN), TLS header, Supplemental data (23):
{ [5 bytes data]
* TLSv1.2 (IN), TLS header, Supplemental data (23):
{ [5 bytes data]
* TLSv1.2 (IN), TLS header, Supplemental data (23):
{ [5 bytes data]
* TLSv1.2 (IN), TLS header, Supplemental data (23):
{ [5 bytes data]
* TLSv1.2 (IN), TLS header, Supplemental data (23):
{ [5 bytes data]
* TLSv1.2 (IN), TLS header, Supplemental data (23):
{ [5 bytes data]
* TLSv1.2 (IN), TLS header, Supplemental data (23):
{ [5 bytes data]
* TLSv1.2 (IN), TLS header, Supplemental data (23):
{ [5 bytes data]
* TLSv1.2 (IN), TLS header, Supplemental data (23):
{ [5 bytes data]
* TLSv1.2 (IN), TLS header, Supplemental data (23):
{ [5 bytes data]
* TLSv1.2 (IN), TLS header, Supplemental data (23):
{ [5 bytes data]
* TLSv1.2 (IN), TLS header, Supplemental data (23):
{ [5 bytes data]
* TLSv1.2 (IN), TLS header, Supplemental data (23):
{ [5 bytes data]
* TLSv1.2 (IN), TLS header, Supplemental data (23):
{ [5 bytes data]
* TLSv1.2 (IN), TLS header, Supplemental data (23):
{ [5 bytes data]
* TLSv1.2 (IN), TLS header, Supplemental data (23):
{ [5 bytes data]
* TLSv1.2 (IN), TLS header, Supplemental data (23):
{ [5 bytes data]
* TLSv1.2 (IN), TLS header, Supplemental data (23):
{ [5 bytes data]
* TLSv1.2 (IN), TLS header, Supplemental data (23):
{ [5 bytes data]
* TLSv1.2 (IN), TLS header, Supplemental data (23):
{ [5 bytes data]
* TLSv1.2 (IN), TLS header, Supplemental data (23):
{ [5 bytes data]
* TLSv1.2 (IN), TLS header, Supplemental data (23):
{ [5 bytes data]
* TLSv1.2 (IN), TLS header, Supplemental data (23):
{ [5 bytes data]
* TLSv1.2 (IN), TLS header, Supplemental data (23):
{ [5 bytes data]
* TLSv1.2 (IN), TLS header, Supplemental data (23):
{ [5 bytes data]
* TLSv1.2 (IN), TLS header, Supplemental data (23):
{ [5 bytes data]
* TLSv1.2 (IN), TLS header, Supplemental data (23):
{ [5 bytes data]
* TLSv1.2 (IN), TLS header, Supplemental data (23):
{ [5 bytes data]
* TLSv1.2 (IN), TLS header, Supplemental data (23):
{ [5 bytes data]
* TLSv1.2 (IN), TLS header, Supplemental data (23):
{ [5 bytes data]
* TLSv1.2 (IN), TLS header, Supplemental data (23):
{ [5 bytes data]
* TLSv1.2 (IN), TLS header, Supplemental data (23):
{ [5 bytes data]
* TLSv1.2 (IN), TLS header, Supplemental data (23):
{ [5 bytes data]
* TLSv1.2 (IN), TLS header, Supplemental data (23):
{ [5 bytes data]
* TLSv1.2 (IN), TLS header, Supplemental data (23):
{ [5 bytes data]
* TLSv1.2 (IN), TLS header, Supplemental data (23):
{ [5 bytes data]
* TLSv1.2 (IN), TLS header, Supplemental data (23):
{ [5 bytes data]
* TLSv1.2 (IN), TLS header, Supplemental data (23):
{ [5 bytes data]
* TLSv1.2 (IN), TLS header, Supplemental data (23):
{ [5 bytes data]
* TLSv1.2 (IN), TLS header, Supplemental data (23):
{ [5 bytes data]
* TLSv1.2 (IN), TLS header, Supplemental data (23):
{ [5 bytes data]
* TLSv1.2 (IN), TLS header, Supplemental data (23):
{ [5 bytes data]
* TLSv1.2 (IN), TLS header, Supplemental data (23):
{ [5 bytes data]
* TLSv1.2 (IN), TLS header, Supplemental data (23):
{ [5 bytes data]
* TLSv1.2 (IN), TLS header, Supplemental data (23):
{ [5 bytes data]
* TLSv1.2 (IN), TLS header, Supplemental data (23):
{ [5 bytes data]
* TLSv1.2 (IN), TLS header, Supplemental data (23):
{ [5 bytes data]
* TLSv1.2 (IN), TLS header, Supplemental data (23):
{ [5 bytes data]
* TLSv1.2 (IN), TLS header, Supplemental data (23):
{ [5 bytes data]
* TLSv1.2 (IN), TLS header, Supplemental data (23):
{ [5 bytes data]
* TLSv1.2 (IN), TLS header, Supplemental data (23):
{ [5 bytes data]
* TLSv1.2 (IN), TLS header, Supplemental data (23):
{ [5 bytes data]
* TLSv1.2 (IN), TLS header, Supplemental data (23):
{ [5 bytes data]
* TLSv1.2 (IN), TLS header, Supplemental data (23):
{ [5 bytes data]
* TLSv1.2 (IN), TLS header, Supplemental data (23):
{ [5 bytes data]
* TLSv1.2 (IN), TLS header, Supplemental data (23):
{ [5 bytes data]
* TLSv1.2 (IN), TLS header, Supplemental data (23):
{ [5 bytes data]
* TLSv1.2 (IN), TLS header, Supplemental data (23):
{ [5 bytes data]
* TLSv1.2 (IN), TLS header, Supplemental data (23):
{ [5 bytes data]
* TLSv1.2 (IN), TLS header, Supplemental data (23):
{ [5 bytes data]
* TLSv1.2 (IN), TLS header, Supplemental data (23):
{ [5 bytes data]
* TLSv1.2 (IN), TLS header, Supplemental data (23):
{ [5 bytes data]
* TLSv1.2 (IN), TLS header, Supplemental data (23):
{ [5 bytes data]
* TLSv1.2 (IN), TLS header, Supplemental data (23):
{ [5 bytes data]
* TLSv1.2 (IN), TLS header, Supplemental data (23):
{ [5 bytes data]
* TLSv1.2 (IN), TLS header, Supplemental data (23):
{ [5 bytes data]
* TLSv1.2 (IN), TLS header, Supplemental data (23):
{ [5 bytes data]
* TLSv1.2 (IN), TLS header, Supplemental data (23):
{ [5 bytes data]
* TLSv1.2 (IN), TLS header, Supplemental data (23):
{ [5 bytes data]
* TLSv1.2 (IN), TLS header, Supplemental data (23):
{ [5 bytes data]
* TLSv1.2 (IN), TLS header, Supplemental data (23):
{ [5 bytes data]
* TLSv1.2 (IN), TLS header, Supplemental data (23):
{ [5 bytes data]
* TLSv1.2 (IN), TLS header, Supplemental data (23):
{ [5 bytes data]
* TLSv1.2 (IN), TLS header, Supplemental data (23):
{ [5 bytes data]
* TLSv1.2 (IN), TLS header, Supplemental data (23):
{ [5 bytes data]
* TLSv1.2 (IN), TLS header, Supplemental data (23):
{ [5 bytes data]
* TLSv1.2 (IN), TLS header, Supplemental data (23):
{ [5 bytes data]
* TLSv1.2 (IN), TLS header, Supplemental data (23):
{ [5 bytes data]
* TLSv1.2 (IN), TLS header, Supplemental data (23):
{ [5 bytes data]
* TLSv1.2 (IN), TLS header, Supplemental data (23):
{ [5 bytes data]
* TLSv1.2 (IN), TLS header, Supplemental data (23):
{ [5 bytes data]
* TLSv1.2 (IN), TLS header, Supplemental data (23):
{ [5 bytes data]
* TLSv1.2 (IN), TLS header, Supplemental data (23):
{ [5 bytes data]
* TLSv1.2 (IN), TLS header, Supplemental data (23):
{ [5 bytes data]
* TLSv1.2 (IN), TLS header, Supplemental data (23):
{ [5 bytes data]
* TLSv1.2 (IN), TLS header, Supplemental data (23):
{ [5 bytes data]
* TLSv1.2 (IN), TLS header, Supplemental data (23):
{ [5 bytes data]
* TLSv1.2 (IN), TLS header, Supplemental data (23):
{ [5 bytes data]
* TLSv1.2 (IN), TLS header, Supplemental data (23):
{ [5 bytes data]
* TLSv1.2 (IN), TLS header, Supplemental data (23):
{ [5 bytes data]
* TLSv1.2 (IN), TLS header, Supplemental data (23):
{ [5 bytes data]
* TLSv1.2 (IN), TLS header, Supplemental data (23):
{ [5 bytes data]
* TLSv1.2 (IN), TLS header, Supplemental data (23):
{ [5 bytes data]
* TLSv1.2 (IN), TLS header, Supplemental data (23):
{ [5 bytes data]
* TLSv1.2 (IN), TLS header, Supplemental data (23):
{ [5 bytes data]
* TLSv1.2 (IN), TLS header, Supplemental data (23):
{ [5 bytes data]
* TLSv1.2 (IN), TLS header, Supplemental data (23):
{ [5 bytes data]
* TLSv1.2 (IN), TLS header, Supplemental data (23):
{ [5 bytes data]
* TLSv1.2 (IN), TLS header, Supplemental data (23):
{ [5 bytes data]
* TLSv1.2 (IN), TLS header, Supplemental data (23):
{ [5 bytes data]
* TLSv1.2 (IN), TLS header, Supplemental data (23):
{ [5 bytes data]
* TLSv1.2 (IN), TLS header, Supplemental data (23):
{ [5 bytes data]
* TLSv1.2 (IN), TLS header, Supplemental data (23):
{ [5 bytes data]
* TLSv1.2 (IN), TLS header, Supplemental data (23):
{ [5 bytes data]
* TLSv1.2 (IN), TLS header, Supplemental data (23):
{ [5 bytes data]
* TLSv1.2 (IN), TLS header, Supplemental data (23):
{ [5 bytes data]
* TLSv1.2 (IN), TLS header, Supplemental data (23):
{ [5 bytes data]
* TLSv1.2 (IN), TLS header, Supplemental data (23):
{ [5 bytes data]
* TLSv1.2 (IN), TLS header, Supplemental data (23):
{ [5 bytes data]
* TLSv1.2 (IN), TLS header, Supplemental data (23):
{ [5 bytes data]
* Connection #1 to host drive.usercontent.google.com left intact
Remote file information:
  Status code: 200
getRemoteFile ended
File info: 02/ulysses.epub|1YUFXOW2fWfWZJ7hm6Uuyky8U-QBN1k8_
File code: 1YUFXOW2fWfWZJ7hm6Uuyky8U-QBN1k8_
File name: 02/ulysses.epub
Download: /usr/bin/curl -k --silent -C - -L --create-dirs --remote-time -o "/tmp/KoboCloud/Library/02/ulysses.epub" "https://drive.google.com/uc?id=1YUFXOW2fWfWZJ7hm6Uuyky8U-QBN1k8_&export=download" -v
Status: 0
Output: 
*   Trying 142.250.75.238:443...
* Connected to drive.google.com (142.250.75.238) port 443 (#0)
* ALPN, offering h2
* ALPN, offering http/1.1
* TLSv1.0 (OUT), TLS header, Certificate Status (22):
} [5 bytes data]
* TLSv1.3 (OUT), TLS handshake, Client hello (1):
} [512 bytes data]
* TLSv1.2 (IN), TLS header, Certificate Status (22):
{ [5 bytes data]
* TLSv1.3 (IN), TLS handshake, Server hello (2):
{ [122 bytes data]
* TLSv1.2 (IN), TLS header, Finished (20):
{ [5 bytes data]
* TLSv1.2 (IN), TLS header, Supplemental data (23):
{ [5 bytes data]
* TLSv1.3 (IN), TLS handshake, Encrypted Extensions (8):
{ [15 bytes data]
* TLSv1.3 (IN), TLS handshake, Certificate (11):
{ [6298 bytes data]
* TLSv1.3 (IN), TLS handshake, CERT verify (15):
{ [78 bytes data]
* TLSv1.3 (IN), TLS handshake, Finished (20):
{ [52 bytes data]
* TLSv1.2 (OUT), TLS header, Finished (20):
} [5 bytes data]
* TLSv1.3 (OUT), TLS change cipher, Change cipher spec (1):
} [1 bytes data]
* TLSv1.2 (OUT), TLS header, Supplemental data (23):
} [5 bytes data]
* TLSv1.3 (OUT), TLS handshake, Finished (20):
} [52 bytes data]
* SSL connection using TLSv1.3 / TLS_AES_256_GCM_SHA384
* ALPN, server accepted to use h2
* Server certificate:
*  subject: CN=*.google.com
*  start date: Oct 21 08:36:57 2024 GMT
*  expire date: Jan 13 08:36:56 2025 GMT
*  issuer: C=US; O=Google Trust Services; CN=WR2
*  SSL certificate verify result: unable to get local issuer certificate (20), continuing anyway.
* Using HTTP2, server supports multiplexing
* Connection state changed (HTTP/2 confirmed)
* Copying HTTP/2 data in stream buffer to connection buffer after upgrade: len=0
* TLSv1.2 (OUT), TLS header, Supplemental data (23):
} [5 bytes data]
* TLSv1.2 (OUT), TLS header, Supplemental data (23):
} [5 bytes data]
* TLSv1.2 (OUT), TLS header, Supplemental data (23):
} [5 bytes data]
* Using Stream ID: 1 (easy handle 0x55fcf0fd4e90)
* TLSv1.2 (OUT), TLS header, Supplemental data (23):
} [5 bytes data]
> GET /uc?id=1YUFXOW2fWfWZJ7hm6Uuyky8U-QBN1k8_&export=download HTTP/2
> Host: drive.google.com
> user-agent: curl/7.81.0
> accept: */*
> 
* TLSv1.2 (IN), TLS header, Supplemental data (23):
{ [5 bytes data]
* TLSv1.3 (IN), TLS handshake, Newsession Ticket (4):
{ [282 bytes data]
* TLSv1.3 (IN), TLS handshake, Newsession Ticket (4):
{ [282 bytes data]
* old SSL session ID is stale, removing
* TLSv1.2 (IN), TLS header, Supplemental data (23):
{ [5 bytes data]
* TLSv1.2 (OUT), TLS header, Supplemental data (23):
} [5 bytes data]
* TLSv1.2 (IN), TLS header, Supplemental data (23):
{ [5 bytes data]
* TLSv1.2 (IN), TLS header, Supplemental data (23):
{ [5 bytes data]
< HTTP/2 303 
< content-type: application/binary
< cache-control: no-cache, no-store, max-age=0, must-revalidate
< pragma: no-cache
< expires: Mon, 01 Jan 1990 00:00:00 GMT
< date: Mon, 09 Dec 2024 21:26:01 GMT
< location: https://drive.usercontent.google.com/download?id=1YUFXOW2fWfWZJ7hm6Uuyky8U-QBN1k8_&export=download
< strict-transport-security: max-age=31536000
< cross-origin-opener-policy: same-origin
< content-security-policy: require-trusted-types-for 'script';report-uri /_/DriveUntrustedContentHttp/cspreport
< content-security-policy: script-src 'nonce-1Pug7rkNpj1-UmKZOkBSuQ' 'unsafe-inline';object-src 'none';base-uri 'self';report-uri /_/DriveUntrustedContentHttp/cspreport;worker-src 'self'
< accept-ch: Sec-CH-UA-Arch, Sec-CH-UA-Bitness, Sec-CH-UA-Full-Version, Sec-CH-UA-Full-Version-List, Sec-CH-UA-Model, Sec-CH-UA-WoW64, Sec-CH-UA-Form-Factors, Sec-CH-UA-Platform, Sec-CH-UA-Platform-Version
< permissions-policy: ch-ua-arch=*, ch-ua-bitness=*, ch-ua-full-version=*, ch-ua-full-version-list=*, ch-ua-model=*, ch-ua-wow64=*, ch-ua-form-factors=*, ch-ua-platform=*, ch-ua-platform-version=*
< server: ESF
< content-length: 0
< x-xss-protection: 0
< x-frame-options: SAMEORIGIN
< x-content-type-options: nosniff
< alt-svc: h3=":443"; ma=2592000,h3-29=":443"; ma=2592000
< 
* TLSv1.2 (IN), TLS header, Supplemental data (23):
{ [5 bytes data]
* Connection #0 to host drive.google.com left intact
* Issue another request to this URL: 'https://drive.usercontent.google.com/download?id=1YUFXOW2fWfWZJ7hm6Uuyky8U-QBN1k8_&export=download'
*   Trying 142.250.179.65:443...
* Connected to drive.usercontent.google.com (142.250.179.65) port 443 (#1)
* ALPN, offering h2
* ALPN, offering http/1.1
* TLSv1.0 (OUT), TLS header, Certificate Status (22):
} [5 bytes data]
* TLSv1.3 (OUT), TLS handshake, Client hello (1):
} [512 bytes data]
* TLSv1.2 (IN), TLS header, Certificate Status (22):
{ [5 bytes data]
* TLSv1.3 (IN), TLS handshake, Server hello (2):
{ [122 bytes data]
* TLSv1.2 (IN), TLS header, Finished (20):
{ [5 bytes data]
* TLSv1.2 (IN), TLS header, Supplemental data (23):
{ [5 bytes data]
* TLSv1.3 (IN), TLS handshake, Encrypted Extensions (8):
{ [15 bytes data]
* TLSv1.3 (IN), TLS handshake, Certificate (11):
{ [4085 bytes data]
* TLSv1.3 (IN), TLS handshake, CERT verify (15):
{ [79 bytes data]
* TLSv1.3 (IN), TLS handshake, Finished (20):
{ [52 bytes data]
* TLSv1.2 (OUT), TLS header, Finished (20):
} [5 bytes data]
* TLSv1.3 (OUT), TLS change cipher, Change cipher spec (1):
} [1 bytes data]
* TLSv1.2 (OUT), TLS header, Supplemental data (23):
} [5 bytes data]
* TLSv1.3 (OUT), TLS handshake, Finished (20):
} [52 bytes data]
* SSL connection using TLSv1.3 / TLS_AES_256_GCM_SHA384
* ALPN, server accepted to use h2
* Server certificate:
*  subject: CN=*.usercontent.google.com
*  start date: Oct 21 08:38:28 2024 GMT
*  expire date: Jan 13 08:38:27 2025 GMT
*  issuer: C=US; O=Google Trust Services; CN=WR2
*  SSL certificate verify result: unable to get local issuer certificate (20), continuing anyway.
* Using HTTP2, server supports multiplexing
* Connection state changed (HTTP/2 confirmed)
* Copying HTTP/2 data in stream buffer to connection buffer after upgrade: len=0
* TLSv1.2 (OUT), TLS header, Supplemental data (23):
} [5 bytes data]
* TLSv1.2 (OUT), TLS header, Supplemental data (23):
} [5 bytes data]
* TLSv1.2 (OUT), TLS header, Supplemental data (23):
} [5 bytes data]
* Using Stream ID: 1 (easy handle 0x55fcf0fd4e90)
* TLSv1.2 (OUT), TLS header, Supplemental data (23):
} [5 bytes data]
> GET /download?id=1YUFXOW2fWfWZJ7hm6Uuyky8U-QBN1k8_&export=download HTTP/2
> Host: drive.usercontent.google.com
> user-agent: curl/7.81.0
> accept: */*
> 
* TLSv1.2 (IN), TLS header, Supplemental data (23):
{ [5 bytes data]
* TLSv1.3 (IN), TLS handshake, Newsession Ticket (4):
{ [282 bytes data]
* TLSv1.3 (IN), TLS handshake, Newsession Ticket (4):
{ [282 bytes data]
* old SSL session ID is stale, removing
* TLSv1.2 (IN), TLS header, Supplemental data (23):
{ [5 bytes data]
* TLSv1.2 (OUT), TLS header, Supplemental data (23):
} [5 bytes data]
* TLSv1.2 (IN), TLS header, Supplemental data (23):
{ [5 bytes data]
* TLSv1.2 (IN), TLS header, Supplemental data (23):
{ [5 bytes data]
* TLSv1.2 (IN), TLS header, Supplemental data (23):
{ [5 bytes data]
* TLSv1.2 (IN), TLS header, Supplemental data (23):
{ [5 bytes data]
< HTTP/2 200 
< x-guploader-uploadid: AFiumC7ImYHxq3W8MSW3Ecy8rXTnQ0jYKloUwa0LibJfXHe8a0ueatTf7W0n_EU6B8DD6Aj_
< content-type: application/octet-stream
< content-security-policy: sandbox
< content-security-policy: default-src 'none'
< content-security-policy: frame-ancestors 'none'
< x-content-security-policy: sandbox
< cross-origin-opener-policy: same-origin
< cross-origin-embedder-policy: require-corp
< cross-origin-resource-policy: same-site
< x-content-type-options: nosniff
< content-disposition: attachment; filename="ulysses.epub"
< access-control-allow-origin: *
< access-control-allow-credentials: false
< access-control-allow-headers: Accept, Accept-Language, Authorization, Cache-Control, Content-Disposition, Content-Encoding, Content-Language, Content-Length, Content-MD5, Content-Range, Content-Type, Date, developer-token, financial-institution-id, X-Goog-Sn-Metadata, X-Goog-Sn-PatientId, GData-Version, google-cloud-resource-prefix, linked-customer-id, login-customer-id, x-goog-request-params, Host, If-Match, If-Modified-Since, If-None-Match, If-Unmodified-Since, Origin, OriginToken, Pragma, Range, request-id, Slug, Transfer-Encoding, hotrod-board-name, hotrod-chrome-cpu-model, hotrod-chrome-processors, Want-Digest, X-Ad-Manager-Impersonation, x-chrome-connected, X-ClientDetails, X-Client-Pctx, X-Client-Version, x-debug-settings-metadata, X-Firebase-Locale, X-Goog-Firebase-Installations-Auth, X-Firebase-Client, X-Firebase-Client-Log-Type, X-Firebase-GMPID, X-Firebase-Auth-Token, X-Firebase-AppCheck, X-Firebase-Token, X-Goog-Drive-Client-Version, X-Goog-Drive-Resource-Keys, X-GData-Client, X-GData-Key, X-GoogApps-Allowed-Domains, X-Goog-AdX-Buyer-Impersonation, X-Goog-Api-Client, X-Goog-Visibilities, X-Goog-AuthUser, X-Google-EOM, x-goog-ext-124712974-jspb, x-goog-ext-467253834-jspb, x-goog-ext-353267353-bin, x-goog-ext-353267353-jspb, x-goog-ext-251363160-jspb, x-goog-ext-259736195-jspb, x-goog-ext-477772811-jspb, x-goog-ext-359275022-bin, x-goog-ext-328800237-jspb, x-goog-ext-202735639-bin, x-goog-ext-223435598-bin, X-Goog-PageId, X-Goog-Encode-Response-If-Executable, X-Goog-Correlation-Id, X-Goog-Request-Info, X-Goog-Request-Reason, X-Goog-Request-Time, X-Goog-Experiments, x-goog-iam-authority-selector, x-goog-iam-authorization-token, X-Goog-Spatula, X-Goog-Travel-Bgr, X-Goog-Travel-Settings, X-Goog-Upload-Command, X-Goog-Upload-Content-Disposition, X-Goog-Upload-Content-Length, X-Goog-Upload-Content-Type, X-Goog-Upload-File-Name, X-Goog-Upload-Header-Content-Encoding, X-Goog-Upload-Header-Content-Length, X-Goog-Upload-Header-Content-Type, X-Goog-Upload-Header-Transfer-Encoding, X-Goog-Upload-Offset, X-Goog-Upload-Protocol, x-goog-user-project, X-Goog-Visitor-Id, X-Goog-FieldMask, X-Google-Project-Override, x-goog-maps-api-salt, x-goog-maps-api-signature, x-goog-maps-client-id, X-Goog-Api-Key, x-goog-spanner-database-role, X-HTTP-Method-Override, X-JavaScript-User-Agent, X-Pan-Versionid, X-Proxied-User-IP, X-Origin, X-Referer, X-Requested-With, X-Stadia-Client-Context, X-Upload-Content-Length, X-Upload-Content-Type, X-Use-Alt-Service, X-Use-HTTP-Status-Code-Override, X-Ios-Bundle-Identifier, X-Places-Ios-Sdk, X-Android-Package, X-Android-Cert, X-Places-Android-Sdk, X-Goog-Maps-Ios-Uuid, X-Goog-Maps-Android-Uuid, X-Ariane-Xsrf-Token, X-YouTube-Bootstrap-Logged-In, X-YouTube-VVT, X-YouTube-Page-CL, X-YouTube-Page-Timestamp, X-Compass-Routing-Destination, x-framework-xsrf-token, X-Goog-Meeting-ABR, X-Goog-Meeting-Botguardid, X-Goog-Meeting-Bot-Info, X-Goog-Meeting-ClientInfo, X-Goog-Meeting-ClientVersion, X-Goog-Meeting-Debugid, X-Goog-Meeting-Identifier, X-Goog-Meeting-Interop-Cohorts, X-Goog-Meeting-Interop-Type, X-Goog-Meeting-OidcIdToken, X-Goog-Meeting-RtcClient, X-Goog-Meeting-StartSource, X-Goog-Meeting-Token, X-Goog-Meeting-Viewer-Token, X-Client-Data, x-sdm-id-token, X-Sfdc-Authorization, MIME-Version, Content-Transfer-Encoding, X-Earth-Engine-App-ID-Token, X-Earth-Engine-Computation-Profile, X-Earth-Engine-Computation-Profiling, X-Play-Console-Experiments-Override, X-Play-Console-Session-Id, x-alkali-account-key, x-alkali-application-key, x-alkali-auth-apps-namespace, x-alkali-auth-entities-namespace, x-alkali-auth-entity, x-alkali-client-locale, EES-S7E-MODE, cast-device-capabilities, X-Server-Timeout, x-foyer-client-environment, x-goog-greenenergyuserappservice-metadata, x-goog-sherlog-context, X-Server-Token, x-rfui-request-context, x-goog-nest-jwt, X-Cloud-Trace-Context, traceparent, x-goog-chat-space-id, x-goog-pan-request-context, X-AppInt-Credentials
< access-control-allow-methods: GET,HEAD,OPTIONS
< accept-ranges: bytes
< content-length: 1371218
< last-modified: Sat, 22 Jan 2022 14:34:47 GMT
< date: Mon, 09 Dec 2024 21:26:03 GMT
< expires: Mon, 09 Dec 2024 21:26:03 GMT
< cache-control: private, max-age=0
< x-goog-hash: crc32c=jhE2Fw==
< server: UploadServer
< alt-svc: h3=":443"; ma=2592000,h3-29=":443"; ma=2592000
< 
* TLSv1.2 (IN), TLS header, Supplemental data (23):
{ [5 bytes data]
* TLSv1.2 (IN), TLS header, Supplemental data (23):
{ [5 bytes data]
* TLSv1.2 (IN), TLS header, Supplemental data (23):
{ [5 bytes data]
* TLSv1.2 (IN), TLS header, Supplemental data (23):
{ [5 bytes data]
* TLSv1.2 (IN), TLS header, Supplemental data (23):
{ [5 bytes data]
* TLSv1.2 (IN), TLS header, Supplemental data (23):
{ [5 bytes data]
* TLSv1.2 (IN), TLS header, Supplemental data (23):
{ [5 bytes data]
* TLSv1.2 (IN), TLS header, Supplemental data (23):
{ [5 bytes data]
* TLSv1.2 (IN), TLS header, Supplemental data (23):
{ [5 bytes data]
* TLSv1.2 (IN), TLS header, Supplemental data (23):
{ [5 bytes data]
* TLSv1.2 (IN), TLS header, Supplemental data (23):
{ [5 bytes data]
* TLSv1.2 (IN), TLS header, Supplemental data (23):
{ [5 bytes data]
* TLSv1.2 (IN), TLS header, Supplemental data (23):
{ [5 bytes data]
* TLSv1.2 (IN), TLS header, Supplemental data (23):
{ [5 bytes data]
* TLSv1.2 (IN), TLS header, Supplemental data (23):
{ [5 bytes data]
* TLSv1.2 (IN), TLS header, Supplemental data (23):
{ [5 bytes data]
* TLSv1.2 (IN), TLS header, Supplemental data (23):
{ [5 bytes data]
* TLSv1.2 (IN), TLS header, Supplemental data (23):
{ [5 bytes data]
* TLSv1.2 (IN), TLS header, Supplemental data (23):
{ [5 bytes data]
* TLSv1.2 (IN), TLS header, Supplemental data (23):
{ [5 bytes data]
* TLSv1.2 (IN), TLS header, Supplemental data (23):
{ [5 bytes data]
* TLSv1.2 (IN), TLS header, Supplemental data (23):
{ [5 bytes data]
* TLSv1.2 (IN), TLS header, Supplemental data (23):
{ [5 bytes data]
* TLSv1.2 (IN), TLS header, Supplemental data (23):
{ [5 bytes data]
* TLSv1.2 (IN), TLS header, Supplemental data (23):
{ [5 bytes data]
* TLSv1.2 (IN), TLS header, Supplemental data (23):
{ [5 bytes data]
* TLSv1.2 (IN), TLS header, Supplemental data (23):
{ [5 bytes data]
* TLSv1.2 (IN), TLS header, Supplemental data (23):
{ [5 bytes data]
* TLSv1.2 (IN), TLS header, Supplemental data (23):
{ [5 bytes data]
* TLSv1.2 (IN), TLS header, Supplemental data (23):
{ [5 bytes data]
* TLSv1.2 (IN), TLS header, Supplemental data (23):
{ [5 bytes data]
* TLSv1.2 (IN), TLS header, Supplemental data (23):
{ [5 bytes data]
* TLSv1.2 (IN), TLS header, Supplemental data (23):
{ [5 bytes data]
* TLSv1.2 (IN), TLS header, Supplemental data (23):
{ [5 bytes data]
* TLSv1.2 (IN), TLS header, Supplemental data (23):
{ [5 bytes data]
* TLSv1.2 (IN), TLS header, Supplemental data (23):
{ [5 bytes data]
* TLSv1.2 (IN), TLS header, Supplemental data (23):
{ [5 bytes data]
* TLSv1.2 (IN), TLS header, Supplemental data (23):
{ [5 bytes data]
* TLSv1.2 (IN), TLS header, Supplemental data (23):
{ [5 bytes data]
* TLSv1.2 (IN), TLS header, Supplemental data (23):
{ [5 bytes data]
* TLSv1.2 (IN), TLS header, Supplemental data (23):
{ [5 bytes data]
* TLSv1.2 (IN), TLS header, Supplemental data (23):
{ [5 bytes data]
* TLSv1.2 (IN), TLS header, Supplemental data (23):
{ [5 bytes data]
* TLSv1.2 (IN), TLS header, Supplemental data (23):
{ [5 bytes data]
* TLSv1.2 (IN), TLS header, Supplemental data (23):
{ [5 bytes data]
* TLSv1.2 (IN), TLS header, Supplemental data (23):
{ [5 bytes data]
* TLSv1.2 (IN), TLS header, Supplemental data (23):
{ [5 bytes data]
* TLSv1.2 (IN), TLS header, Supplemental data (23):
{ [5 bytes data]
* TLSv1.2 (IN), TLS header, Supplemental data (23):
{ [5 bytes data]
* TLSv1.2 (IN), TLS header, Supplemental data (23):
{ [5 bytes data]
* TLSv1.2 (IN), TLS header, Supplemental data (23):
{ [5 bytes data]
* TLSv1.2 (IN), TLS header, Supplemental data (23):
{ [5 bytes data]
* TLSv1.2 (IN), TLS header, Supplemental data (23):
{ [5 bytes data]
* TLSv1.2 (IN), TLS header, Supplemental data (23):
{ [5 bytes data]
* TLSv1.2 (IN), TLS header, Supplemental data (23):
{ [5 bytes data]
* TLSv1.2 (IN), TLS header, Supplemental data (23):
{ [5 bytes data]
* TLSv1.2 (IN), TLS header, Supplemental data (23):
{ [5 bytes data]
* TLSv1.2 (IN), TLS header, Supplemental data (23):
{ [5 bytes data]
* TLSv1.2 (IN), TLS header, Supplemental data (23):
{ [5 bytes data]
* TLSv1.2 (IN), TLS header, Supplemental data (23):
{ [5 bytes data]
* TLSv1.2 (IN), TLS header, Supplemental data (23):
{ [5 bytes data]
* TLSv1.2 (IN), TLS header, Supplemental data (23):
{ [5 bytes data]
* TLSv1.2 (IN), TLS header, Supplemental data (23):
{ [5 bytes data]
* TLSv1.2 (IN), TLS header, Supplemental data (23):
{ [5 bytes data]
* TLSv1.2 (IN), TLS header, Supplemental data (23):
{ [5 bytes data]
* TLSv1.2 (IN), TLS header, Supplemental data (23):
{ [5 bytes data]
* TLSv1.2 (IN), TLS header, Supplemental data (23):
{ [5 bytes data]
* TLSv1.2 (IN), TLS header, Supplemental data (23):
{ [5 bytes data]
* TLSv1.2 (IN), TLS header, Supplemental data (23):
{ [5 bytes data]
* TLSv1.2 (IN), TLS header, Supplemental data (23):
{ [5 bytes data]
* TLSv1.2 (IN), TLS header, Supplemental data (23):
{ [5 bytes data]
* TLSv1.2 (IN), TLS header, Supplemental data (23):
{ [5 bytes data]
* TLSv1.2 (IN), TLS header, Supplemental data (23):
{ [5 bytes data]
* TLSv1.2 (IN), TLS header, Supplemental data (23):
{ [5 bytes data]
* TLSv1.2 (IN), TLS header, Supplemental data (23):
{ [5 bytes data]
* TLSv1.2 (IN), TLS header, Supplemental data (23):
{ [5 bytes data]
* TLSv1.2 (IN), TLS header, Supplemental data (23):
{ [5 bytes data]
* TLSv1.2 (IN), TLS header, Supplemental data (23):
{ [5 bytes data]
* TLSv1.2 (IN), TLS header, Supplemental data (23):
{ [5 bytes data]
* TLSv1.2 (IN), TLS header, Supplemental data (23):
{ [5 bytes data]
* TLSv1.2 (IN), TLS header, Supplemental data (23):
{ [5 bytes data]
* TLSv1.2 (IN), TLS header, Supplemental data (23):
{ [5 bytes data]
* TLSv1.2 (IN), TLS header, Supplemental data (23):
{ [5 bytes data]
* TLSv1.2 (IN), TLS header, Supplemental data (23):
{ [5 bytes data]
* TLSv1.2 (IN), TLS header, Supplemental data (23):
{ [5 bytes data]
* TLSv1.2 (IN), TLS header, Supplemental data (23):
{ [5 bytes data]
* TLSv1.2 (IN), TLS header, Supplemental data (23):
{ [5 bytes data]
* TLSv1.2 (IN), TLS header, Supplemental data (23):
{ [5 bytes data]
* TLSv1.2 (IN), TLS header, Supplemental data (23):
{ [5 bytes data]
* TLSv1.2 (IN), TLS header, Supplemental data (23):
{ [5 bytes data]
* TLSv1.2 (IN), TLS header, Supplemental data (23):
{ [5 bytes data]
* TLSv1.2 (IN), TLS header, Supplemental data (23):
{ [5 bytes data]
* TLSv1.2 (IN), TLS header, Supplemental data (23):
{ [5 bytes data]
* TLSv1.2 (IN), TLS header, Supplemental data (23):
{ [5 bytes data]
* TLSv1.2 (IN), TLS header, Supplemental data (23):
{ [5 bytes data]
* TLSv1.2 (IN), TLS header, Supplemental data (23):
{ [5 bytes data]
* TLSv1.2 (IN), TLS header, Supplemental data (23):
{ [5 bytes data]
* TLSv1.2 (IN), TLS header, Supplemental data (23):
{ [5 bytes data]
* TLSv1.2 (IN), TLS header, Supplemental data (23):
{ [5 bytes data]
* TLSv1.2 (IN), TLS header, Supplemental data (23):
{ [5 bytes data]
* TLSv1.2 (IN), TLS header, Supplemental data (23):
{ [5 bytes data]
* TLSv1.2 (IN), TLS header, Supplemental data (23):
{ [5 bytes data]
* TLSv1.2 (IN), TLS header, Supplemental data (23):
{ [5 bytes data]
* TLSv1.2 (IN), TLS header, Supplemental data (23):
{ [5 bytes data]
* TLSv1.2 (IN), TLS header, Supplemental data (23):
{ [5 bytes data]
* TLSv1.2 (IN), TLS header, Supplemental data (23):
{ [5 bytes data]
* TLSv1.2 (IN), TLS header, Supplemental data (23):
{ [5 bytes data]
* TLSv1.2 (IN), TLS header, Supplemental data (23):
{ [5 bytes data]
* TLSv1.2 (IN), TLS header, Supplemental data (23):
{ [5 bytes data]
* TLSv1.2 (IN), TLS header, Supplemental data (23):
{ [5 bytes data]
* TLSv1.2 (IN), TLS header, Supplemental data (23):
{ [5 bytes data]
* TLSv1.2 (IN), TLS header, Supplemental data (23):
{ [5 bytes data]
* TLSv1.2 (IN), TLS header, Supplemental data (23):
{ [5 bytes data]
* TLSv1.2 (IN), TLS header, Supplemental data (23):
{ [5 bytes data]
* TLSv1.2 (IN), TLS header, Supplemental data (23):
{ [5 bytes data]
* TLSv1.2 (IN), TLS header, Supplemental data (23):
{ [5 bytes data]
* TLSv1.2 (IN), TLS header, Supplemental data (23):
{ [5 bytes data]
* TLSv1.2 (IN), TLS header, Supplemental data (23):
{ [5 bytes data]
* TLSv1.2 (IN), TLS header, Supplemental data (23):
{ [5 bytes data]
* TLSv1.2 (IN), TLS header, Supplemental data (23):
{ [5 bytes data]
* TLSv1.2 (IN), TLS header, Supplemental data (23):
{ [5 bytes data]
* TLSv1.2 (IN), TLS header, Supplemental data (23):
{ [5 bytes data]
* TLSv1.2 (IN), TLS header, Supplemental data (23):
{ [5 bytes data]
* TLSv1.2 (IN), TLS header, Supplemental data (23):
{ [5 bytes data]
* TLSv1.2 (IN), TLS header, Supplemental data (23):
{ [5 bytes data]
* TLSv1.2 (IN), TLS header, Supplemental data (23):
{ [5 bytes data]
* TLSv1.2 (IN), TLS header, Supplemental data (23):
{ [5 bytes data]
* TLSv1.2 (IN), TLS header, Supplemental data (23):
{ [5 bytes data]
* TLSv1.2 (IN), TLS header, Supplemental data (23):
{ [5 bytes data]
* TLSv1.2 (IN), TLS header, Supplemental data (23):
{ [5 bytes data]
* TLSv1.2 (IN), TLS header, Supplemental data (23):
{ [5 bytes data]
* TLSv1.2 (IN), TLS header, Supplemental data (23):
{ [5 bytes data]
* TLSv1.2 (IN), TLS header, Supplemental data (23):
{ [5 bytes data]
* TLSv1.2 (IN), TLS header, Supplemental data (23):
{ [5 bytes data]
* TLSv1.2 (IN), TLS header, Supplemental data (23):
{ [5 bytes data]
* TLSv1.2 (IN), TLS header, Supplemental data (23):
{ [5 bytes data]
* TLSv1.2 (IN), TLS header, Supplemental data (23):
{ [5 bytes data]
* TLSv1.2 (IN), TLS header, Supplemental data (23):
{ [5 bytes data]
* TLSv1.2 (IN), TLS header, Supplemental data (23):
{ [5 bytes data]
* TLSv1.2 (IN), TLS header, Supplemental data (23):
{ [5 bytes data]
* TLSv1.2 (IN), TLS header, Supplemental data (23):
{ [5 bytes data]
* TLSv1.2 (IN), TLS header, Supplemental data (23):
{ [5 bytes data]
* TLSv1.2 (IN), TLS header, Supplemental data (23):
{ [5 bytes data]
* TLSv1.2 (IN), TLS header, Supplemental data (23):
{ [5 bytes data]
* TLSv1.2 (IN), TLS header, Supplemental data (23):
{ [5 bytes data]
* TLSv1.2 (IN), TLS header, Supplemental data (23):
{ [5 bytes data]
* TLSv1.2 (IN), TLS header, Supplemental data (23):
{ [5 bytes data]
* TLSv1.2 (IN), TLS header, Supplemental data (23):
{ [5 bytes data]
* TLSv1.2 (IN), TLS header, Supplemental data (23):
{ [5 bytes data]
* TLSv1.2 (IN), TLS header, Supplemental data (23):
{ [5 bytes data]
* TLSv1.2 (IN), TLS header, Supplemental data (23):
{ [5 bytes data]
* TLSv1.2 (IN), TLS header, Supplemental data (23):
{ [5 bytes data]
* TLSv1.2 (IN), TLS header, Supplemental data (23):
{ [5 bytes data]
* TLSv1.2 (IN), TLS header, Supplemental data (23):
{ [5 bytes data]
* TLSv1.2 (IN), TLS header, Supplemental data (23):
{ [5 bytes data]
* TLSv1.2 (IN), TLS header, Supplemental data (23):
{ [5 bytes data]
* TLSv1.2 (IN), TLS header, Supplemental data (23):
{ [5 bytes data]
* TLSv1.2 (IN), TLS header, Supplemental data (23):
{ [5 bytes data]
* TLSv1.2 (IN), TLS header, Supplemental data (23):
{ [5 bytes data]
* TLSv1.2 (IN), TLS header, Supplemental data (23):
{ [5 bytes data]
* TLSv1.2 (IN), TLS header, Supplemental data (23):
{ [5 bytes data]
* TLSv1.2 (IN), TLS header, Supplemental data (23):
{ [5 bytes data]
* TLSv1.2 (IN), TLS header, Supplemental data (23):
{ [5 bytes data]
* TLSv1.2 (IN), TLS header, Supplemental data (23):
{ [5 bytes data]
* TLSv1.2 (IN), TLS header, Supplemental data (23):
{ [5 bytes data]
* TLSv1.2 (IN), TLS header, Supplemental data (23):
{ [5 bytes data]
* TLSv1.2 (IN), TLS header, Supplemental data (23):
{ [5 bytes data]
* TLSv1.2 (IN), TLS header, Supplemental data (23):
{ [5 bytes data]
* TLSv1.2 (IN), TLS header, Supplemental data (23):
{ [5 bytes data]
* TLSv1.2 (IN), TLS header, Supplemental data (23):
{ [5 bytes data]
* TLSv1.2 (IN), TLS header, Supplemental data (23):
{ [5 bytes data]
* TLSv1.2 (IN), TLS header, Supplemental data (23):
{ [5 bytes data]
* TLSv1.2 (IN), TLS header, Supplemental data (23):
{ [5 bytes data]
* TLSv1.2 (IN), TLS header, Supplemental data (23):
{ [5 bytes data]
* TLSv1.2 (IN), TLS header, Supplemental data (23):
{ [5 bytes data]
* TLSv1.2 (IN), TLS header, Supplemental data (23):
{ [5 bytes data]
* TLSv1.2 (IN), TLS header, Supplemental data (23):
{ [5 bytes data]
* TLSv1.2 (IN), TLS header, Supplemental data (23):
{ [5 bytes data]
* TLSv1.2 (IN), TLS header, Supplemental data (23):
{ [5 bytes data]
* TLSv1.2 (IN), TLS header, Supplemental data (23):
{ [5 bytes data]
* TLSv1.2 (IN), TLS header, Supplemental data (23):
{ [5 bytes data]
* TLSv1.2 (IN), TLS header, Supplemental data (23):
{ [5 bytes data]
* TLSv1.2 (IN), TLS header, Supplemental data (23):
{ [5 bytes data]
* TLSv1.2 (IN), TLS header, Supplemental data (23):
{ [5 bytes data]
* TLSv1.2 (IN), TLS header, Supplemental data (23):
{ [5 bytes data]
* TLSv1.2 (IN), TLS header, Supplemental data (23):
{ [5 bytes data]
* TLSv1.2 (IN), TLS header, Supplemental data (23):
{ [5 bytes data]
* TLSv1.2 (IN), TLS header, Supplemental data (23):
{ [5 bytes data]
* TLSv1.2 (IN), TLS header, Supplemental data (23):
{ [5 bytes data]
* TLSv1.2 (IN), TLS header, Supplemental data (23):
{ [5 bytes data]
* TLSv1.2 (IN), TLS header, Supplemental data (23):
{ [5 bytes data]
* TLSv1.2 (IN), TLS header, Supplemental data (23):
{ [5 bytes data]
* TLSv1.2 (IN), TLS header, Supplemental data (23):
{ [5 bytes data]
* TLSv1.2 (IN), TLS header, Supplemental data (23):
{ [5 bytes data]
* TLSv1.2 (IN), TLS header, Supplemental data (23):
{ [5 bytes data]
* TLSv1.2 (IN), TLS header, Supplemental data (23):
{ [5 bytes data]
* TLSv1.2 (IN), TLS header, Supplemental data (23):
{ [5 bytes data]
* TLSv1.2 (IN), TLS header, Supplemental data (23):
{ [5 bytes data]
* TLSv1.2 (IN), TLS header, Supplemental data (23):
{ [5 bytes data]
* TLSv1.2 (IN), TLS header, Supplemental data (23):
{ [5 bytes data]
* TLSv1.2 (IN), TLS header, Supplemental data (23):
{ [5 bytes data]
* TLSv1.2 (IN), TLS header, Supplemental data (23):
{ [5 bytes data]
* TLSv1.2 (IN), TLS header, Supplemental data (23):
{ [5 bytes data]
* TLSv1.2 (IN), TLS header, Supplemental data (23):
{ [5 bytes data]
* TLSv1.2 (IN), TLS header, Supplemental data (23):
{ [5 bytes data]
* TLSv1.2 (IN), TLS header, Supplemental data (23):
{ [5 bytes data]
* TLSv1.2 (IN), TLS header, Supplemental data (23):
{ [5 bytes data]
* TLSv1.2 (IN), TLS header, Supplemental data (23):
{ [5 bytes data]
* TLSv1.2 (IN), TLS header, Supplemental data (23):
{ [5 bytes data]
* TLSv1.2 (IN), TLS header, Supplemental data (23):
{ [5 bytes data]
* TLSv1.2 (IN), TLS header, Supplemental data (23):
{ [5 bytes data]
* TLSv1.2 (IN), TLS header, Supplemental data (23):
{ [5 bytes data]
* TLSv1.2 (IN), TLS header, Supplemental data (23):
{ [5 bytes data]
* TLSv1.2 (IN), TLS header, Supplemental data (23):
{ [5 bytes data]
* TLSv1.2 (IN), TLS header, Supplemental data (23):
{ [5 bytes data]
* TLSv1.2 (IN), TLS header, Supplemental data (23):
{ [5 bytes data]
* TLSv1.2 (IN), TLS header, Supplemental data (23):
{ [5 bytes data]
* TLSv1.2 (IN), TLS header, Supplemental data (23):
{ [5 bytes data]
* TLSv1.2 (IN), TLS header, Supplemental data (23):
{ [5 bytes data]
* TLSv1.2 (IN), TLS header, Supplemental data (23):
{ [5 bytes data]
* TLSv1.2 (IN), TLS header, Supplemental data (23):
{ [5 bytes data]
* TLSv1.2 (IN), TLS header, Supplemental data (23):
{ [5 bytes data]
* TLSv1.2 (IN), TLS header, Supplemental data (23):
{ [5 bytes data]
* TLSv1.2 (IN), TLS header, Supplemental data (23):
{ [5 bytes data]
* TLSv1.2 (IN), TLS header, Supplemental data (23):
{ [5 bytes data]
* TLSv1.2 (IN), TLS header, Supplemental data (23):
{ [5 bytes data]
* TLSv1.2 (IN), TLS header, Supplemental data (23):
{ [5 bytes data]
* TLSv1.2 (IN), TLS header, Supplemental data (23):
{ [5 bytes data]
* TLSv1.2 (IN), TLS header, Supplemental data (23):
{ [5 bytes data]
* TLSv1.2 (IN), TLS header, Supplemental data (23):
{ [5 bytes data]
* TLSv1.2 (IN), TLS header, Supplemental data (23):
{ [5 bytes data]
* TLSv1.2 (IN), TLS header, Supplemental data (23):
{ [5 bytes data]
* TLSv1.2 (IN), TLS header, Supplemental data (23):
{ [5 bytes data]
* TLSv1.2 (IN), TLS header, Supplemental data (23):
{ [5 bytes data]
* TLSv1.2 (IN), TLS header, Supplemental data (23):
{ [5 bytes data]
* TLSv1.2 (IN), TLS header, Supplemental data (23):
{ [5 bytes data]
* TLSv1.2 (IN), TLS header, Supplemental data (23):
{ [5 bytes data]
* TLSv1.2 (IN), TLS header, Supplemental data (23):
{ [5 bytes data]
* TLSv1.2 (IN), TLS header, Supplemental data (23):
{ [5 bytes data]
* TLSv1.2 (IN), TLS header, Supplemental data (23):
{ [5 bytes data]
* TLSv1.2 (IN), TLS header, Supplemental data (23):
{ [5 bytes data]
* TLSv1.2 (IN), TLS header, Supplemental data (23):
{ [5 bytes data]
* TLSv1.2 (IN), TLS header, Supplemental data (23):
{ [5 bytes data]
* TLSv1.2 (IN), TLS header, Supplemental data (23):
{ [5 bytes data]
* TLSv1.2 (IN), TLS header, Supplemental data (23):
{ [5 bytes data]
* TLSv1.2 (IN), TLS header, Supplemental data (23):
{ [5 bytes data]
* TLSv1.2 (IN), TLS header, Supplemental data (23):
{ [5 bytes data]
* TLSv1.2 (IN), TLS header, Supplemental data (23):
{ [5 bytes data]
* TLSv1.2 (IN), TLS header, Supplemental data (23):
{ [5 bytes data]
* TLSv1.2 (IN), TLS header, Supplemental data (23):
{ [5 bytes data]
* TLSv1.2 (IN), TLS header, Supplemental data (23):
{ [5 bytes data]
* TLSv1.2 (IN), TLS header, Supplemental data (23):
{ [5 bytes data]
* TLSv1.2 (IN), TLS header, Supplemental data (23):
{ [5 bytes data]
* TLSv1.2 (IN), TLS header, Supplemental data (23):
{ [5 bytes data]
* TLSv1.2 (IN), TLS header, Supplemental data (23):
{ [5 bytes data]
* TLSv1.2 (IN), TLS header, Supplemental data (23):
{ [5 bytes data]
* TLSv1.2 (IN), TLS header, Supplemental data (23):
{ [5 bytes data]
* TLSv1.2 (IN), TLS header, Supplemental data (23):
{ [5 bytes data]
* TLSv1.2 (IN), TLS header, Supplemental data (23):
{ [5 bytes data]
* TLSv1.2 (IN), TLS header, Supplemental data (23):
{ [5 bytes data]
* TLSv1.2 (IN), TLS header, Supplemental data (23):
{ [5 bytes data]
* TLSv1.2 (IN), TLS header, Supplemental data (23):
{ [5 bytes data]
* TLSv1.2 (IN), TLS header, Supplemental data (23):
{ [5 bytes data]
* TLSv1.2 (IN), TLS header, Supplemental data (23):
{ [5 bytes data]
* TLSv1.2 (IN), TLS header, Supplemental data (23):
{ [5 bytes data]
* TLSv1.2 (IN), TLS header, Supplemental data (23):
{ [5 bytes data]
* TLSv1.2 (IN), TLS header, Supplemental data (23):
{ [5 bytes data]
* TLSv1.2 (IN), TLS header, Supplemental data (23):
{ [5 bytes data]
* TLSv1.2 (IN), TLS header, Supplemental data (23):
{ [5 bytes data]
* TLSv1.2 (IN), TLS header, Supplemental data (23):
{ [5 bytes data]
* TLSv1.2 (IN), TLS header, Supplemental data (23):
{ [5 bytes data]
* TLSv1.2 (IN), TLS header, Supplemental data (23):
{ [5 bytes data]
* TLSv1.2 (IN), TLS header, Supplemental data (23):
{ [5 bytes data]
* TLSv1.2 (IN), TLS header, Supplemental data (23):
{ [5 bytes data]
* TLSv1.2 (IN), TLS header, Supplemental data (23):
{ [5 bytes data]
* TLSv1.2 (IN), TLS header, Supplemental data (23):
{ [5 bytes data]
* TLSv1.2 (IN), TLS header, Supplemental data (23):
{ [5 bytes data]
* TLSv1.2 (IN), TLS header, Supplemental data (23):
{ [5 bytes data]
* TLSv1.2 (IN), TLS header, Supplemental data (23):
{ [5 bytes data]
* TLSv1.2 (IN), TLS header, Supplemental data (23):
{ [5 bytes data]
* TLSv1.2 (IN), TLS header, Supplemental data (23):
{ [5 bytes data]
* TLSv1.2 (IN), TLS header, Supplemental data (23):
{ [5 bytes data]
* TLSv1.2 (IN), TLS header, Supplemental data (23):
{ [5 bytes data]
* TLSv1.2 (IN), TLS header, Supplemental data (23):
{ [5 bytes data]
* TLSv1.2 (IN), TLS header, Supplemental data (23):
{ [5 bytes data]
* TLSv1.2 (IN), TLS header, Supplemental data (23):
{ [5 bytes data]
* TLSv1.2 (IN), TLS header, Supplemental data (23):
{ [5 bytes data]
* TLSv1.2 (IN), TLS header, Supplemental data (23):
{ [5 bytes data]
* TLSv1.2 (IN), TLS header, Supplemental data (23):
{ [5 bytes data]
* TLSv1.2 (IN), TLS header, Supplemental data (23):
{ [5 bytes data]
* TLSv1.2 (IN), TLS header, Supplemental data (23):
{ [5 bytes data]
* TLSv1.2 (IN), TLS header, Supplemental data (23):
{ [5 bytes data]
* TLSv1.2 (IN), TLS header, Supplemental data (23):
{ [5 bytes data]
* TLSv1.2 (IN), TLS header, Supplemental data (23):
{ [5 bytes data]
* TLSv1.2 (IN), TLS header, Supplemental data (23):
{ [5 bytes data]
* TLSv1.2 (IN), TLS header, Supplemental data (23):
{ [5 bytes data]
* TLSv1.2 (IN), TLS header, Supplemental data (23):
{ [5 bytes data]
* TLSv1.2 (IN), TLS header, Supplemental data (23):
{ [5 bytes data]
* TLSv1.2 (IN), TLS header, Supplemental data (23):
{ [5 bytes data]
* TLSv1.2 (IN), TLS header, Supplemental data (23):
{ [5 bytes data]
* TLSv1.2 (IN), TLS header, Supplemental data (23):
{ [5 bytes data]
* TLSv1.2 (IN), TLS header, Supplemental data (23):
{ [5 bytes data]
* TLSv1.2 (IN), TLS header, Supplemental data (23):
{ [5 bytes data]
* TLSv1.2 (IN), TLS header, Supplemental data (23):
{ [5 bytes data]
* TLSv1.2 (IN), TLS header, Supplemental data (23):
{ [5 bytes data]
* TLSv1.2 (IN), TLS header, Supplemental data (23):
{ [5 bytes data]
* TLSv1.2 (IN), TLS header, Supplemental data (23):
{ [5 bytes data]
* TLSv1.2 (IN), TLS header, Supplemental data (23):
{ [5 bytes data]
* TLSv1.2 (IN), TLS header, Supplemental data (23):
{ [5 bytes data]
* TLSv1.2 (IN), TLS header, Supplemental data (23):
{ [5 bytes data]
* TLSv1.2 (IN), TLS header, Supplemental data (23):
{ [5 bytes data]
* TLSv1.2 (IN), TLS header, Supplemental data (23):
{ [5 bytes data]
* TLSv1.2 (IN), TLS header, Supplemental data (23):
{ [5 bytes data]
* TLSv1.2 (IN), TLS header, Supplemental data (23):
{ [5 bytes data]
* TLSv1.2 (IN), TLS header, Supplemental data (23):
{ [5 bytes data]
* TLSv1.2 (IN), TLS header, Supplemental data (23):
{ [5 bytes data]
* TLSv1.2 (IN), TLS header, Supplemental data (23):
{ [5 bytes data]
* TLSv1.2 (IN), TLS header, Supplemental data (23):
{ [5 bytes data]
* TLSv1.2 (IN), TLS header, Supplemental data (23):
{ [5 bytes data]
* TLSv1.2 (IN), TLS header, Supplemental data (23):
{ [5 bytes data]
* TLSv1.2 (IN), TLS header, Supplemental data (23):
{ [5 bytes data]
* TLSv1.2 (IN), TLS header, Supplemental data (23):
{ [5 bytes data]
* TLSv1.2 (IN), TLS header, Supplemental data (23):
{ [5 bytes data]
* TLSv1.2 (IN), TLS header, Supplemental data (23):
{ [5 bytes data]
* TLSv1.2 (IN), TLS header, Supplemental data (23):
{ [5 bytes data]
* TLSv1.2 (IN), TLS header, Supplemental data (23):
{ [5 bytes data]
* TLSv1.2 (IN), TLS header, Supplemental data (23):
{ [5 bytes data]
* TLSv1.2 (IN), TLS header, Supplemental data (23):
{ [5 bytes data]
* TLSv1.2 (IN), TLS header, Supplemental data (23):
{ [5 bytes data]
* TLSv1.2 (IN), TLS header, Supplemental data (23):
{ [5 bytes data]
* TLSv1.2 (IN), TLS header, Supplemental data (23):
{ [5 bytes data]
* TLSv1.2 (IN), TLS header, Supplemental data (23):
{ [5 bytes data]
* TLSv1.2 (IN), TLS header, Supplemental data (23):
{ [5 bytes data]
* TLSv1.2 (IN), TLS header, Supplemental data (23):
{ [5 bytes data]
* TLSv1.2 (IN), TLS header, Supplemental data (23):
{ [5 bytes data]
* TLSv1.2 (IN), TLS header, Supplemental data (23):
{ [5 bytes data]
* TLSv1.2 (IN), TLS header, Supplemental data (23):
{ [5 bytes data]
* TLSv1.2 (IN), TLS header, Supplemental data (23):
{ [5 bytes data]
* TLSv1.2 (IN), TLS header, Supplemental data (23):
{ [5 bytes data]
* TLSv1.2 (IN), TLS header, Supplemental data (23):
{ [5 bytes data]
* TLSv1.2 (IN), TLS header, Supplemental data (23):
{ [5 bytes data]
* TLSv1.2 (IN), TLS header, Supplemental data (23):
{ [5 bytes data]
* TLSv1.2 (IN), TLS header, Supplemental data (23):
{ [5 bytes data]
* TLSv1.2 (IN), TLS header, Supplemental data (23):
{ [5 bytes data]
* TLSv1.2 (IN), TLS header, Supplemental data (23):
{ [5 bytes data]
* TLSv1.2 (IN), TLS header, Supplemental data (23):
{ [5 bytes data]
* TLSv1.2 (IN), TLS header, Supplemental data (23):
{ [5 bytes data]
* TLSv1.2 (IN), TLS header, Supplemental data (23):
{ [5 bytes data]
* TLSv1.2 (IN), TLS header, Supplemental data (23):
{ [5 bytes data]
* TLSv1.2 (IN), TLS header, Supplemental data (23):
{ [5 bytes data]
* TLSv1.2 (IN), TLS header, Supplemental data (23):
{ [5 bytes data]
* TLSv1.2 (IN), TLS header, Supplemental data (23):
{ [5 bytes data]
* TLSv1.2 (IN), TLS header, Supplemental data (23):
{ [5 bytes data]
* TLSv1.2 (IN), TLS header, Supplemental data (23):
{ [5 bytes data]
* TLSv1.2 (IN), TLS header, Supplemental data (23):
{ [5 bytes data]
* TLSv1.2 (IN), TLS header, Supplemental data (23):
{ [5 bytes data]
* TLSv1.2 (IN), TLS header, Supplemental data (23):
{ [5 bytes data]
* TLSv1.2 (IN), TLS header, Supplemental data (23):
{ [5 bytes data]
* TLSv1.2 (IN), TLS header, Supplemental data (23):
{ [5 bytes data]
* TLSv1.2 (IN), TLS header, Supplemental data (23):
{ [5 bytes data]
* TLSv1.2 (IN), TLS header, Supplemental data (23):
{ [5 bytes data]
* TLSv1.2 (IN), TLS header, Supplemental data (23):
{ [5 bytes data]
* TLSv1.2 (IN), TLS header, Supplemental data (23):
{ [5 bytes data]
* TLSv1.2 (IN), TLS header, Supplemental data (23):
{ [5 bytes data]
* TLSv1.2 (IN), TLS header, Supplemental data (23):
{ [5 bytes data]
* TLSv1.2 (IN), TLS header, Supplemental data (23):
{ [5 bytes data]
* TLSv1.2 (IN), TLS header, Supplemental data (23):
{ [5 bytes data]
* TLSv1.2 (IN), TLS header, Supplemental data (23):
{ [5 bytes data]
* TLSv1.2 (IN), TLS header, Supplemental data (23):
{ [5 bytes data]
* TLSv1.2 (IN), TLS header, Supplemental data (23):
{ [5 bytes data]
* TLSv1.2 (IN), TLS header, Supplemental data (23):
{ [5 bytes data]
* TLSv1.2 (IN), TLS header, Supplemental data (23):
{ [5 bytes data]
* TLSv1.2 (IN), TLS header, Supplemental data (23):
{ [5 bytes data]
* TLSv1.2 (IN), TLS header, Supplemental data (23):
{ [5 bytes data]
* TLSv1.2 (IN), TLS header, Supplemental data (23):
{ [5 bytes data]
* TLSv1.2 (IN), TLS header, Supplemental data (23):
{ [5 bytes data]
* TLSv1.2 (IN), TLS header, Supplemental data (23):
{ [5 bytes data]
* TLSv1.2 (IN), TLS header, Supplemental data (23):
{ [5 bytes data]
* TLSv1.2 (IN), TLS header, Supplemental data (23):
{ [5 bytes data]
* TLSv1.2 (IN), TLS header, Supplemental data (23):
{ [5 bytes data]
* TLSv1.2 (IN), TLS header, Supplemental data (23):
{ [5 bytes data]
* TLSv1.2 (IN), TLS header, Supplemental data (23):
{ [5 bytes data]
* TLSv1.2 (IN), TLS header, Supplemental data (23):
{ [5 bytes data]
* TLSv1.2 (IN), TLS header, Supplemental data (23):
{ [5 bytes data]
* TLSv1.2 (IN), TLS header, Supplemental data (23):
{ [5 bytes data]
* TLSv1.2 (IN), TLS header, Supplemental data (23):
{ [5 bytes data]
* TLSv1.2 (IN), TLS header, Supplemental data (23):
{ [5 bytes data]
* TLSv1.2 (IN), TLS header, Supplemental data (23):
{ [5 bytes data]
* TLSv1.2 (IN), TLS header, Supplemental data (23):
{ [5 bytes data]
* TLSv1.2 (IN), TLS header, Supplemental data (23):
{ [5 bytes data]
* TLSv1.2 (IN), TLS header, Supplemental data (23):
{ [5 bytes data]
* TLSv1.2 (IN), TLS header, Supplemental data (23):
{ [5 bytes data]
* TLSv1.2 (IN), TLS header, Supplemental data (23):
{ [5 bytes data]
* TLSv1.2 (IN), TLS header, Supplemental data (23):
{ [5 bytes data]
* TLSv1.2 (IN), TLS header, Supplemental data (23):
{ [5 bytes data]
* TLSv1.2 (IN), TLS header, Supplemental data (23):
{ [5 bytes data]
* TLSv1.2 (IN), TLS header, Supplemental data (23):
{ [5 bytes data]
* TLSv1.2 (IN), TLS header, Supplemental data (23):
{ [5 bytes data]
* TLSv1.2 (IN), TLS header, Supplemental data (23):
{ [5 bytes data]
* TLSv1.2 (IN), TLS header, Supplemental data (23):
{ [5 bytes data]
* TLSv1.2 (IN), TLS header, Supplemental data (23):
{ [5 bytes data]
* TLSv1.2 (IN), TLS header, Supplemental data (23):
{ [5 bytes data]
* TLSv1.2 (IN), TLS header, Supplemental data (23):
{ [5 bytes data]
* TLSv1.2 (IN), TLS header, Supplemental data (23):
{ [5 bytes data]
* TLSv1.2 (IN), TLS header, Supplemental data (23):
{ [5 bytes data]
* TLSv1.2 (IN), TLS header, Supplemental data (23):
{ [5 bytes data]
* TLSv1.2 (IN), TLS header, Supplemental data (23):
{ [5 bytes data]
* TLSv1.2 (IN), TLS header, Supplemental data (23):
{ [5 bytes data]
* TLSv1.2 (IN), TLS header, Supplemental data (23):
{ [5 bytes data]
* TLSv1.2 (IN), TLS header, Supplemental data (23):
{ [5 bytes data]
* TLSv1.2 (IN), TLS header, Supplemental data (23):
{ [5 bytes data]
* TLSv1.2 (IN), TLS header, Supplemental data (23):
{ [5 bytes data]
* TLSv1.2 (IN), TLS header, Supplemental data (23):
{ [5 bytes data]
* TLSv1.2 (IN), TLS header, Supplemental data (23):
{ [5 bytes data]
* TLSv1.2 (IN), TLS header, Supplemental data (23):
{ [5 bytes data]
* TLSv1.2 (IN), TLS header, Supplemental data (23):
{ [5 bytes data]
* TLSv1.2 (IN), TLS header, Supplemental data (23):
{ [5 bytes data]
* TLSv1.2 (IN), TLS header, Supplemental data (23):
{ [5 bytes data]
* TLSv1.2 (IN), TLS header, Supplemental data (23):
{ [5 bytes data]
* TLSv1.2 (IN), TLS header, Supplemental data (23):
{ [5 bytes data]
* TLSv1.2 (IN), TLS header, Supplemental data (23):
{ [5 bytes data]
* TLSv1.2 (IN), TLS header, Supplemental data (23):
{ [5 bytes data]
* TLSv1.2 (IN), TLS header, Supplemental data (23):
{ [5 bytes data]
* TLSv1.2 (IN), TLS header, Supplemental data (23):
{ [5 bytes data]
* TLSv1.2 (IN), TLS header, Supplemental data (23):
{ [5 bytes data]
* TLSv1.2 (IN), TLS header, Supplemental data (23):
{ [5 bytes data]
* TLSv1.2 (IN), TLS header, Supplemental data (23):
{ [5 bytes data]
* TLSv1.2 (IN), TLS header, Supplemental data (23):
{ [5 bytes data]
* TLSv1.2 (IN), TLS header, Supplemental data (23):
{ [5 bytes data]
* TLSv1.2 (IN), TLS header, Supplemental data (23):
{ [5 bytes data]
* TLSv1.2 (IN), TLS header, Supplemental data (23):
{ [5 bytes data]
* TLSv1.2 (IN), TLS header, Supplemental data (23):
{ [5 bytes data]
* TLSv1.2 (IN), TLS header, Supplemental data (23):
{ [5 bytes data]
* TLSv1.2 (IN), TLS header, Supplemental data (23):
{ [5 bytes data]
* TLSv1.2 (IN), TLS header, Supplemental data (23):
{ [5 bytes data]
* TLSv1.2 (IN), TLS header, Supplemental data (23):
{ [5 bytes data]
* TLSv1.2 (IN), TLS header, Supplemental data (23):
{ [5 bytes data]
* TLSv1.2 (IN), TLS header, Supplemental data (23):
{ [5 bytes data]
* TLSv1.2 (IN), TLS header, Supplemental data (23):
{ [5 bytes data]
* TLSv1.2 (IN), TLS header, Supplemental data (23):
{ [5 bytes data]
* TLSv1.2 (IN), TLS header, Supplemental data (23):
{ [5 bytes data]
* TLSv1.2 (IN), TLS header, Supplemental data (23):
{ [5 bytes data]
* TLSv1.2 (IN), TLS header, Supplemental data (23):
{ [5 bytes data]
* TLSv1.2 (IN), TLS header, Supplemental data (23):
{ [5 bytes data]
* TLSv1.2 (IN), TLS header, Supplemental data (23):
{ [5 bytes data]
* TLSv1.2 (IN), TLS header, Supplemental data (23):
{ [5 bytes data]
* TLSv1.2 (IN), TLS header, Supplemental data (23):
{ [5 bytes data]
* TLSv1.2 (IN), TLS header, Supplemental data (23):
{ [5 bytes data]
* TLSv1.2 (IN), TLS header, Supplemental data (23):
{ [5 bytes data]
* TLSv1.2 (IN), TLS header, Supplemental data (23):
{ [5 bytes data]
* TLSv1.2 (IN), TLS header, Supplemental data (23):
{ [5 bytes data]
* TLSv1.2 (IN), TLS header, Supplemental data (23):
{ [5 bytes data]
* TLSv1.2 (IN), TLS header, Supplemental data (23):
{ [5 bytes data]
* TLSv1.2 (IN), TLS header, Supplemental data (23):
{ [5 bytes data]
* TLSv1.2 (IN), TLS header, Supplemental data (23):
{ [5 bytes data]
* TLSv1.2 (IN), TLS header, Supplemental data (23):
{ [5 bytes data]
* TLSv1.2 (IN), TLS header, Supplemental data (23):
{ [5 bytes data]
* TLSv1.2 (IN), TLS header, Supplemental data (23):
{ [5 bytes data]
* TLSv1.2 (IN), TLS header, Supplemental data (23):
{ [5 bytes data]
* TLSv1.2 (IN), TLS header, Supplemental data (23):
{ [5 bytes data]
* TLSv1.2 (IN), TLS header, Supplemental data (23):
{ [5 bytes data]
* TLSv1.2 (IN), TLS header, Supplemental data (23):
{ [5 bytes data]
* TLSv1.2 (IN), TLS header, Supplemental data (23):
{ [5 bytes data]
* TLSv1.2 (IN), TLS header, Supplemental data (23):
{ [5 bytes data]
* TLSv1.2 (IN), TLS header, Supplemental data (23):
{ [5 bytes data]
* TLSv1.2 (IN), TLS header, Supplemental data (23):
{ [5 bytes data]
* TLSv1.2 (IN), TLS header, Supplemental data (23):
{ [5 bytes data]
* TLSv1.2 (IN), TLS header, Supplemental data (23):
{ [5 bytes data]
* TLSv1.2 (IN), TLS header, Supplemental data (23):
{ [5 bytes data]
* TLSv1.2 (IN), TLS header, Supplemental data (23):
{ [5 bytes data]
* TLSv1.2 (IN), TLS header, Supplemental data (23):
{ [5 bytes data]
* TLSv1.2 (IN), TLS header, Supplemental data (23):
{ [5 bytes data]
* TLSv1.2 (IN), TLS header, Supplemental data (23):
{ [5 bytes data]
* TLSv1.2 (IN), TLS header, Supplemental data (23):
{ [5 bytes data]
* TLSv1.2 (IN), TLS header, Supplemental data (23):
{ [5 bytes data]
* TLSv1.2 (IN), TLS header, Supplemental data (23):
{ [5 bytes data]
* TLSv1.2 (IN), TLS header, Supplemental data (23):
{ [5 bytes data]
* TLSv1.2 (IN), TLS header, Supplemental data (23):
{ [5 bytes data]
* TLSv1.2 (IN), TLS header, Supplemental data (23):
{ [5 bytes data]
* TLSv1.2 (IN), TLS header, Supplemental data (23):
{ [5 bytes data]
* TLSv1.2 (IN), TLS header, Supplemental data (23):
{ [5 bytes data]
* TLSv1.2 (IN), TLS header, Supplemental data (23):
{ [5 bytes data]
* TLSv1.2 (IN), TLS header, Supplemental data (23):
{ [5 bytes data]
* TLSv1.2 (IN), TLS header, Supplemental data (23):
{ [5 bytes data]
* TLSv1.2 (IN), TLS header, Supplemental data (23):
{ [5 bytes data]
* TLSv1.2 (IN), TLS header, Supplemental data (23):
{ [5 bytes data]
* TLSv1.2 (IN), TLS header, Supplemental data (23):
{ [5 bytes data]
* TLSv1.2 (IN), TLS header, Supplemental data (23):
{ [5 bytes data]
* TLSv1.2 (IN), TLS header, Supplemental data (23):
{ [5 bytes data]
* TLSv1.2 (IN), TLS header, Supplemental data (23):
{ [5 bytes data]
* TLSv1.2 (IN), TLS header, Supplemental data (23):
{ [5 bytes data]
* TLSv1.2 (IN), TLS header, Supplemental data (23):
{ [5 bytes data]
* TLSv1.2 (IN), TLS header, Supplemental data (23):
{ [5 bytes data]
* TLSv1.2 (IN), TLS header, Supplemental data (23):
{ [5 bytes data]
* TLSv1.2 (IN), TLS header, Supplemental data (23):
{ [5 bytes data]
* TLSv1.2 (IN), TLS header, Supplemental data (23):
{ [5 bytes data]
* TLSv1.2 (IN), TLS header, Supplemental data (23):
{ [5 bytes data]
* TLSv1.2 (IN), TLS header, Supplemental data (23):
{ [5 bytes data]
* TLSv1.2 (IN), TLS header, Supplemental data (23):
{ [5 bytes data]
* TLSv1.2 (IN), TLS header, Supplemental data (23):
{ [5 bytes data]
* TLSv1.2 (IN), TLS header, Supplemental data (23):
{ [5 bytes data]
* TLSv1.2 (IN), TLS header, Supplemental data (23):
{ [5 bytes data]
* TLSv1.2 (IN), TLS header, Supplemental data (23):
{ [5 bytes data]
* TLSv1.2 (IN), TLS header, Supplemental data (23):
{ [5 bytes data]
* TLSv1.2 (IN), TLS header, Supplemental data (23):
{ [5 bytes data]
* TLSv1.2 (IN), TLS header, Supplemental data (23):
{ [5 bytes data]
* TLSv1.2 (IN), TLS header, Supplemental data (23):
{ [5 bytes data]
* TLSv1.2 (IN), TLS header, Supplemental data (23):
{ [5 bytes data]
* TLSv1.2 (IN), TLS header, Supplemental data (23):
{ [5 bytes data]
* TLSv1.2 (IN), TLS header, Supplemental data (23):
{ [5 bytes data]
* TLSv1.2 (IN), TLS header, Supplemental data (23):
{ [5 bytes data]
* TLSv1.2 (IN), TLS header, Supplemental data (23):
{ [5 bytes data]
* TLSv1.2 (IN), TLS header, Supplemental data (23):
{ [5 bytes data]
* TLSv1.2 (IN), TLS header, Supplemental data (23):
{ [5 bytes data]
* TLSv1.2 (IN), TLS header, Supplemental data (23):
{ [5 bytes data]
* TLSv1.2 (IN), TLS header, Supplemental data (23):
{ [5 bytes data]
* TLSv1.2 (IN), TLS header, Supplemental data (23):
{ [5 bytes data]
* TLSv1.2 (IN), TLS header, Supplemental data (23):
{ [5 bytes data]
* TLSv1.2 (IN), TLS header, Supplemental data (23):
{ [5 bytes data]
* TLSv1.2 (IN), TLS header, Supplemental data (23):
{ [5 bytes data]
* TLSv1.2 (IN), TLS header, Supplemental data (23):
{ [5 bytes data]
* TLSv1.2 (IN), TLS header, Supplemental data (23):
{ [5 bytes data]
* TLSv1.2 (IN), TLS header, Supplemental data (23):
{ [5 bytes data]
* TLSv1.2 (IN), TLS header, Supplemental data (23):
{ [5 bytes data]
* TLSv1.2 (IN), TLS header, Supplemental data (23):
{ [5 bytes data]
* TLSv1.2 (IN), TLS header, Supplemental data (23):
{ [5 bytes data]
* TLSv1.2 (IN), TLS header, Supplemental data (23):
{ [5 bytes data]
* TLSv1.2 (IN), TLS header, Supplemental data (23):
{ [5 bytes data]
* TLSv1.2 (IN), TLS header, Supplemental data (23):
{ [5 bytes data]
* TLSv1.2 (IN), TLS header, Supplemental data (23):
{ [5 bytes data]
* TLSv1.2 (IN), TLS header, Supplemental data (23):
{ [5 bytes data]
* TLSv1.2 (IN), TLS header, Supplemental data (23):
{ [5 bytes data]
* TLSv1.2 (IN), TLS header, Supplemental data (23):
{ [5 bytes data]
* TLSv1.2 (IN), TLS header, Supplemental data (23):
{ [5 bytes data]
* TLSv1.2 (IN), TLS header, Supplemental data (23):
{ [5 bytes data]
* TLSv1.2 (IN), TLS header, Supplemental data (23):
{ [5 bytes data]
* TLSv1.2 (IN), TLS header, Supplemental data (23):
{ [5 bytes data]
* TLSv1.2 (IN), TLS header, Supplemental data (23):
{ [5 bytes data]
* TLSv1.2 (IN), TLS header, Supplemental data (23):
{ [5 bytes data]
* TLSv1.2 (IN), TLS header, Supplemental data (23):
{ [5 bytes data]
* TLSv1.2 (IN), TLS header, Supplemental data (23):
{ [5 bytes data]
* TLSv1.2 (IN), TLS header, Supplemental data (23):
{ [5 bytes data]
* TLSv1.2 (IN), TLS header, Supplemental data (23):
{ [5 bytes data]
* TLSv1.2 (IN), TLS header, Supplemental data (23):
{ [5 bytes data]
* TLSv1.2 (IN), TLS header, Supplemental data (23):
{ [5 bytes data]
* TLSv1.2 (IN), TLS header, Supplemental data (23):
{ [5 bytes data]
* TLSv1.2 (IN), TLS header, Supplemental data (23):
{ [5 bytes data]
* TLSv1.2 (IN), TLS header, Supplemental data (23):
{ [5 bytes data]
* TLSv1.2 (IN), TLS header, Supplemental data (23):
{ [5 bytes data]
* TLSv1.2 (IN), TLS header, Supplemental data (23):
{ [5 bytes data]
* TLSv1.2 (IN), TLS header, Supplemental data (23):
{ [5 bytes data]
* TLSv1.2 (IN), TLS header, Supplemental data (23):
{ [5 bytes data]
* TLSv1.2 (IN), TLS header, Supplemental data (23):
{ [5 bytes data]
* TLSv1.2 (IN), TLS header, Supplemental data (23):
{ [5 bytes data]
* TLSv1.2 (IN), TLS header, Supplemental data (23):
{ [5 bytes data]
* TLSv1.2 (IN), TLS header, Supplemental data (23):
{ [5 bytes data]
* TLSv1.2 (IN), TLS header, Supplemental data (23):
{ [5 bytes data]
* TLSv1.2 (IN), TLS header, Supplemental data (23):
{ [5 bytes data]
* TLSv1.2 (IN), TLS header, Supplemental data (23):
{ [5 bytes data]
* TLSv1.2 (IN), TLS header, Supplemental data (23):
{ [5 bytes data]
* TLSv1.2 (IN), TLS header, Supplemental data (23):
{ [5 bytes data]
* TLSv1.2 (IN), TLS header, Supplemental data (23):
{ [5 bytes data]
* TLSv1.2 (IN), TLS header, Supplemental data (23):
{ [5 bytes data]
* TLSv1.2 (IN), TLS header, Supplemental data (23):
{ [5 bytes data]
* TLSv1.2 (IN), TLS header, Supplemental data (23):
{ [5 bytes data]
* TLSv1.2 (IN), TLS header, Supplemental data (23):
{ [5 bytes data]
* TLSv1.2 (IN), TLS header, Supplemental data (23):
{ [5 bytes data]
* TLSv1.2 (IN), TLS header, Supplemental data (23):
{ [5 bytes data]
* TLSv1.2 (IN), TLS header, Supplemental data (23):
{ [5 bytes data]
* TLSv1.2 (IN), TLS header, Supplemental data (23):
{ [5 bytes data]
* TLSv1.2 (IN), TLS header, Supplemental data (23):
{ [5 bytes data]
* TLSv1.2 (IN), TLS header, Supplemental data (23):
{ [5 bytes data]
* TLSv1.2 (IN), TLS header, Supplemental data (23):
{ [5 bytes data]
* TLSv1.2 (IN), TLS header, Supplemental data (23):
{ [5 bytes data]
* TLSv1.2 (IN), TLS header, Supplemental data (23):
{ [5 bytes data]
* TLSv1.2 (IN), TLS header, Supplemental data (23):
{ [5 bytes data]
* TLSv1.2 (IN), TLS header, Supplemental data (23):
{ [5 bytes data]
* TLSv1.2 (IN), TLS header, Supplemental data (23):
{ [5 bytes data]
* TLSv1.2 (IN), TLS header, Supplemental data (23):
{ [5 bytes data]
* TLSv1.2 (IN), TLS header, Supplemental data (23):
{ [5 bytes data]
* TLSv1.2 (IN), TLS header, Supplemental data (23):
{ [5 bytes data]
* TLSv1.2 (IN), TLS header, Supplemental data (23):
{ [5 bytes data]
* TLSv1.2 (IN), TLS header, Supplemental data (23):
{ [5 bytes data]
* TLSv1.2 (IN), TLS header, Supplemental data (23):
{ [5 bytes data]
* TLSv1.2 (IN), TLS header, Supplemental data (23):
{ [5 bytes data]
* TLSv1.2 (IN), TLS header, Supplemental data (23):
{ [5 bytes data]
* TLSv1.2 (IN), TLS header, Supplemental data (23):
{ [5 bytes data]
* TLSv1.2 (IN), TLS header, Supplemental data (23):
{ [5 bytes data]
* TLSv1.2 (IN), TLS header, Supplemental data (23):
{ [5 bytes data]
* TLSv1.2 (IN), TLS header, Supplemental data (23):
{ [5 bytes data]
* TLSv1.2 (IN), TLS header, Supplemental data (23):
{ [5 bytes data]
* TLSv1.2 (IN), TLS header, Supplemental data (23):
{ [5 bytes data]
* TLSv1.2 (IN), TLS header, Supplemental data (23):
{ [5 bytes data]
* TLSv1.2 (IN), TLS header, Supplemental data (23):
{ [5 bytes data]
* TLSv1.2 (IN), TLS header, Supplemental data (23):
{ [5 bytes data]
* TLSv1.2 (IN), TLS header, Supplemental data (23):
{ [5 bytes data]
* TLSv1.2 (IN), TLS header, Supplemental data (23):
{ [5 bytes data]
* TLSv1.2 (IN), TLS header, Supplemental data (23):
{ [5 bytes data]
* TLSv1.2 (IN), TLS header, Supplemental data (23):
{ [5 bytes data]
* TLSv1.2 (IN), TLS header, Supplemental data (23):
{ [5 bytes data]
* TLSv1.2 (IN), TLS header, Supplemental data (23):
{ [5 bytes data]
* TLSv1.2 (IN), TLS header, Supplemental data (23):
{ [5 bytes data]
* TLSv1.2 (IN), TLS header, Supplemental data (23):
{ [5 bytes data]
* TLSv1.2 (IN), TLS header, Supplemental data (23):
{ [5 bytes data]
* TLSv1.2 (IN), TLS header, Supplemental data (23):
{ [5 bytes data]
* TLSv1.2 (IN), TLS header, Supplemental data (23):
{ [5 bytes data]
* TLSv1.2 (IN), TLS header, Supplemental data (23):
{ [5 bytes data]
* TLSv1.2 (IN), TLS header, Supplemental data (23):
{ [5 bytes data]
* TLSv1.2 (IN), TLS header, Supplemental data (23):
{ [5 bytes data]
* TLSv1.2 (IN), TLS header, Supplemental data (23):
{ [5 bytes data]
* TLSv1.2 (IN), TLS header, Supplemental data (23):
{ [5 bytes data]
* TLSv1.2 (IN), TLS header, Supplemental data (23):
{ [5 bytes data]
* TLSv1.2 (IN), TLS header, Supplemental data (23):
{ [5 bytes data]
* TLSv1.2 (IN), TLS header, Supplemental data (23):
{ [5 bytes data]
* TLSv1.2 (IN), TLS header, Supplemental data (23):
{ [5 bytes data]
* TLSv1.2 (IN), TLS header, Supplemental data (23):
{ [5 bytes data]
* TLSv1.2 (IN), TLS header, Supplemental data (23):
{ [5 bytes data]
* TLSv1.2 (IN), TLS header, Supplemental data (23):
{ [5 bytes data]
* TLSv1.2 (IN), TLS header, Supplemental data (23):
{ [5 bytes data]
* TLSv1.2 (IN), TLS header, Supplemental data (23):
{ [5 bytes data]
* TLSv1.2 (IN), TLS header, Supplemental data (23):
{ [5 bytes data]
* TLSv1.2 (IN), TLS header, Supplemental data (23):
{ [5 bytes data]
* TLSv1.2 (IN), TLS header, Supplemental data (23):
{ [5 bytes data]
* TLSv1.2 (IN), TLS header, Supplemental data (23):
{ [5 bytes data]
* TLSv1.2 (IN), TLS header, Supplemental data (23):
{ [5 bytes data]
* TLSv1.2 (IN), TLS header, Supplemental data (23):
{ [5 bytes data]
* TLSv1.2 (IN), TLS header, Supplemental data (23):
{ [5 bytes data]
* TLSv1.2 (IN), TLS header, Supplemental data (23):
{ [5 bytes data]
* TLSv1.2 (IN), TLS header, Supplemental data (23):
{ [5 bytes data]
* TLSv1.2 (IN), TLS header, Supplemental data (23):
{ [5 bytes data]
* TLSv1.2 (IN), TLS header, Supplemental data (23):
{ [5 bytes data]
* TLSv1.2 (IN), TLS header, Supplemental data (23):
{ [5 bytes data]
* TLSv1.2 (IN), TLS header, Supplemental data (23):
{ [5 bytes data]
* TLSv1.2 (IN), TLS header, Supplemental data (23):
{ [5 bytes data]
* TLSv1.2 (IN), TLS header, Supplemental data (23):
{ [5 bytes data]
* TLSv1.2 (IN), TLS header, Supplemental data (23):
{ [5 bytes data]
* TLSv1.2 (IN), TLS header, Supplemental data (23):
{ [5 bytes data]
* TLSv1.2 (IN), TLS header, Supplemental data (23):
{ [5 bytes data]
* TLSv1.2 (IN), TLS header, Supplemental data (23):
{ [5 bytes data]
* TLSv1.2 (IN), TLS header, Supplemental data (23):
{ [5 bytes data]
* TLSv1.2 (IN), TLS header, Supplemental data (23):
{ [5 bytes data]
* TLSv1.2 (IN), TLS header, Supplemental data (23):
{ [5 bytes data]
* TLSv1.2 (IN), TLS header, Supplemental data (23):
{ [5 bytes data]
* TLSv1.2 (IN), TLS header, Supplemental data (23):
{ [5 bytes data]
* TLSv1.2 (IN), TLS header, Supplemental data (23):
{ [5 bytes data]
* TLSv1.2 (IN), TLS header, Supplemental data (23):
{ [5 bytes data]
* TLSv1.2 (IN), TLS header, Supplemental data (23):
{ [5 bytes data]
* TLSv1.2 (IN), TLS header, Supplemental data (23):
{ [5 bytes data]
* TLSv1.2 (IN), TLS header, Supplemental data (23):
{ [5 bytes data]
* TLSv1.2 (IN), TLS header, Supplemental data (23):
{ [5 bytes data]
* TLSv1.2 (IN), TLS header, Supplemental data (23):
{ [5 bytes data]
* TLSv1.2 (IN), TLS header, Supplemental data (23):
{ [5 bytes data]
* TLSv1.2 (IN), TLS header, Supplemental data (23):
{ [5 bytes data]
* TLSv1.2 (IN), TLS header, Supplemental data (23):
{ [5 bytes data]
* TLSv1.2 (IN), TLS header, Supplemental data (23):
{ [5 bytes data]
* TLSv1.2 (IN), TLS header, Supplemental data (23):
{ [5 bytes data]
* TLSv1.2 (IN), TLS header, Supplemental data (23):
{ [5 bytes data]
* TLSv1.2 (IN), TLS header, Supplemental data (23):
{ [5 bytes data]
* TLSv1.2 (IN), TLS header, Supplemental data (23):
{ [5 bytes data]
* TLSv1.2 (IN), TLS header, Supplemental data (23):
{ [5 bytes data]
* TLSv1.2 (IN), TLS header, Supplemental data (23):
{ [5 bytes data]
* TLSv1.2 (IN), TLS header, Supplemental data (23):
{ [5 bytes data]
* TLSv1.2 (IN), TLS header, Supplemental data (23):
{ [5 bytes data]
* TLSv1.2 (IN), TLS header, Supplemental data (23):
{ [5 bytes data]
* TLSv1.2 (IN), TLS header, Supplemental data (23):
{ [5 bytes data]
* TLSv1.2 (IN), TLS header, Supplemental data (23):
{ [5 bytes data]
* TLSv1.2 (IN), TLS header, Supplemental data (23):
{ [5 bytes data]
* TLSv1.2 (IN), TLS header, Supplemental data (23):
{ [5 bytes data]
* TLSv1.2 (IN), TLS header, Supplemental data (23):
{ [5 bytes data]
* TLSv1.2 (IN), TLS header, Supplemental data (23):
{ [5 bytes data]
* TLSv1.2 (IN), TLS header, Supplemental data (23):
{ [5 bytes data]
* TLSv1.2 (IN), TLS header, Supplemental data (23):
{ [5 bytes data]
* TLSv1.2 (IN), TLS header, Supplemental data (23):
{ [5 bytes data]
* TLSv1.2 (IN), TLS header, Supplemental data (23):
{ [5 bytes data]
* TLSv1.2 (IN), TLS header, Supplemental data (23):
{ [5 bytes data]
* TLSv1.2 (IN), TLS header, Supplemental data (23):
{ [5 bytes data]
* TLSv1.2 (IN), TLS header, Supplemental data (23):
{ [5 bytes data]
* TLSv1.2 (IN), TLS header, Supplemental data (23):
{ [5 bytes data]
* TLSv1.2 (IN), TLS header, Supplemental data (23):
{ [5 bytes data]
* TLSv1.2 (IN), TLS header, Supplemental data (23):
{ [5 bytes data]
* TLSv1.2 (IN), TLS header, Supplemental data (23):
{ [5 bytes data]
* TLSv1.2 (IN), TLS header, Supplemental data (23):
{ [5 bytes data]
* TLSv1.2 (IN), TLS header, Supplemental data (23):
{ [5 bytes data]
* TLSv1.2 (IN), TLS header, Supplemental data (23):
{ [5 bytes data]
* TLSv1.2 (IN), TLS header, Supplemental data (23):
{ [5 bytes data]
* TLSv1.2 (IN), TLS header, Supplemental data (23):
{ [5 bytes data]
* TLSv1.2 (IN), TLS header, Supplemental data (23):
{ [5 bytes data]
* TLSv1.2 (IN), TLS header, Supplemental data (23):
{ [5 bytes data]
* TLSv1.2 (IN), TLS header, Supplemental data (23):
{ [5 bytes data]
* TLSv1.2 (IN), TLS header, Supplemental data (23):
{ [5 bytes data]
* TLSv1.2 (IN), TLS header, Supplemental data (23):
{ [5 bytes data]
* TLSv1.2 (IN), TLS header, Supplemental data (23):
{ [5 bytes data]
* TLSv1.2 (IN), TLS header, Supplemental data (23):
{ [5 bytes data]
* TLSv1.2 (IN), TLS header, Supplemental data (23):
{ [5 bytes data]
* TLSv1.2 (IN), TLS header, Supplemental data (23):
{ [5 bytes data]
* TLSv1.2 (IN), TLS header, Supplemental data (23):
{ [5 bytes data]
* TLSv1.2 (IN), TLS header, Supplemental data (23):
{ [5 bytes data]
* TLSv1.2 (IN), TLS header, Supplemental data (23):
{ [5 bytes data]
* TLSv1.2 (IN), TLS header, Supplemental data (23):
{ [5 bytes data]
* TLSv1.2 (IN), TLS header, Supplemental data (23):
{ [5 bytes data]
* TLSv1.2 (IN), TLS header, Supplemental data (23):
{ [5 bytes data]
* TLSv1.2 (IN), TLS header, Supplemental data (23):
{ [5 bytes data]
* TLSv1.2 (IN), TLS header, Supplemental data (23):
{ [5 bytes data]
* TLSv1.2 (IN), TLS header, Supplemental data (23):
{ [5 bytes data]
* TLSv1.2 (IN), TLS header, Supplemental data (23):
{ [5 bytes data]
* TLSv1.2 (IN), TLS header, Supplemental data (23):
{ [5 bytes data]
* TLSv1.2 (IN), TLS header, Supplemental data (23):
{ [5 bytes data]
* TLSv1.2 (IN), TLS header, Supplemental data (23):
{ [5 bytes data]
* TLSv1.2 (IN), TLS header, Supplemental data (23):
{ [5 bytes data]
* TLSv1.2 (IN), TLS header, Supplemental data (23):
{ [5 bytes data]
* TLSv1.2 (IN), TLS header, Supplemental data (23):
{ [5 bytes data]
* TLSv1.2 (IN), TLS header, Supplemental data (23):
{ [5 bytes data]
* TLSv1.2 (IN), TLS header, Supplemental data (23):
{ [5 bytes data]
* TLSv1.2 (IN), TLS header, Supplemental data (23):
{ [5 bytes data]
* TLSv1.2 (IN), TLS header, Supplemental data (23):
{ [5 bytes data]
* TLSv1.2 (IN), TLS header, Supplemental data (23):
{ [5 bytes data]
* TLSv1.2 (IN), TLS header, Supplemental data (23):
{ [5 bytes data]
* TLSv1.2 (IN), TLS header, Supplemental data (23):
{ [5 bytes data]
* TLSv1.2 (IN), TLS header, Supplemental data (23):
{ [5 bytes data]
* TLSv1.2 (IN), TLS header, Supplemental data (23):
{ [5 bytes data]
* TLSv1.2 (IN), TLS header, Supplemental data (23):
{ [5 bytes data]
* TLSv1.2 (IN), TLS header, Supplemental data (23):
{ [5 bytes data]
* TLSv1.2 (IN), TLS header, Supplemental data (23):
{ [5 bytes data]
* TLSv1.2 (IN), TLS header, Supplemental data (23):
{ [5 bytes data]
* TLSv1.2 (IN), TLS header, Supplemental data (23):
{ [5 bytes data]
* TLSv1.2 (IN), TLS header, Supplemental data (23):
{ [5 bytes data]
* TLSv1.2 (IN), TLS header, Supplemental data (23):
{ [5 bytes data]
* TLSv1.2 (IN), TLS header, Supplemental data (23):
{ [5 bytes data]
* TLSv1.2 (IN), TLS header, Supplemental data (23):
{ [5 bytes data]
* TLSv1.2 (IN), TLS header, Supplemental data (23):
{ [5 bytes data]
* TLSv1.2 (IN), TLS header, Supplemental data (23):
{ [5 bytes data]
* TLSv1.2 (IN), TLS header, Supplemental data (23):
{ [5 bytes data]
* TLSv1.2 (IN), TLS header, Supplemental data (23):
{ [5 bytes data]
* TLSv1.2 (IN), TLS header, Supplemental data (23):
{ [5 bytes data]
* TLSv1.2 (IN), TLS header, Supplemental data (23):
{ [5 bytes data]
* TLSv1.2 (IN), TLS header, Supplemental data (23):
{ [5 bytes data]
* TLSv1.2 (IN), TLS header, Supplemental data (23):
{ [5 bytes data]
* TLSv1.2 (IN), TLS header, Supplemental data (23):
{ [5 bytes data]
* TLSv1.2 (IN), TLS header, Supplemental data (23):
{ [5 bytes data]
* TLSv1.2 (IN), TLS header, Supplemental data (23):
{ [5 bytes data]
* TLSv1.2 (IN), TLS header, Supplemental data (23):
{ [5 bytes data]
* TLSv1.2 (IN), TLS header, Supplemental data (23):
{ [5 bytes data]
* TLSv1.2 (IN), TLS header, Supplemental data (23):
{ [5 bytes data]
* TLSv1.2 (IN), TLS header, Supplemental data (23):
{ [5 bytes data]
* TLSv1.2 (IN), TLS header, Supplemental data (23):
{ [5 bytes data]
* TLSv1.2 (IN), TLS header, Supplemental data (23):
{ [5 bytes data]
* TLSv1.2 (IN), TLS header, Supplemental data (23):
{ [5 bytes data]
* TLSv1.2 (IN), TLS header, Supplemental data (23):
{ [5 bytes data]
* TLSv1.2 (IN), TLS header, Supplemental data (23):
{ [5 bytes data]
* TLSv1.2 (IN), TLS header, Supplemental data (23):
{ [5 bytes data]
* TLSv1.2 (IN), TLS header, Supplemental data (23):
{ [5 bytes data]
* TLSv1.2 (IN), TLS header, Supplemental data (23):
{ [5 bytes data]
* TLSv1.2 (IN), TLS header, Supplemental data (23):
{ [5 bytes data]
* TLSv1.2 (IN), TLS header, Supplemental data (23):
{ [5 bytes data]
* TLSv1.2 (IN), TLS header, Supplemental data (23):
{ [5 bytes data]
* TLSv1.2 (IN), TLS header, Supplemental data (23):
{ [5 bytes data]
* TLSv1.2 (IN), TLS header, Supplemental data (23):
{ [5 bytes data]
* TLSv1.2 (IN), TLS header, Supplemental data (23):
{ [5 bytes data]
* TLSv1.2 (IN), TLS header, Supplemental data (23):
{ [5 bytes data]
* TLSv1.2 (IN), TLS header, Supplemental data (23):
{ [5 bytes data]
* TLSv1.2 (IN), TLS header, Supplemental data (23):
{ [5 bytes data]
* TLSv1.2 (IN), TLS header, Supplemental data (23):
{ [5 bytes data]
* TLSv1.2 (IN), TLS header, Supplemental data (23):
{ [5 bytes data]
* TLSv1.2 (IN), TLS header, Supplemental data (23):
{ [5 bytes data]
* TLSv1.2 (IN), TLS header, Supplemental data (23):
{ [5 bytes data]
* TLSv1.2 (IN), TLS header, Supplemental data (23):
{ [5 bytes data]
* TLSv1.2 (IN), TLS header, Supplemental data (23):
{ [5 bytes data]
* TLSv1.2 (IN), TLS header, Supplemental data (23):
{ [5 bytes data]
* TLSv1.2 (IN), TLS header, Supplemental data (23):
{ [5 bytes data]
* TLSv1.2 (IN), TLS header, Supplemental data (23):
{ [5 bytes data]
* TLSv1.2 (IN), TLS header, Supplemental data (23):
{ [5 bytes data]
* TLSv1.2 (IN), TLS header, Supplemental data (23):
{ [5 bytes data]
* TLSv1.2 (IN), TLS header, Supplemental data (23):
{ [5 bytes data]
* TLSv1.2 (IN), TLS header, Supplemental data (23):
{ [5 bytes data]
* TLSv1.2 (IN), TLS header, Supplemental data (23):
{ [5 bytes data]
* TLSv1.2 (IN), TLS header, Supplemental data (23):
{ [5 bytes data]
* TLSv1.2 (IN), TLS header, Supplemental data (23):
{ [5 bytes data]
* TLSv1.2 (IN), TLS header, Supplemental data (23):
{ [5 bytes data]
* TLSv1.2 (IN), TLS header, Supplemental data (23):
{ [5 bytes data]
* TLSv1.2 (IN), TLS header, Supplemental data (23):
{ [5 bytes data]
* TLSv1.2 (IN), TLS header, Supplemental data (23):
{ [5 bytes data]
* TLSv1.2 (IN), TLS header, Supplemental data (23):
{ [5 bytes data]
* TLSv1.2 (IN), TLS header, Supplemental data (23):
{ [5 bytes data]
* TLSv1.2 (IN), TLS header, Supplemental data (23):
{ [5 bytes data]
* TLSv1.2 (IN), TLS header, Supplemental data (23):
{ [5 bytes data]
* TLSv1.2 (IN), TLS header, Supplemental data (23):
{ [5 bytes data]
* TLSv1.2 (IN), TLS header, Supplemental data (23):
{ [5 bytes data]
* TLSv1.2 (IN), TLS header, Supplemental data (23):
{ [5 bytes data]
* TLSv1.2 (IN), TLS header, Supplemental data (23):
{ [5 bytes data]
* TLSv1.2 (IN), TLS header, Supplemental data (23):
{ [5 bytes data]
* TLSv1.2 (IN), TLS header, Supplemental data (23):
{ [5 bytes data]
* TLSv1.2 (IN), TLS header, Supplemental data (23):
{ [5 bytes data]
* TLSv1.2 (IN), TLS header, Supplemental data (23):
{ [5 bytes data]
* TLSv1.2 (IN), TLS header, Supplemental data (23):
{ [5 bytes data]
* TLSv1.2 (IN), TLS header, Supplemental data (23):
{ [5 bytes data]
* TLSv1.2 (IN), TLS header, Supplemental data (23):
{ [5 bytes data]
* TLSv1.2 (IN), TLS header, Supplemental data (23):
{ [5 bytes data]
* TLSv1.2 (IN), TLS header, Supplemental data (23):
{ [5 bytes data]
* TLSv1.2 (IN), TLS header, Supplemental data (23):
{ [5 bytes data]
* TLSv1.2 (IN), TLS header, Supplemental data (23):
{ [5 bytes data]
* TLSv1.2 (IN), TLS header, Supplemental data (23):
{ [5 bytes data]
* TLSv1.2 (IN), TLS header, Supplemental data (23):
{ [5 bytes data]
* TLSv1.2 (IN), TLS header, Supplemental data (23):
{ [5 bytes data]
* TLSv1.2 (IN), TLS header, Supplemental data (23):
{ [5 bytes data]
* TLSv1.2 (IN), TLS header, Supplemental data (23):
{ [5 bytes data]
* TLSv1.2 (IN), TLS header, Supplemental data (23):
{ [5 bytes data]
* TLSv1.2 (IN), TLS header, Supplemental data (23):
{ [5 bytes data]
* TLSv1.2 (IN), TLS header, Supplemental data (23):
{ [5 bytes data]
* TLSv1.2 (IN), TLS header, Supplemental data (23):
{ [5 bytes data]
* TLSv1.2 (IN), TLS header, Supplemental data (23):
{ [5 bytes data]
* TLSv1.2 (IN), TLS header, Supplemental data (23):
{ [5 bytes data]
* TLSv1.2 (IN), TLS header, Supplemental data (23):
{ [5 bytes data]
* TLSv1.2 (IN), TLS header, Supplemental data (23):
{ [5 bytes data]
* TLSv1.2 (IN), TLS header, Supplemental data (23):
{ [5 bytes data]
* TLSv1.2 (IN), TLS header, Supplemental data (23):
{ [5 bytes data]
* TLSv1.2 (IN), TLS header, Supplemental data (23):
{ [5 bytes data]
* TLSv1.2 (IN), TLS header, Supplemental data (23):
{ [5 bytes data]
* TLSv1.2 (IN), TLS header, Supplemental data (23):
{ [5 bytes data]
* TLSv1.2 (IN), TLS header, Supplemental data (23):
{ [5 bytes data]
* TLSv1.2 (IN), TLS header, Supplemental data (23):
{ [5 bytes data]
* Connection #1 to host drive.usercontent.google.com left intact
Remote file information:
  Status code: 200
getRemoteFile ended
File info: 02/ulysses02.epub|1zpsmoHsuFhdsbafUEpJHqJI3_2ZKS_Yf
File code: 1zpsmoHsuFhdsbafUEpJHqJI3_2ZKS_Yf
File name: 02/ulysses02.epub
Download: /usr/bin/curl -k --silent -C - -L --create-dirs --remote-time -o "/tmp/KoboCloud/Library/02/ulysses02.epub" "https://drive.google.com/uc?id=1zpsmoHsuFhdsbafUEpJHqJI3_2ZKS_Yf&export=download" -v
Status: 0
Output: 
*   Trying 142.250.75.238:443...
* Connected to drive.google.com (142.250.75.238) port 443 (#0)
* ALPN, offering h2
* ALPN, offering http/1.1
* TLSv1.0 (OUT), TLS header, Certificate Status (22):
} [5 bytes data]
* TLSv1.3 (OUT), TLS handshake, Client hello (1):
} [512 bytes data]
* TLSv1.2 (IN), TLS header, Certificate Status (22):
{ [5 bytes data]
* TLSv1.3 (IN), TLS handshake, Server hello (2):
{ [122 bytes data]
* TLSv1.2 (IN), TLS header, Finished (20):
{ [5 bytes data]
* TLSv1.2 (IN), TLS header, Supplemental data (23):
{ [5 bytes data]
* TLSv1.3 (IN), TLS handshake, Encrypted Extensions (8):
{ [15 bytes data]
* TLSv1.3 (IN), TLS handshake, Certificate (11):
{ [6298 bytes data]
* TLSv1.3 (IN), TLS handshake, CERT verify (15):
{ [80 bytes data]
* TLSv1.3 (IN), TLS handshake, Finished (20):
{ [52 bytes data]
* TLSv1.2 (OUT), TLS header, Finished (20):
} [5 bytes data]
* TLSv1.3 (OUT), TLS change cipher, Change cipher spec (1):
} [1 bytes data]
* TLSv1.2 (OUT), TLS header, Supplemental data (23):
} [5 bytes data]
* TLSv1.3 (OUT), TLS handshake, Finished (20):
} [52 bytes data]
* SSL connection using TLSv1.3 / TLS_AES_256_GCM_SHA384
* ALPN, server accepted to use h2
* Server certificate:
*  subject: CN=*.google.com
*  start date: Oct 21 08:36:57 2024 GMT
*  expire date: Jan 13 08:36:56 2025 GMT
*  issuer: C=US; O=Google Trust Services; CN=WR2
*  SSL certificate verify result: unable to get local issuer certificate (20), continuing anyway.
* Using HTTP2, server supports multiplexing
* Connection state changed (HTTP/2 confirmed)
* Copying HTTP/2 data in stream buffer to connection buffer after upgrade: len=0
* TLSv1.2 (OUT), TLS header, Supplemental data (23):
} [5 bytes data]
* TLSv1.2 (OUT), TLS header, Supplemental data (23):
} [5 bytes data]
* TLSv1.2 (OUT), TLS header, Supplemental data (23):
} [5 bytes data]
* Using Stream ID: 1 (easy handle 0x55aab6389e90)
* TLSv1.2 (OUT), TLS header, Supplemental data (23):
} [5 bytes data]
> GET /uc?id=1zpsmoHsuFhdsbafUEpJHqJI3_2ZKS_Yf&export=download HTTP/2
> Host: drive.google.com
> user-agent: curl/7.81.0
> accept: */*
> 
* TLSv1.2 (IN), TLS header, Supplemental data (23):
{ [5 bytes data]
* TLSv1.3 (IN), TLS handshake, Newsession Ticket (4):
{ [282 bytes data]
* TLSv1.3 (IN), TLS handshake, Newsession Ticket (4):
{ [282 bytes data]
* old SSL session ID is stale, removing
* TLSv1.2 (IN), TLS header, Supplemental data (23):
{ [5 bytes data]
* TLSv1.2 (OUT), TLS header, Supplemental data (23):
} [5 bytes data]
* TLSv1.2 (IN), TLS header, Supplemental data (23):
{ [5 bytes data]
* TLSv1.2 (IN), TLS header, Supplemental data (23):
{ [5 bytes data]
< HTTP/2 303 
< content-type: application/binary
< cache-control: no-cache, no-store, max-age=0, must-revalidate
< pragma: no-cache
< expires: Mon, 01 Jan 1990 00:00:00 GMT
< date: Mon, 09 Dec 2024 21:26:04 GMT
< location: https://drive.usercontent.google.com/download?id=1zpsmoHsuFhdsbafUEpJHqJI3_2ZKS_Yf&export=download
< strict-transport-security: max-age=31536000
< content-security-policy: require-trusted-types-for 'script';report-uri /_/DriveUntrustedContentHttp/cspreport
< content-security-policy: script-src 'nonce-MaJi3qKdNQ92PGQ3JFWuVQ' 'unsafe-inline';object-src 'none';base-uri 'self';report-uri /_/DriveUntrustedContentHttp/cspreport;worker-src 'self'
< cross-origin-opener-policy: same-origin
< permissions-policy: ch-ua-arch=*, ch-ua-bitness=*, ch-ua-full-version=*, ch-ua-full-version-list=*, ch-ua-model=*, ch-ua-wow64=*, ch-ua-form-factors=*, ch-ua-platform=*, ch-ua-platform-version=*
< accept-ch: Sec-CH-UA-Arch, Sec-CH-UA-Bitness, Sec-CH-UA-Full-Version, Sec-CH-UA-Full-Version-List, Sec-CH-UA-Model, Sec-CH-UA-WoW64, Sec-CH-UA-Form-Factors, Sec-CH-UA-Platform, Sec-CH-UA-Platform-Version
< server: ESF
< content-length: 0
< x-xss-protection: 0
< x-frame-options: SAMEORIGIN
< x-content-type-options: nosniff
< alt-svc: h3=":443"; ma=2592000,h3-29=":443"; ma=2592000
< 
* TLSv1.2 (IN), TLS header, Supplemental data (23):
{ [5 bytes data]
* Connection #0 to host drive.google.com left intact
* Issue another request to this URL: 'https://drive.usercontent.google.com/download?id=1zpsmoHsuFhdsbafUEpJHqJI3_2ZKS_Yf&export=download'
*   Trying 142.250.179.65:443...
* Connected to drive.usercontent.google.com (142.250.179.65) port 443 (#1)
* ALPN, offering h2
* ALPN, offering http/1.1
* TLSv1.0 (OUT), TLS header, Certificate Status (22):
} [5 bytes data]
* TLSv1.3 (OUT), TLS handshake, Client hello (1):
} [512 bytes data]
* TLSv1.2 (IN), TLS header, Certificate Status (22):
{ [5 bytes data]
* TLSv1.3 (IN), TLS handshake, Server hello (2):
{ [122 bytes data]
* TLSv1.2 (IN), TLS header, Finished (20):
{ [5 bytes data]
* TLSv1.2 (IN), TLS header, Supplemental data (23):
{ [5 bytes data]
* TLSv1.3 (IN), TLS handshake, Encrypted Extensions (8):
{ [15 bytes data]
* TLSv1.3 (IN), TLS handshake, Certificate (11):
{ [4085 bytes data]
* TLSv1.3 (IN), TLS handshake, CERT verify (15):
{ [79 bytes data]
* TLSv1.3 (IN), TLS handshake, Finished (20):
{ [52 bytes data]
* TLSv1.2 (OUT), TLS header, Finished (20):
} [5 bytes data]
* TLSv1.3 (OUT), TLS change cipher, Change cipher spec (1):
} [1 bytes data]
* TLSv1.2 (OUT), TLS header, Supplemental data (23):
} [5 bytes data]
* TLSv1.3 (OUT), TLS handshake, Finished (20):
} [52 bytes data]
* SSL connection using TLSv1.3 / TLS_AES_256_GCM_SHA384
* ALPN, server accepted to use h2
* Server certificate:
*  subject: CN=*.usercontent.google.com
*  start date: Oct 21 08:38:28 2024 GMT
*  expire date: Jan 13 08:38:27 2025 GMT
*  issuer: C=US; O=Google Trust Services; CN=WR2
*  SSL certificate verify result: unable to get local issuer certificate (20), continuing anyway.
* Using HTTP2, server supports multiplexing
* Connection state changed (HTTP/2 confirmed)
* Copying HTTP/2 data in stream buffer to connection buffer after upgrade: len=0
* TLSv1.2 (OUT), TLS header, Supplemental data (23):
} [5 bytes data]
* TLSv1.2 (OUT), TLS header, Supplemental data (23):
} [5 bytes data]
* TLSv1.2 (OUT), TLS header, Supplemental data (23):
} [5 bytes data]
* Using Stream ID: 1 (easy handle 0x55aab6389e90)
* TLSv1.2 (OUT), TLS header, Supplemental data (23):
} [5 bytes data]
> GET /download?id=1zpsmoHsuFhdsbafUEpJHqJI3_2ZKS_Yf&export=download HTTP/2
> Host: drive.usercontent.google.com
> user-agent: curl/7.81.0
> accept: */*
> 
* TLSv1.2 (IN), TLS header, Supplemental data (23):
{ [5 bytes data]
* TLSv1.3 (IN), TLS handshake, Newsession Ticket (4):
{ [282 bytes data]
* TLSv1.3 (IN), TLS handshake, Newsession Ticket (4):
{ [282 bytes data]
* old SSL session ID is stale, removing
* TLSv1.2 (IN), TLS header, Supplemental data (23):
{ [5 bytes data]
* TLSv1.2 (OUT), TLS header, Supplemental data (23):
} [5 bytes data]
* TLSv1.2 (IN), TLS header, Supplemental data (23):
{ [5 bytes data]
* TLSv1.2 (IN), TLS header, Supplemental data (23):
{ [5 bytes data]
* TLSv1.2 (IN), TLS header, Supplemental data (23):
{ [5 bytes data]
* TLSv1.2 (IN), TLS header, Supplemental data (23):
{ [5 bytes data]
< HTTP/2 200 
< x-guploader-uploadid: AFiumC6CP0u7mRTuCavpNtOLtm9NQWIkr6kzuQUX48WchWsIe7K_x9-eunDaHAgOxtbnAawQ
< content-type: application/octet-stream
< content-security-policy: sandbox
< content-security-policy: default-src 'none'
< content-security-policy: frame-ancestors 'none'
< x-content-security-policy: sandbox
< cross-origin-opener-policy: same-origin
< cross-origin-embedder-policy: require-corp
< cross-origin-resource-policy: same-site
< x-content-type-options: nosniff
< content-disposition: attachment; filename="ulysses02.epub"
< access-control-allow-origin: *
< access-control-allow-credentials: false
< access-control-allow-headers: Accept, Accept-Language, Authorization, Cache-Control, Content-Disposition, Content-Encoding, Content-Language, Content-Length, Content-MD5, Content-Range, Content-Type, Date, developer-token, financial-institution-id, X-Goog-Sn-Metadata, X-Goog-Sn-PatientId, GData-Version, google-cloud-resource-prefix, linked-customer-id, login-customer-id, x-goog-request-params, Host, If-Match, If-Modified-Since, If-None-Match, If-Unmodified-Since, Origin, OriginToken, Pragma, Range, request-id, Slug, Transfer-Encoding, hotrod-board-name, hotrod-chrome-cpu-model, hotrod-chrome-processors, Want-Digest, X-Ad-Manager-Impersonation, x-chrome-connected, X-ClientDetails, X-Client-Pctx, X-Client-Version, x-debug-settings-metadata, X-Firebase-Locale, X-Goog-Firebase-Installations-Auth, X-Firebase-Client, X-Firebase-Client-Log-Type, X-Firebase-GMPID, X-Firebase-Auth-Token, X-Firebase-AppCheck, X-Firebase-Token, X-Goog-Drive-Client-Version, X-Goog-Drive-Resource-Keys, X-GData-Client, X-GData-Key, X-GoogApps-Allowed-Domains, X-Goog-AdX-Buyer-Impersonation, X-Goog-Api-Client, X-Goog-Visibilities, X-Goog-AuthUser, X-Google-EOM, x-goog-ext-124712974-jspb, x-goog-ext-467253834-jspb, x-goog-ext-353267353-bin, x-goog-ext-353267353-jspb, x-goog-ext-251363160-jspb, x-goog-ext-259736195-jspb, x-goog-ext-477772811-jspb, x-goog-ext-359275022-bin, x-goog-ext-328800237-jspb, x-goog-ext-202735639-bin, x-goog-ext-223435598-bin, X-Goog-PageId, X-Goog-Encode-Response-If-Executable, X-Goog-Correlation-Id, X-Goog-Request-Info, X-Goog-Request-Reason, X-Goog-Request-Time, X-Goog-Experiments, x-goog-iam-authority-selector, x-goog-iam-authorization-token, X-Goog-Spatula, X-Goog-Travel-Bgr, X-Goog-Travel-Settings, X-Goog-Upload-Command, X-Goog-Upload-Content-Disposition, X-Goog-Upload-Content-Length, X-Goog-Upload-Content-Type, X-Goog-Upload-File-Name, X-Goog-Upload-Header-Content-Encoding, X-Goog-Upload-Header-Content-Length, X-Goog-Upload-Header-Content-Type, X-Goog-Upload-Header-Transfer-Encoding, X-Goog-Upload-Offset, X-Goog-Upload-Protocol, x-goog-user-project, X-Goog-Visitor-Id, X-Goog-FieldMask, X-Google-Project-Override, x-goog-maps-api-salt, x-goog-maps-api-signature, x-goog-maps-client-id, X-Goog-Api-Key, x-goog-spanner-database-role, X-HTTP-Method-Override, X-JavaScript-User-Agent, X-Pan-Versionid, X-Proxied-User-IP, X-Origin, X-Referer, X-Requested-With, X-Stadia-Client-Context, X-Upload-Content-Length, X-Upload-Content-Type, X-Use-Alt-Service, X-Use-HTTP-Status-Code-Override, X-Ios-Bundle-Identifier, X-Places-Ios-Sdk, X-Android-Package, X-Android-Cert, X-Places-Android-Sdk, X-Goog-Maps-Ios-Uuid, X-Goog-Maps-Android-Uuid, X-Ariane-Xsrf-Token, X-YouTube-Bootstrap-Logged-In, X-YouTube-VVT, X-YouTube-Page-CL, X-YouTube-Page-Timestamp, X-Compass-Routing-Destination, x-framework-xsrf-token, X-Goog-Meeting-ABR, X-Goog-Meeting-Botguardid, X-Goog-Meeting-Bot-Info, X-Goog-Meeting-ClientInfo, X-Goog-Meeting-ClientVersion, X-Goog-Meeting-Debugid, X-Goog-Meeting-Identifier, X-Goog-Meeting-Interop-Cohorts, X-Goog-Meeting-Interop-Type, X-Goog-Meeting-OidcIdToken, X-Goog-Meeting-RtcClient, X-Goog-Meeting-StartSource, X-Goog-Meeting-Token, X-Goog-Meeting-Viewer-Token, X-Client-Data, x-sdm-id-token, X-Sfdc-Authorization, MIME-Version, Content-Transfer-Encoding, X-Earth-Engine-App-ID-Token, X-Earth-Engine-Computation-Profile, X-Earth-Engine-Computation-Profiling, X-Play-Console-Experiments-Override, X-Play-Console-Session-Id, x-alkali-account-key, x-alkali-application-key, x-alkali-auth-apps-namespace, x-alkali-auth-entities-namespace, x-alkali-auth-entity, x-alkali-client-locale, EES-S7E-MODE, cast-device-capabilities, X-Server-Timeout, x-foyer-client-environment, x-goog-greenenergyuserappservice-metadata, x-goog-sherlog-context, X-Server-Token, x-rfui-request-context, x-goog-nest-jwt, X-Cloud-Trace-Context, traceparent, x-goog-chat-space-id, x-goog-pan-request-context, X-AppInt-Credentials
< access-control-allow-methods: GET,HEAD,OPTIONS
< accept-ranges: bytes
< content-length: 1371218
< last-modified: Sat, 22 Jan 2022 14:35:30 GMT
< date: Mon, 09 Dec 2024 21:26:06 GMT
< expires: Mon, 09 Dec 2024 21:26:06 GMT
< cache-control: private, max-age=0
< x-goog-hash: crc32c=jhE2Fw==
< server: UploadServer
< alt-svc: h3=":443"; ma=2592000,h3-29=":443"; ma=2592000
< 
* TLSv1.2 (IN), TLS header, Supplemental data (23):
{ [5 bytes data]
* TLSv1.2 (IN), TLS header, Supplemental data (23):
{ [5 bytes data]
* TLSv1.2 (IN), TLS header, Supplemental data (23):
{ [5 bytes data]
* TLSv1.2 (IN), TLS header, Supplemental data (23):
{ [5 bytes data]
* TLSv1.2 (IN), TLS header, Supplemental data (23):
{ [5 bytes data]
* TLSv1.2 (IN), TLS header, Supplemental data (23):
{ [5 bytes data]
* TLSv1.2 (IN), TLS header, Supplemental data (23):
{ [5 bytes data]
* TLSv1.2 (IN), TLS header, Supplemental data (23):
{ [5 bytes data]
* TLSv1.2 (IN), TLS header, Supplemental data (23):
{ [5 bytes data]
* TLSv1.2 (IN), TLS header, Supplemental data (23):
{ [5 bytes data]
* TLSv1.2 (IN), TLS header, Supplemental data (23):
{ [5 bytes data]
* TLSv1.2 (IN), TLS header, Supplemental data (23):
{ [5 bytes data]
* TLSv1.2 (IN), TLS header, Supplemental data (23):
{ [5 bytes data]
* TLSv1.2 (IN), TLS header, Supplemental data (23):
{ [5 bytes data]
* TLSv1.2 (IN), TLS header, Supplemental data (23):
{ [5 bytes data]
* TLSv1.2 (IN), TLS header, Supplemental data (23):
{ [5 bytes data]
* TLSv1.2 (IN), TLS header, Supplemental data (23):
{ [5 bytes data]
* TLSv1.2 (IN), TLS header, Supplemental data (23):
{ [5 bytes data]
* TLSv1.2 (IN), TLS header, Supplemental data (23):
{ [5 bytes data]
* TLSv1.2 (IN), TLS header, Supplemental data (23):
{ [5 bytes data]
* TLSv1.2 (IN), TLS header, Supplemental data (23):
{ [5 bytes data]
* TLSv1.2 (IN), TLS header, Supplemental data (23):
{ [5 bytes data]
* TLSv1.2 (IN), TLS header, Supplemental data (23):
{ [5 bytes data]
* TLSv1.2 (IN), TLS header, Supplemental data (23):
{ [5 bytes data]
* TLSv1.2 (IN), TLS header, Supplemental data (23):
{ [5 bytes data]
* TLSv1.2 (IN), TLS header, Supplemental data (23):
{ [5 bytes data]
* TLSv1.2 (IN), TLS header, Supplemental data (23):
{ [5 bytes data]
* TLSv1.2 (IN), TLS header, Supplemental data (23):
{ [5 bytes data]
* TLSv1.2 (IN), TLS header, Supplemental data (23):
{ [5 bytes data]
* TLSv1.2 (IN), TLS header, Supplemental data (23):
{ [5 bytes data]
* TLSv1.2 (IN), TLS header, Supplemental data (23):
{ [5 bytes data]
* TLSv1.2 (IN), TLS header, Supplemental data (23):
{ [5 bytes data]
* TLSv1.2 (IN), TLS header, Supplemental data (23):
{ [5 bytes data]
* TLSv1.2 (IN), TLS header, Supplemental data (23):
{ [5 bytes data]
* TLSv1.2 (IN), TLS header, Supplemental data (23):
{ [5 bytes data]
* TLSv1.2 (IN), TLS header, Supplemental data (23):
{ [5 bytes data]
* TLSv1.2 (IN), TLS header, Supplemental data (23):
{ [5 bytes data]
* TLSv1.2 (IN), TLS header, Supplemental data (23):
{ [5 bytes data]
* TLSv1.2 (IN), TLS header, Supplemental data (23):
{ [5 bytes data]
* TLSv1.2 (IN), TLS header, Supplemental data (23):
{ [5 bytes data]
* TLSv1.2 (IN), TLS header, Supplemental data (23):
{ [5 bytes data]
* TLSv1.2 (IN), TLS header, Supplemental data (23):
{ [5 bytes data]
* TLSv1.2 (IN), TLS header, Supplemental data (23):
{ [5 bytes data]
* TLSv1.2 (IN), TLS header, Supplemental data (23):
{ [5 bytes data]
* TLSv1.2 (IN), TLS header, Supplemental data (23):
{ [5 bytes data]
* TLSv1.2 (IN), TLS header, Supplemental data (23):
{ [5 bytes data]
* TLSv1.2 (IN), TLS header, Supplemental data (23):
{ [5 bytes data]
* TLSv1.2 (IN), TLS header, Supplemental data (23):
{ [5 bytes data]
* TLSv1.2 (IN), TLS header, Supplemental data (23):
{ [5 bytes data]
* TLSv1.2 (IN), TLS header, Supplemental data (23):
{ [5 bytes data]
* TLSv1.2 (IN), TLS header, Supplemental data (23):
{ [5 bytes data]
* TLSv1.2 (IN), TLS header, Supplemental data (23):
{ [5 bytes data]
* TLSv1.2 (IN), TLS header, Supplemental data (23):
{ [5 bytes data]
* TLSv1.2 (IN), TLS header, Supplemental data (23):
{ [5 bytes data]
* TLSv1.2 (IN), TLS header, Supplemental data (23):
{ [5 bytes data]
* TLSv1.2 (IN), TLS header, Supplemental data (23):
{ [5 bytes data]
* TLSv1.2 (IN), TLS header, Supplemental data (23):
{ [5 bytes data]
* TLSv1.2 (IN), TLS header, Supplemental data (23):
{ [5 bytes data]
* TLSv1.2 (IN), TLS header, Supplemental data (23):
{ [5 bytes data]
* TLSv1.2 (IN), TLS header, Supplemental data (23):
{ [5 bytes data]
* TLSv1.2 (IN), TLS header, Supplemental data (23):
{ [5 bytes data]
* TLSv1.2 (IN), TLS header, Supplemental data (23):
{ [5 bytes data]
* TLSv1.2 (IN), TLS header, Supplemental data (23):
{ [5 bytes data]
* TLSv1.2 (IN), TLS header, Supplemental data (23):
{ [5 bytes data]
* TLSv1.2 (IN), TLS header, Supplemental data (23):
{ [5 bytes data]
* TLSv1.2 (IN), TLS header, Supplemental data (23):
{ [5 bytes data]
* TLSv1.2 (IN), TLS header, Supplemental data (23):
{ [5 bytes data]
* TLSv1.2 (IN), TLS header, Supplemental data (23):
{ [5 bytes data]
* TLSv1.2 (IN), TLS header, Supplemental data (23):
{ [5 bytes data]
* TLSv1.2 (IN), TLS header, Supplemental data (23):
{ [5 bytes data]
* TLSv1.2 (IN), TLS header, Supplemental data (23):
{ [5 bytes data]
* TLSv1.2 (IN), TLS header, Supplemental data (23):
{ [5 bytes data]
* TLSv1.2 (IN), TLS header, Supplemental data (23):
{ [5 bytes data]
* TLSv1.2 (IN), TLS header, Supplemental data (23):
{ [5 bytes data]
* TLSv1.2 (IN), TLS header, Supplemental data (23):
{ [5 bytes data]
* TLSv1.2 (IN), TLS header, Supplemental data (23):
{ [5 bytes data]
* TLSv1.2 (IN), TLS header, Supplemental data (23):
{ [5 bytes data]
* TLSv1.2 (IN), TLS header, Supplemental data (23):
{ [5 bytes data]
* TLSv1.2 (IN), TLS header, Supplemental data (23):
{ [5 bytes data]
* TLSv1.2 (IN), TLS header, Supplemental data (23):
{ [5 bytes data]
* TLSv1.2 (IN), TLS header, Supplemental data (23):
{ [5 bytes data]
* TLSv1.2 (IN), TLS header, Supplemental data (23):
{ [5 bytes data]
* TLSv1.2 (IN), TLS header, Supplemental data (23):
{ [5 bytes data]
* TLSv1.2 (IN), TLS header, Supplemental data (23):
{ [5 bytes data]
* TLSv1.2 (IN), TLS header, Supplemental data (23):
{ [5 bytes data]
* TLSv1.2 (IN), TLS header, Supplemental data (23):
{ [5 bytes data]
* TLSv1.2 (IN), TLS header, Supplemental data (23):
{ [5 bytes data]
* TLSv1.2 (IN), TLS header, Supplemental data (23):
{ [5 bytes data]
* TLSv1.2 (IN), TLS header, Supplemental data (23):
{ [5 bytes data]
* TLSv1.2 (IN), TLS header, Supplemental data (23):
{ [5 bytes data]
* TLSv1.2 (IN), TLS header, Supplemental data (23):
{ [5 bytes data]
* TLSv1.2 (IN), TLS header, Supplemental data (23):
{ [5 bytes data]
* TLSv1.2 (IN), TLS header, Supplemental data (23):
{ [5 bytes data]
* TLSv1.2 (IN), TLS header, Supplemental data (23):
{ [5 bytes data]
* TLSv1.2 (IN), TLS header, Supplemental data (23):
{ [5 bytes data]
* TLSv1.2 (IN), TLS header, Supplemental data (23):
{ [5 bytes data]
* TLSv1.2 (IN), TLS header, Supplemental data (23):
{ [5 bytes data]
* TLSv1.2 (IN), TLS header, Supplemental data (23):
{ [5 bytes data]
* TLSv1.2 (IN), TLS header, Supplemental data (23):
{ [5 bytes data]
* TLSv1.2 (IN), TLS header, Supplemental data (23):
{ [5 bytes data]
* TLSv1.2 (IN), TLS header, Supplemental data (23):
{ [5 bytes data]
* TLSv1.2 (IN), TLS header, Supplemental data (23):
{ [5 bytes data]
* TLSv1.2 (IN), TLS header, Supplemental data (23):
{ [5 bytes data]
* TLSv1.2 (IN), TLS header, Supplemental data (23):
{ [5 bytes data]
* TLSv1.2 (IN), TLS header, Supplemental data (23):
{ [5 bytes data]
* TLSv1.2 (IN), TLS header, Supplemental data (23):
{ [5 bytes data]
* TLSv1.2 (IN), TLS header, Supplemental data (23):
{ [5 bytes data]
* TLSv1.2 (IN), TLS header, Supplemental data (23):
{ [5 bytes data]
* TLSv1.2 (IN), TLS header, Supplemental data (23):
{ [5 bytes data]
* TLSv1.2 (IN), TLS header, Supplemental data (23):
{ [5 bytes data]
* TLSv1.2 (IN), TLS header, Supplemental data (23):
{ [5 bytes data]
* TLSv1.2 (IN), TLS header, Supplemental data (23):
{ [5 bytes data]
* TLSv1.2 (IN), TLS header, Supplemental data (23):
{ [5 bytes data]
* TLSv1.2 (IN), TLS header, Supplemental data (23):
{ [5 bytes data]
* TLSv1.2 (IN), TLS header, Supplemental data (23):
{ [5 bytes data]
* TLSv1.2 (IN), TLS header, Supplemental data (23):
{ [5 bytes data]
* TLSv1.2 (IN), TLS header, Supplemental data (23):
{ [5 bytes data]
* TLSv1.2 (IN), TLS header, Supplemental data (23):
{ [5 bytes data]
* TLSv1.2 (IN), TLS header, Supplemental data (23):
{ [5 bytes data]
* TLSv1.2 (IN), TLS header, Supplemental data (23):
{ [5 bytes data]
* TLSv1.2 (IN), TLS header, Supplemental data (23):
{ [5 bytes data]
* TLSv1.2 (IN), TLS header, Supplemental data (23):
{ [5 bytes data]
* TLSv1.2 (IN), TLS header, Supplemental data (23):
{ [5 bytes data]
* TLSv1.2 (IN), TLS header, Supplemental data (23):
{ [5 bytes data]
* TLSv1.2 (IN), TLS header, Supplemental data (23):
{ [5 bytes data]
* TLSv1.2 (IN), TLS header, Supplemental data (23):
{ [5 bytes data]
* TLSv1.2 (IN), TLS header, Supplemental data (23):
{ [5 bytes data]
* TLSv1.2 (IN), TLS header, Supplemental data (23):
{ [5 bytes data]
* TLSv1.2 (IN), TLS header, Supplemental data (23):
{ [5 bytes data]
* TLSv1.2 (IN), TLS header, Supplemental data (23):
{ [5 bytes data]
* TLSv1.2 (IN), TLS header, Supplemental data (23):
{ [5 bytes data]
* TLSv1.2 (IN), TLS header, Supplemental data (23):
{ [5 bytes data]
* TLSv1.2 (IN), TLS header, Supplemental data (23):
{ [5 bytes data]
* TLSv1.2 (IN), TLS header, Supplemental data (23):
{ [5 bytes data]
* TLSv1.2 (IN), TLS header, Supplemental data (23):
{ [5 bytes data]
* TLSv1.2 (IN), TLS header, Supplemental data (23):
{ [5 bytes data]
* TLSv1.2 (IN), TLS header, Supplemental data (23):
{ [5 bytes data]
* TLSv1.2 (IN), TLS header, Supplemental data (23):
{ [5 bytes data]
* TLSv1.2 (IN), TLS header, Supplemental data (23):
{ [5 bytes data]
* TLSv1.2 (IN), TLS header, Supplemental data (23):
{ [5 bytes data]
* TLSv1.2 (IN), TLS header, Supplemental data (23):
{ [5 bytes data]
* TLSv1.2 (IN), TLS header, Supplemental data (23):
{ [5 bytes data]
* TLSv1.2 (IN), TLS header, Supplemental data (23):
{ [5 bytes data]
* TLSv1.2 (IN), TLS header, Supplemental data (23):
{ [5 bytes data]
* TLSv1.2 (IN), TLS header, Supplemental data (23):
{ [5 bytes data]
* TLSv1.2 (IN), TLS header, Supplemental data (23):
{ [5 bytes data]
* TLSv1.2 (IN), TLS header, Supplemental data (23):
{ [5 bytes data]
* TLSv1.2 (IN), TLS header, Supplemental data (23):
{ [5 bytes data]
* TLSv1.2 (IN), TLS header, Supplemental data (23):
{ [5 bytes data]
* TLSv1.2 (IN), TLS header, Supplemental data (23):
{ [5 bytes data]
* TLSv1.2 (IN), TLS header, Supplemental data (23):
{ [5 bytes data]
* TLSv1.2 (IN), TLS header, Supplemental data (23):
{ [5 bytes data]
* TLSv1.2 (IN), TLS header, Supplemental data (23):
{ [5 bytes data]
* TLSv1.2 (IN), TLS header, Supplemental data (23):
{ [5 bytes data]
* TLSv1.2 (IN), TLS header, Supplemental data (23):
{ [5 bytes data]
* TLSv1.2 (IN), TLS header, Supplemental data (23):
{ [5 bytes data]
* TLSv1.2 (IN), TLS header, Supplemental data (23):
{ [5 bytes data]
* TLSv1.2 (IN), TLS header, Supplemental data (23):
{ [5 bytes data]
* TLSv1.2 (IN), TLS header, Supplemental data (23):
{ [5 bytes data]
* TLSv1.2 (IN), TLS header, Supplemental data (23):
{ [5 bytes data]
* TLSv1.2 (IN), TLS header, Supplemental data (23):
{ [5 bytes data]
* TLSv1.2 (IN), TLS header, Supplemental data (23):
{ [5 bytes data]
* TLSv1.2 (IN), TLS header, Supplemental data (23):
{ [5 bytes data]
* TLSv1.2 (IN), TLS header, Supplemental data (23):
{ [5 bytes data]
* TLSv1.2 (IN), TLS header, Supplemental data (23):
{ [5 bytes data]
* TLSv1.2 (IN), TLS header, Supplemental data (23):
{ [5 bytes data]
* TLSv1.2 (IN), TLS header, Supplemental data (23):
{ [5 bytes data]
* TLSv1.2 (IN), TLS header, Supplemental data (23):
{ [5 bytes data]
* TLSv1.2 (IN), TLS header, Supplemental data (23):
{ [5 bytes data]
* TLSv1.2 (IN), TLS header, Supplemental data (23):
{ [5 bytes data]
* TLSv1.2 (IN), TLS header, Supplemental data (23):
{ [5 bytes data]
* TLSv1.2 (IN), TLS header, Supplemental data (23):
{ [5 bytes data]
* TLSv1.2 (IN), TLS header, Supplemental data (23):
{ [5 bytes data]
* TLSv1.2 (IN), TLS header, Supplemental data (23):
{ [5 bytes data]
* TLSv1.2 (IN), TLS header, Supplemental data (23):
{ [5 bytes data]
* TLSv1.2 (IN), TLS header, Supplemental data (23):
{ [5 bytes data]
* TLSv1.2 (IN), TLS header, Supplemental data (23):
{ [5 bytes data]
* TLSv1.2 (IN), TLS header, Supplemental data (23):
{ [5 bytes data]
* TLSv1.2 (IN), TLS header, Supplemental data (23):
{ [5 bytes data]
* TLSv1.2 (IN), TLS header, Supplemental data (23):
{ [5 bytes data]
* TLSv1.2 (IN), TLS header, Supplemental data (23):
{ [5 bytes data]
* TLSv1.2 (IN), TLS header, Supplemental data (23):
{ [5 bytes data]
* TLSv1.2 (IN), TLS header, Supplemental data (23):
{ [5 bytes data]
* TLSv1.2 (IN), TLS header, Supplemental data (23):
{ [5 bytes data]
* TLSv1.2 (IN), TLS header, Supplemental data (23):
{ [5 bytes data]
* TLSv1.2 (IN), TLS header, Supplemental data (23):
{ [5 bytes data]
* TLSv1.2 (IN), TLS header, Supplemental data (23):
{ [5 bytes data]
* TLSv1.2 (IN), TLS header, Supplemental data (23):
{ [5 bytes data]
* TLSv1.2 (IN), TLS header, Supplemental data (23):
{ [5 bytes data]
* TLSv1.2 (IN), TLS header, Supplemental data (23):
{ [5 bytes data]
* TLSv1.2 (IN), TLS header, Supplemental data (23):
{ [5 bytes data]
* TLSv1.2 (IN), TLS header, Supplemental data (23):
{ [5 bytes data]
* TLSv1.2 (IN), TLS header, Supplemental data (23):
{ [5 bytes data]
* TLSv1.2 (IN), TLS header, Supplemental data (23):
{ [5 bytes data]
* TLSv1.2 (IN), TLS header, Supplemental data (23):
{ [5 bytes data]
* TLSv1.2 (IN), TLS header, Supplemental data (23):
{ [5 bytes data]
* TLSv1.2 (IN), TLS header, Supplemental data (23):
{ [5 bytes data]
* TLSv1.2 (IN), TLS header, Supplemental data (23):
{ [5 bytes data]
* TLSv1.2 (IN), TLS header, Supplemental data (23):
{ [5 bytes data]
* TLSv1.2 (IN), TLS header, Supplemental data (23):
{ [5 bytes data]
* TLSv1.2 (IN), TLS header, Supplemental data (23):
{ [5 bytes data]
* TLSv1.2 (IN), TLS header, Supplemental data (23):
{ [5 bytes data]
* TLSv1.2 (IN), TLS header, Supplemental data (23):
{ [5 bytes data]
* TLSv1.2 (IN), TLS header, Supplemental data (23):
{ [5 bytes data]
* TLSv1.2 (IN), TLS header, Supplemental data (23):
{ [5 bytes data]
* TLSv1.2 (IN), TLS header, Supplemental data (23):
{ [5 bytes data]
* TLSv1.2 (IN), TLS header, Supplemental data (23):
{ [5 bytes data]
* TLSv1.2 (IN), TLS header, Supplemental data (23):
{ [5 bytes data]
* TLSv1.2 (IN), TLS header, Supplemental data (23):
{ [5 bytes data]
* TLSv1.2 (IN), TLS header, Supplemental data (23):
{ [5 bytes data]
* TLSv1.2 (IN), TLS header, Supplemental data (23):
{ [5 bytes data]
* TLSv1.2 (IN), TLS header, Supplemental data (23):
{ [5 bytes data]
* TLSv1.2 (IN), TLS header, Supplemental data (23):
{ [5 bytes data]
* TLSv1.2 (IN), TLS header, Supplemental data (23):
{ [5 bytes data]
* TLSv1.2 (IN), TLS header, Supplemental data (23):
{ [5 bytes data]
* TLSv1.2 (IN), TLS header, Supplemental data (23):
{ [5 bytes data]
* TLSv1.2 (IN), TLS header, Supplemental data (23):
{ [5 bytes data]
* TLSv1.2 (IN), TLS header, Supplemental data (23):
{ [5 bytes data]
* TLSv1.2 (IN), TLS header, Supplemental data (23):
{ [5 bytes data]
* TLSv1.2 (IN), TLS header, Supplemental data (23):
{ [5 bytes data]
* TLSv1.2 (IN), TLS header, Supplemental data (23):
{ [5 bytes data]
* TLSv1.2 (IN), TLS header, Supplemental data (23):
{ [5 bytes data]
* TLSv1.2 (IN), TLS header, Supplemental data (23):
{ [5 bytes data]
* TLSv1.2 (IN), TLS header, Supplemental data (23):
{ [5 bytes data]
* TLSv1.2 (IN), TLS header, Supplemental data (23):
{ [5 bytes data]
* TLSv1.2 (IN), TLS header, Supplemental data (23):
{ [5 bytes data]
* TLSv1.2 (IN), TLS header, Supplemental data (23):
{ [5 bytes data]
* TLSv1.2 (IN), TLS header, Supplemental data (23):
{ [5 bytes data]
* TLSv1.2 (IN), TLS header, Supplemental data (23):
{ [5 bytes data]
* TLSv1.2 (IN), TLS header, Supplemental data (23):
{ [5 bytes data]
* TLSv1.2 (IN), TLS header, Supplemental data (23):
{ [5 bytes data]
* TLSv1.2 (IN), TLS header, Supplemental data (23):
{ [5 bytes data]
* TLSv1.2 (IN), TLS header, Supplemental data (23):
{ [5 bytes data]
* TLSv1.2 (IN), TLS header, Supplemental data (23):
{ [5 bytes data]
* TLSv1.2 (IN), TLS header, Supplemental data (23):
{ [5 bytes data]
* TLSv1.2 (IN), TLS header, Supplemental data (23):
{ [5 bytes data]
* TLSv1.2 (IN), TLS header, Supplemental data (23):
{ [5 bytes data]
* TLSv1.2 (IN), TLS header, Supplemental data (23):
{ [5 bytes data]
* TLSv1.2 (IN), TLS header, Supplemental data (23):
{ [5 bytes data]
* TLSv1.2 (IN), TLS header, Supplemental data (23):
{ [5 bytes data]
* TLSv1.2 (IN), TLS header, Supplemental data (23):
{ [5 bytes data]
* TLSv1.2 (IN), TLS header, Supplemental data (23):
{ [5 bytes data]
* TLSv1.2 (IN), TLS header, Supplemental data (23):
{ [5 bytes data]
* TLSv1.2 (IN), TLS header, Supplemental data (23):
{ [5 bytes data]
* TLSv1.2 (IN), TLS header, Supplemental data (23):
{ [5 bytes data]
* TLSv1.2 (IN), TLS header, Supplemental data (23):
{ [5 bytes data]
* TLSv1.2 (IN), TLS header, Supplemental data (23):
{ [5 bytes data]
* TLSv1.2 (IN), TLS header, Supplemental data (23):
{ [5 bytes data]
* TLSv1.2 (IN), TLS header, Supplemental data (23):
{ [5 bytes data]
* TLSv1.2 (IN), TLS header, Supplemental data (23):
{ [5 bytes data]
* TLSv1.2 (IN), TLS header, Supplemental data (23):
{ [5 bytes data]
* TLSv1.2 (IN), TLS header, Supplemental data (23):
{ [5 bytes data]
* TLSv1.2 (IN), TLS header, Supplemental data (23):
{ [5 bytes data]
* TLSv1.2 (IN), TLS header, Supplemental data (23):
{ [5 bytes data]
* TLSv1.2 (IN), TLS header, Supplemental data (23):
{ [5 bytes data]
* TLSv1.2 (IN), TLS header, Supplemental data (23):
{ [5 bytes data]
* TLSv1.2 (IN), TLS header, Supplemental data (23):
{ [5 bytes data]
* TLSv1.2 (IN), TLS header, Supplemental data (23):
{ [5 bytes data]
* TLSv1.2 (IN), TLS header, Supplemental data (23):
{ [5 bytes data]
* TLSv1.2 (IN), TLS header, Supplemental data (23):
{ [5 bytes data]
* TLSv1.2 (IN), TLS header, Supplemental data (23):
{ [5 bytes data]
* TLSv1.2 (IN), TLS header, Supplemental data (23):
{ [5 bytes data]
* TLSv1.2 (IN), TLS header, Supplemental data (23):
{ [5 bytes data]
* TLSv1.2 (IN), TLS header, Supplemental data (23):
{ [5 bytes data]
* TLSv1.2 (IN), TLS header, Supplemental data (23):
{ [5 bytes data]
* TLSv1.2 (IN), TLS header, Supplemental data (23):
{ [5 bytes data]
* TLSv1.2 (IN), TLS header, Supplemental data (23):
{ [5 bytes data]
* TLSv1.2 (IN), TLS header, Supplemental data (23):
{ [5 bytes data]
* TLSv1.2 (IN), TLS header, Supplemental data (23):
{ [5 bytes data]
* TLSv1.2 (IN), TLS header, Supplemental data (23):
{ [5 bytes data]
* TLSv1.2 (IN), TLS header, Supplemental data (23):
{ [5 bytes data]
* TLSv1.2 (IN), TLS header, Supplemental data (23):
{ [5 bytes data]
* TLSv1.2 (IN), TLS header, Supplemental data (23):
{ [5 bytes data]
* TLSv1.2 (IN), TLS header, Supplemental data (23):
{ [5 bytes data]
* TLSv1.2 (IN), TLS header, Supplemental data (23):
{ [5 bytes data]
* TLSv1.2 (IN), TLS header, Supplemental data (23):
{ [5 bytes data]
* TLSv1.2 (IN), TLS header, Supplemental data (23):
{ [5 bytes data]
* TLSv1.2 (IN), TLS header, Supplemental data (23):
{ [5 bytes data]
* TLSv1.2 (IN), TLS header, Supplemental data (23):
{ [5 bytes data]
* TLSv1.2 (IN), TLS header, Supplemental data (23):
{ [5 bytes data]
* TLSv1.2 (IN), TLS header, Supplemental data (23):
{ [5 bytes data]
* TLSv1.2 (IN), TLS header, Supplemental data (23):
{ [5 bytes data]
* TLSv1.2 (IN), TLS header, Supplemental data (23):
{ [5 bytes data]
* TLSv1.2 (IN), TLS header, Supplemental data (23):
{ [5 bytes data]
* TLSv1.2 (IN), TLS header, Supplemental data (23):
{ [5 bytes data]
* TLSv1.2 (IN), TLS header, Supplemental data (23):
{ [5 bytes data]
* TLSv1.2 (IN), TLS header, Supplemental data (23):
{ [5 bytes data]
* TLSv1.2 (IN), TLS header, Supplemental data (23):
{ [5 bytes data]
* TLSv1.2 (IN), TLS header, Supplemental data (23):
{ [5 bytes data]
* TLSv1.2 (IN), TLS header, Supplemental data (23):
{ [5 bytes data]
* TLSv1.2 (IN), TLS header, Supplemental data (23):
{ [5 bytes data]
* TLSv1.2 (IN), TLS header, Supplemental data (23):
{ [5 bytes data]
* TLSv1.2 (IN), TLS header, Supplemental data (23):
{ [5 bytes data]
* TLSv1.2 (IN), TLS header, Supplemental data (23):
{ [5 bytes data]
* TLSv1.2 (IN), TLS header, Supplemental data (23):
{ [5 bytes data]
* TLSv1.2 (IN), TLS header, Supplemental data (23):
{ [5 bytes data]
* TLSv1.2 (IN), TLS header, Supplemental data (23):
{ [5 bytes data]
* TLSv1.2 (IN), TLS header, Supplemental data (23):
{ [5 bytes data]
* TLSv1.2 (IN), TLS header, Supplemental data (23):
{ [5 bytes data]
* TLSv1.2 (IN), TLS header, Supplemental data (23):
{ [5 bytes data]
* TLSv1.2 (IN), TLS header, Supplemental data (23):
{ [5 bytes data]
* TLSv1.2 (IN), TLS header, Supplemental data (23):
{ [5 bytes data]
* TLSv1.2 (IN), TLS header, Supplemental data (23):
{ [5 bytes data]
* TLSv1.2 (IN), TLS header, Supplemental data (23):
{ [5 bytes data]
* TLSv1.2 (IN), TLS header, Supplemental data (23):
{ [5 bytes data]
* TLSv1.2 (IN), TLS header, Supplemental data (23):
{ [5 bytes data]
* TLSv1.2 (IN), TLS header, Supplemental data (23):
{ [5 bytes data]
* TLSv1.2 (IN), TLS header, Supplemental data (23):
{ [5 bytes data]
* TLSv1.2 (IN), TLS header, Supplemental data (23):
{ [5 bytes data]
* TLSv1.2 (IN), TLS header, Supplemental data (23):
{ [5 bytes data]
* TLSv1.2 (IN), TLS header, Supplemental data (23):
{ [5 bytes data]
* TLSv1.2 (IN), TLS header, Supplemental data (23):
{ [5 bytes data]
* TLSv1.2 (IN), TLS header, Supplemental data (23):
{ [5 bytes data]
* TLSv1.2 (IN), TLS header, Supplemental data (23):
{ [5 bytes data]
* TLSv1.2 (IN), TLS header, Supplemental data (23):
{ [5 bytes data]
* TLSv1.2 (IN), TLS header, Supplemental data (23):
{ [5 bytes data]
* TLSv1.2 (IN), TLS header, Supplemental data (23):
{ [5 bytes data]
* TLSv1.2 (IN), TLS header, Supplemental data (23):
{ [5 bytes data]
* TLSv1.2 (IN), TLS header, Supplemental data (23):
{ [5 bytes data]
* TLSv1.2 (IN), TLS header, Supplemental data (23):
{ [5 bytes data]
* TLSv1.2 (IN), TLS header, Supplemental data (23):
{ [5 bytes data]
* TLSv1.2 (IN), TLS header, Supplemental data (23):
{ [5 bytes data]
* TLSv1.2 (IN), TLS header, Supplemental data (23):
{ [5 bytes data]
* TLSv1.2 (IN), TLS header, Supplemental data (23):
{ [5 bytes data]
* TLSv1.2 (IN), TLS header, Supplemental data (23):
{ [5 bytes data]
* TLSv1.2 (IN), TLS header, Supplemental data (23):
{ [5 bytes data]
* TLSv1.2 (IN), TLS header, Supplemental data (23):
{ [5 bytes data]
* TLSv1.2 (IN), TLS header, Supplemental data (23):
{ [5 bytes data]
* TLSv1.2 (IN), TLS header, Supplemental data (23):
{ [5 bytes data]
* TLSv1.2 (IN), TLS header, Supplemental data (23):
{ [5 bytes data]
* TLSv1.2 (IN), TLS header, Supplemental data (23):
{ [5 bytes data]
* TLSv1.2 (IN), TLS header, Supplemental data (23):
{ [5 bytes data]
* TLSv1.2 (IN), TLS header, Supplemental data (23):
{ [5 bytes data]
* TLSv1.2 (IN), TLS header, Supplemental data (23):
{ [5 bytes data]
* TLSv1.2 (IN), TLS header, Supplemental data (23):
{ [5 bytes data]
* TLSv1.2 (IN), TLS header, Supplemental data (23):
{ [5 bytes data]
* TLSv1.2 (IN), TLS header, Supplemental data (23):
{ [5 bytes data]
* TLSv1.2 (IN), TLS header, Supplemental data (23):
{ [5 bytes data]
* TLSv1.2 (IN), TLS header, Supplemental data (23):
{ [5 bytes data]
* TLSv1.2 (IN), TLS header, Supplemental data (23):
{ [5 bytes data]
* TLSv1.2 (IN), TLS header, Supplemental data (23):
{ [5 bytes data]
* TLSv1.2 (IN), TLS header, Supplemental data (23):
{ [5 bytes data]
* TLSv1.2 (IN), TLS header, Supplemental data (23):
{ [5 bytes data]
* TLSv1.2 (IN), TLS header, Supplemental data (23):
{ [5 bytes data]
* TLSv1.2 (IN), TLS header, Supplemental data (23):
{ [5 bytes data]
* TLSv1.2 (IN), TLS header, Supplemental data (23):
{ [5 bytes data]
* TLSv1.2 (IN), TLS header, Supplemental data (23):
{ [5 bytes data]
* TLSv1.2 (IN), TLS header, Supplemental data (23):
{ [5 bytes data]
* TLSv1.2 (IN), TLS header, Supplemental data (23):
{ [5 bytes data]
* TLSv1.2 (IN), TLS header, Supplemental data (23):
{ [5 bytes data]
* TLSv1.2 (IN), TLS header, Supplemental data (23):
{ [5 bytes data]
* TLSv1.2 (IN), TLS header, Supplemental data (23):
{ [5 bytes data]
* TLSv1.2 (IN), TLS header, Supplemental data (23):
{ [5 bytes data]
* TLSv1.2 (IN), TLS header, Supplemental data (23):
{ [5 bytes data]
* TLSv1.2 (IN), TLS header, Supplemental data (23):
{ [5 bytes data]
* TLSv1.2 (IN), TLS header, Supplemental data (23):
{ [5 bytes data]
* TLSv1.2 (IN), TLS header, Supplemental data (23):
{ [5 bytes data]
* TLSv1.2 (IN), TLS header, Supplemental data (23):
{ [5 bytes data]
* TLSv1.2 (IN), TLS header, Supplemental data (23):
{ [5 bytes data]
* TLSv1.2 (IN), TLS header, Supplemental data (23):
{ [5 bytes data]
* TLSv1.2 (IN), TLS header, Supplemental data (23):
{ [5 bytes data]
* TLSv1.2 (IN), TLS header, Supplemental data (23):
{ [5 bytes data]
* TLSv1.2 (IN), TLS header, Supplemental data (23):
{ [5 bytes data]
* TLSv1.2 (IN), TLS header, Supplemental data (23):
{ [5 bytes data]
* TLSv1.2 (IN), TLS header, Supplemental data (23):
{ [5 bytes data]
* TLSv1.2 (IN), TLS header, Supplemental data (23):
{ [5 bytes data]
* TLSv1.2 (IN), TLS header, Supplemental data (23):
{ [5 bytes data]
* TLSv1.2 (IN), TLS header, Supplemental data (23):
{ [5 bytes data]
* TLSv1.2 (IN), TLS header, Supplemental data (23):
{ [5 bytes data]
* TLSv1.2 (IN), TLS header, Supplemental data (23):
{ [5 bytes data]
* TLSv1.2 (IN), TLS header, Supplemental data (23):
{ [5 bytes data]
* TLSv1.2 (IN), TLS header, Supplemental data (23):
{ [5 bytes data]
* TLSv1.2 (IN), TLS header, Supplemental data (23):
{ [5 bytes data]
* TLSv1.2 (IN), TLS header, Supplemental data (23):
{ [5 bytes data]
* TLSv1.2 (IN), TLS header, Supplemental data (23):
{ [5 bytes data]
* TLSv1.2 (IN), TLS header, Supplemental data (23):
{ [5 bytes data]
* TLSv1.2 (IN), TLS header, Supplemental data (23):
{ [5 bytes data]
* TLSv1.2 (IN), TLS header, Supplemental data (23):
{ [5 bytes data]
* TLSv1.2 (IN), TLS header, Supplemental data (23):
{ [5 bytes data]
* TLSv1.2 (IN), TLS header, Supplemental data (23):
{ [5 bytes data]
* TLSv1.2 (IN), TLS header, Supplemental data (23):
{ [5 bytes data]
* TLSv1.2 (IN), TLS header, Supplemental data (23):
{ [5 bytes data]
* TLSv1.2 (IN), TLS header, Supplemental data (23):
{ [5 bytes data]
* TLSv1.2 (IN), TLS header, Supplemental data (23):
{ [5 bytes data]
* TLSv1.2 (IN), TLS header, Supplemental data (23):
{ [5 bytes data]
* TLSv1.2 (IN), TLS header, Supplemental data (23):
{ [5 bytes data]
* TLSv1.2 (IN), TLS header, Supplemental data (23):
{ [5 bytes data]
* TLSv1.2 (IN), TLS header, Supplemental data (23):
{ [5 bytes data]
* TLSv1.2 (IN), TLS header, Supplemental data (23):
{ [5 bytes data]
* TLSv1.2 (IN), TLS header, Supplemental data (23):
{ [5 bytes data]
* TLSv1.2 (IN), TLS header, Supplemental data (23):
{ [5 bytes data]
* TLSv1.2 (IN), TLS header, Supplemental data (23):
{ [5 bytes data]
* TLSv1.2 (IN), TLS header, Supplemental data (23):
{ [5 bytes data]
* TLSv1.2 (IN), TLS header, Supplemental data (23):
{ [5 bytes data]
* TLSv1.2 (IN), TLS header, Supplemental data (23):
{ [5 bytes data]
* TLSv1.2 (IN), TLS header, Supplemental data (23):
{ [5 bytes data]
* TLSv1.2 (IN), TLS header, Supplemental data (23):
{ [5 bytes data]
* TLSv1.2 (IN), TLS header, Supplemental data (23):
{ [5 bytes data]
* TLSv1.2 (IN), TLS header, Supplemental data (23):
{ [5 bytes data]
* TLSv1.2 (IN), TLS header, Supplemental data (23):
{ [5 bytes data]
* TLSv1.2 (IN), TLS header, Supplemental data (23):
{ [5 bytes data]
* TLSv1.2 (IN), TLS header, Supplemental data (23):
{ [5 bytes data]
* TLSv1.2 (IN), TLS header, Supplemental data (23):
{ [5 bytes data]
* TLSv1.2 (IN), TLS header, Supplemental data (23):
{ [5 bytes data]
* TLSv1.2 (IN), TLS header, Supplemental data (23):
{ [5 bytes data]
* TLSv1.2 (IN), TLS header, Supplemental data (23):
{ [5 bytes data]
* TLSv1.2 (IN), TLS header, Supplemental data (23):
{ [5 bytes data]
* TLSv1.2 (IN), TLS header, Supplemental data (23):
{ [5 bytes data]
* TLSv1.2 (IN), TLS header, Supplemental data (23):
{ [5 bytes data]
* TLSv1.2 (IN), TLS header, Supplemental data (23):
{ [5 bytes data]
* TLSv1.2 (IN), TLS header, Supplemental data (23):
{ [5 bytes data]
* TLSv1.2 (IN), TLS header, Supplemental data (23):
{ [5 bytes data]
* TLSv1.2 (IN), TLS header, Supplemental data (23):
{ [5 bytes data]
* TLSv1.2 (IN), TLS header, Supplemental data (23):
{ [5 bytes data]
* TLSv1.2 (IN), TLS header, Supplemental data (23):
{ [5 bytes data]
* TLSv1.2 (IN), TLS header, Supplemental data (23):
{ [5 bytes data]
* TLSv1.2 (IN), TLS header, Supplemental data (23):
{ [5 bytes data]
* TLSv1.2 (IN), TLS header, Supplemental data (23):
{ [5 bytes data]
* TLSv1.2 (IN), TLS header, Supplemental data (23):
{ [5 bytes data]
* TLSv1.2 (IN), TLS header, Supplemental data (23):
{ [5 bytes data]
* TLSv1.2 (IN), TLS header, Supplemental data (23):
{ [5 bytes data]
* TLSv1.2 (IN), TLS header, Supplemental data (23):
{ [5 bytes data]
* TLSv1.2 (IN), TLS header, Supplemental data (23):
{ [5 bytes data]
* TLSv1.2 (IN), TLS header, Supplemental data (23):
{ [5 bytes data]
* TLSv1.2 (IN), TLS header, Supplemental data (23):
{ [5 bytes data]
* TLSv1.2 (IN), TLS header, Supplemental data (23):
{ [5 bytes data]
* TLSv1.2 (IN), TLS header, Supplemental data (23):
{ [5 bytes data]
* TLSv1.2 (IN), TLS header, Supplemental data (23):
{ [5 bytes data]
* TLSv1.2 (IN), TLS header, Supplemental data (23):
{ [5 bytes data]
* TLSv1.2 (IN), TLS header, Supplemental data (23):
{ [5 bytes data]
* TLSv1.2 (IN), TLS header, Supplemental data (23):
{ [5 bytes data]
* TLSv1.2 (IN), TLS header, Supplemental data (23):
{ [5 bytes data]
* TLSv1.2 (IN), TLS header, Supplemental data (23):
{ [5 bytes data]
* TLSv1.2 (IN), TLS header, Supplemental data (23):
{ [5 bytes data]
* TLSv1.2 (IN), TLS header, Supplemental data (23):
{ [5 bytes data]
* TLSv1.2 (IN), TLS header, Supplemental data (23):
{ [5 bytes data]
* TLSv1.2 (IN), TLS header, Supplemental data (23):
{ [5 bytes data]
* TLSv1.2 (IN), TLS header, Supplemental data (23):
{ [5 bytes data]
* TLSv1.2 (IN), TLS header, Supplemental data (23):
{ [5 bytes data]
* TLSv1.2 (IN), TLS header, Supplemental data (23):
{ [5 bytes data]
* TLSv1.2 (IN), TLS header, Supplemental data (23):
{ [5 bytes data]
* TLSv1.2 (IN), TLS header, Supplemental data (23):
{ [5 bytes data]
* TLSv1.2 (IN), TLS header, Supplemental data (23):
{ [5 bytes data]
* TLSv1.2 (IN), TLS header, Supplemental data (23):
{ [5 bytes data]
* TLSv1.2 (IN), TLS header, Supplemental data (23):
{ [5 bytes data]
* TLSv1.2 (IN), TLS header, Supplemental data (23):
{ [5 bytes data]
* TLSv1.2 (IN), TLS header, Supplemental data (23):
{ [5 bytes data]
* TLSv1.2 (IN), TLS header, Supplemental data (23):
{ [5 bytes data]
* TLSv1.2 (IN), TLS header, Supplemental data (23):
{ [5 bytes data]
* TLSv1.2 (IN), TLS header, Supplemental data (23):
{ [5 bytes data]
* TLSv1.2 (IN), TLS header, Supplemental data (23):
{ [5 bytes data]
* TLSv1.2 (IN), TLS header, Supplemental data (23):
{ [5 bytes data]
* TLSv1.2 (IN), TLS header, Supplemental data (23):
{ [5 bytes data]
* TLSv1.2 (IN), TLS header, Supplemental data (23):
{ [5 bytes data]
* TLSv1.2 (IN), TLS header, Supplemental data (23):
{ [5 bytes data]
* TLSv1.2 (IN), TLS header, Supplemental data (23):
{ [5 bytes data]
* TLSv1.2 (IN), TLS header, Supplemental data (23):
{ [5 bytes data]
* TLSv1.2 (IN), TLS header, Supplemental data (23):
{ [5 bytes data]
* TLSv1.2 (IN), TLS header, Supplemental data (23):
{ [5 bytes data]
* TLSv1.2 (IN), TLS header, Supplemental data (23):
{ [5 bytes data]
* TLSv1.2 (IN), TLS header, Supplemental data (23):
{ [5 bytes data]
* TLSv1.2 (IN), TLS header, Supplemental data (23):
{ [5 bytes data]
* TLSv1.2 (IN), TLS header, Supplemental data (23):
{ [5 bytes data]
* TLSv1.2 (IN), TLS header, Supplemental data (23):
{ [5 bytes data]
* TLSv1.2 (IN), TLS header, Supplemental data (23):
{ [5 bytes data]
* TLSv1.2 (IN), TLS header, Supplemental data (23):
{ [5 bytes data]
* TLSv1.2 (IN), TLS header, Supplemental data (23):
{ [5 bytes data]
* TLSv1.2 (IN), TLS header, Supplemental data (23):
{ [5 bytes data]
* TLSv1.2 (IN), TLS header, Supplemental data (23):
{ [5 bytes data]
* TLSv1.2 (IN), TLS header, Supplemental data (23):
{ [5 bytes data]
* TLSv1.2 (IN), TLS header, Supplemental data (23):
{ [5 bytes data]
* TLSv1.2 (IN), TLS header, Supplemental data (23):
{ [5 bytes data]
* TLSv1.2 (IN), TLS header, Supplemental data (23):
{ [5 bytes data]
* TLSv1.2 (IN), TLS header, Supplemental data (23):
{ [5 bytes data]
* TLSv1.2 (IN), TLS header, Supplemental data (23):
{ [5 bytes data]
* TLSv1.2 (IN), TLS header, Supplemental data (23):
{ [5 bytes data]
* TLSv1.2 (IN), TLS header, Supplemental data (23):
{ [5 bytes data]
* TLSv1.2 (IN), TLS header, Supplemental data (23):
{ [5 bytes data]
* TLSv1.2 (IN), TLS header, Supplemental data (23):
{ [5 bytes data]
* TLSv1.2 (IN), TLS header, Supplemental data (23):
{ [5 bytes data]
* TLSv1.2 (IN), TLS header, Supplemental data (23):
{ [5 bytes data]
* TLSv1.2 (IN), TLS header, Supplemental data (23):
{ [5 bytes data]
* TLSv1.2 (IN), TLS header, Supplemental data (23):
{ [5 bytes data]
* TLSv1.2 (IN), TLS header, Supplemental data (23):
{ [5 bytes data]
* TLSv1.2 (IN), TLS header, Supplemental data (23):
{ [5 bytes data]
* TLSv1.2 (IN), TLS header, Supplemental data (23):
{ [5 bytes data]
* TLSv1.2 (IN), TLS header, Supplemental data (23):
{ [5 bytes data]
* TLSv1.2 (IN), TLS header, Supplemental data (23):
{ [5 bytes data]
* TLSv1.2 (IN), TLS header, Supplemental data (23):
{ [5 bytes data]
* TLSv1.2 (IN), TLS header, Supplemental data (23):
{ [5 bytes data]
* TLSv1.2 (IN), TLS header, Supplemental data (23):
{ [5 bytes data]
* TLSv1.2 (IN), TLS header, Supplemental data (23):
{ [5 bytes data]
* TLSv1.2 (IN), TLS header, Supplemental data (23):
{ [5 bytes data]
* TLSv1.2 (IN), TLS header, Supplemental data (23):
{ [5 bytes data]
* TLSv1.2 (IN), TLS header, Supplemental data (23):
{ [5 bytes data]
* TLSv1.2 (IN), TLS header, Supplemental data (23):
{ [5 bytes data]
* TLSv1.2 (IN), TLS header, Supplemental data (23):
{ [5 bytes data]
* TLSv1.2 (IN), TLS header, Supplemental data (23):
{ [5 bytes data]
* TLSv1.2 (IN), TLS header, Supplemental data (23):
{ [5 bytes data]
* TLSv1.2 (IN), TLS header, Supplemental data (23):
{ [5 bytes data]
* TLSv1.2 (IN), TLS header, Supplemental data (23):
{ [5 bytes data]
* TLSv1.2 (IN), TLS header, Supplemental data (23):
{ [5 bytes data]
* TLSv1.2 (IN), TLS header, Supplemental data (23):
{ [5 bytes data]
* TLSv1.2 (IN), TLS header, Supplemental data (23):
{ [5 bytes data]
* TLSv1.2 (IN), TLS header, Supplemental data (23):
{ [5 bytes data]
* TLSv1.2 (IN), TLS header, Supplemental data (23):
{ [5 bytes data]
* TLSv1.2 (IN), TLS header, Supplemental data (23):
{ [5 bytes data]
* TLSv1.2 (IN), TLS header, Supplemental data (23):
{ [5 bytes data]
* TLSv1.2 (IN), TLS header, Supplemental data (23):
{ [5 bytes data]
* TLSv1.2 (IN), TLS header, Supplemental data (23):
{ [5 bytes data]
* TLSv1.2 (IN), TLS header, Supplemental data (23):
{ [5 bytes data]
* TLSv1.2 (IN), TLS header, Supplemental data (23):
{ [5 bytes data]
* TLSv1.2 (IN), TLS header, Supplemental data (23):
{ [5 bytes data]
* TLSv1.2 (IN), TLS header, Supplemental data (23):
{ [5 bytes data]
* TLSv1.2 (IN), TLS header, Supplemental data (23):
{ [5 bytes data]
* TLSv1.2 (IN), TLS header, Supplemental data (23):
{ [5 bytes data]
* TLSv1.2 (IN), TLS header, Supplemental data (23):
{ [5 bytes data]
* TLSv1.2 (IN), TLS header, Supplemental data (23):
{ [5 bytes data]
* TLSv1.2 (IN), TLS header, Supplemental data (23):
{ [5 bytes data]
* TLSv1.2 (IN), TLS header, Supplemental data (23):
{ [5 bytes data]
* TLSv1.2 (IN), TLS header, Supplemental data (23):
{ [5 bytes data]
* TLSv1.2 (IN), TLS header, Supplemental data (23):
{ [5 bytes data]
* TLSv1.2 (IN), TLS header, Supplemental data (23):
{ [5 bytes data]
* TLSv1.2 (IN), TLS header, Supplemental data (23):
{ [5 bytes data]
* TLSv1.2 (IN), TLS header, Supplemental data (23):
{ [5 bytes data]
* TLSv1.2 (IN), TLS header, Supplemental data (23):
{ [5 bytes data]
* TLSv1.2 (IN), TLS header, Supplemental data (23):
{ [5 bytes data]
* TLSv1.2 (IN), TLS header, Supplemental data (23):
{ [5 bytes data]
* TLSv1.2 (IN), TLS header, Supplemental data (23):
{ [5 bytes data]
* TLSv1.2 (IN), TLS header, Supplemental data (23):
{ [5 bytes data]
* TLSv1.2 (IN), TLS header, Supplemental data (23):
{ [5 bytes data]
* TLSv1.2 (IN), TLS header, Supplemental data (23):
{ [5 bytes data]
* TLSv1.2 (IN), TLS header, Supplemental data (23):
{ [5 bytes data]
* TLSv1.2 (IN), TLS header, Supplemental data (23):
{ [5 bytes data]
* TLSv1.2 (IN), TLS header, Supplemental data (23):
{ [5 bytes data]
* TLSv1.2 (IN), TLS header, Supplemental data (23):
{ [5 bytes data]
* TLSv1.2 (IN), TLS header, Supplemental data (23):
{ [5 bytes data]
* TLSv1.2 (IN), TLS header, Supplemental data (23):
{ [5 bytes data]
* TLSv1.2 (IN), TLS header, Supplemental data (23):
{ [5 bytes data]
* TLSv1.2 (IN), TLS header, Supplemental data (23):
{ [5 bytes data]
* TLSv1.2 (IN), TLS header, Supplemental data (23):
{ [5 bytes data]
* TLSv1.2 (IN), TLS header, Supplemental data (23):
{ [5 bytes data]
* TLSv1.2 (IN), TLS header, Supplemental data (23):
{ [5 bytes data]
* TLSv1.2 (IN), TLS header, Supplemental data (23):
{ [5 bytes data]
* TLSv1.2 (IN), TLS header, Supplemental data (23):
{ [5 bytes data]
* TLSv1.2 (IN), TLS header, Supplemental data (23):
{ [5 bytes data]
* TLSv1.2 (IN), TLS header, Supplemental data (23):
{ [5 bytes data]
* TLSv1.2 (IN), TLS header, Supplemental data (23):
{ [5 bytes data]
* TLSv1.2 (IN), TLS header, Supplemental data (23):
{ [5 bytes data]
* TLSv1.2 (IN), TLS header, Supplemental data (23):
{ [5 bytes data]
* TLSv1.2 (IN), TLS header, Supplemental data (23):
{ [5 bytes data]
* TLSv1.2 (IN), TLS header, Supplemental data (23):
{ [5 bytes data]
* TLSv1.2 (IN), TLS header, Supplemental data (23):
{ [5 bytes data]
* TLSv1.2 (IN), TLS header, Supplemental data (23):
{ [5 bytes data]
* TLSv1.2 (IN), TLS header, Supplemental data (23):
{ [5 bytes data]
* TLSv1.2 (IN), TLS header, Supplemental data (23):
{ [5 bytes data]
* TLSv1.2 (IN), TLS header, Supplemental data (23):
{ [5 bytes data]
* TLSv1.2 (IN), TLS header, Supplemental data (23):
{ [5 bytes data]
* TLSv1.2 (IN), TLS header, Supplemental data (23):
{ [5 bytes data]
* TLSv1.2 (IN), TLS header, Supplemental data (23):
{ [5 bytes data]
* TLSv1.2 (IN), TLS header, Supplemental data (23):
{ [5 bytes data]
* TLSv1.2 (IN), TLS header, Supplemental data (23):
{ [5 bytes data]
* TLSv1.2 (IN), TLS header, Supplemental data (23):
{ [5 bytes data]
* TLSv1.2 (IN), TLS header, Supplemental data (23):
{ [5 bytes data]
* TLSv1.2 (IN), TLS header, Supplemental data (23):
{ [5 bytes data]
* TLSv1.2 (IN), TLS header, Supplemental data (23):
{ [5 bytes data]
* TLSv1.2 (IN), TLS header, Supplemental data (23):
{ [5 bytes data]
* TLSv1.2 (IN), TLS header, Supplemental data (23):
{ [5 bytes data]
* TLSv1.2 (IN), TLS header, Supplemental data (23):
{ [5 bytes data]
* TLSv1.2 (IN), TLS header, Supplemental data (23):
{ [5 bytes data]
* TLSv1.2 (IN), TLS header, Supplemental data (23):
{ [5 bytes data]
* TLSv1.2 (IN), TLS header, Supplemental data (23):
{ [5 bytes data]
* TLSv1.2 (IN), TLS header, Supplemental data (23):
{ [5 bytes data]
* TLSv1.2 (IN), TLS header, Supplemental data (23):
{ [5 bytes data]
* TLSv1.2 (IN), TLS header, Supplemental data (23):
{ [5 bytes data]
* TLSv1.2 (IN), TLS header, Supplemental data (23):
{ [5 bytes data]
* TLSv1.2 (IN), TLS header, Supplemental data (23):
{ [5 bytes data]
* TLSv1.2 (IN), TLS header, Supplemental data (23):
{ [5 bytes data]
* TLSv1.2 (IN), TLS header, Supplemental data (23):
{ [5 bytes data]
* TLSv1.2 (IN), TLS header, Supplemental data (23):
{ [5 bytes data]
* TLSv1.2 (IN), TLS header, Supplemental data (23):
{ [5 bytes data]
* TLSv1.2 (IN), TLS header, Supplemental data (23):
{ [5 bytes data]
* TLSv1.2 (IN), TLS header, Supplemental data (23):
{ [5 bytes data]
* TLSv1.2 (IN), TLS header, Supplemental data (23):
{ [5 bytes data]
* TLSv1.2 (IN), TLS header, Supplemental data (23):
{ [5 bytes data]
* TLSv1.2 (IN), TLS header, Supplemental data (23):
{ [5 bytes data]
* TLSv1.2 (IN), TLS header, Supplemental data (23):
{ [5 bytes data]
* TLSv1.2 (IN), TLS header, Supplemental data (23):
{ [5 bytes data]
* TLSv1.2 (IN), TLS header, Supplemental data (23):
{ [5 bytes data]
* TLSv1.2 (IN), TLS header, Supplemental data (23):
{ [5 bytes data]
* TLSv1.2 (IN), TLS header, Supplemental data (23):
{ [5 bytes data]
* TLSv1.2 (IN), TLS header, Supplemental data (23):
{ [5 bytes data]
* TLSv1.2 (IN), TLS header, Supplemental data (23):
{ [5 bytes data]
* TLSv1.2 (IN), TLS header, Supplemental data (23):
{ [5 bytes data]
* TLSv1.2 (IN), TLS header, Supplemental data (23):
{ [5 bytes data]
* TLSv1.2 (IN), TLS header, Supplemental data (23):
{ [5 bytes data]
* TLSv1.2 (IN), TLS header, Supplemental data (23):
{ [5 bytes data]
* TLSv1.2 (IN), TLS header, Supplemental data (23):
{ [5 bytes data]
* TLSv1.2 (IN), TLS header, Supplemental data (23):
{ [5 bytes data]
* TLSv1.2 (IN), TLS header, Supplemental data (23):
{ [5 bytes data]
* TLSv1.2 (IN), TLS header, Supplemental data (23):
{ [5 bytes data]
* TLSv1.2 (IN), TLS header, Supplemental data (23):
{ [5 bytes data]
* TLSv1.2 (IN), TLS header, Supplemental data (23):
{ [5 bytes data]
* TLSv1.2 (IN), TLS header, Supplemental data (23):
{ [5 bytes data]
* TLSv1.2 (IN), TLS header, Supplemental data (23):
{ [5 bytes data]
* TLSv1.2 (IN), TLS header, Supplemental data (23):
{ [5 bytes data]
* TLSv1.2 (IN), TLS header, Supplemental data (23):
{ [5 bytes data]
* TLSv1.2 (IN), TLS header, Supplemental data (23):
{ [5 bytes data]
* TLSv1.2 (IN), TLS header, Supplemental data (23):
{ [5 bytes data]
* TLSv1.2 (IN), TLS header, Supplemental data (23):
{ [5 bytes data]
* TLSv1.2 (IN), TLS header, Supplemental data (23):
{ [5 bytes data]
* TLSv1.2 (IN), TLS header, Supplemental data (23):
{ [5 bytes data]
* TLSv1.2 (IN), TLS header, Supplemental data (23):
{ [5 bytes data]
* TLSv1.2 (IN), TLS header, Supplemental data (23):
{ [5 bytes data]
* TLSv1.2 (IN), TLS header, Supplemental data (23):
{ [5 bytes data]
* TLSv1.2 (IN), TLS header, Supplemental data (23):
{ [5 bytes data]
* TLSv1.2 (IN), TLS header, Supplemental data (23):
{ [5 bytes data]
* TLSv1.2 (IN), TLS header, Supplemental data (23):
{ [5 bytes data]
* TLSv1.2 (IN), TLS header, Supplemental data (23):
{ [5 bytes data]
* TLSv1.2 (IN), TLS header, Supplemental data (23):
{ [5 bytes data]
* TLSv1.2 (IN), TLS header, Supplemental data (23):
{ [5 bytes data]
* TLSv1.2 (IN), TLS header, Supplemental data (23):
{ [5 bytes data]
* TLSv1.2 (IN), TLS header, Supplemental data (23):
{ [5 bytes data]
* TLSv1.2 (IN), TLS header, Supplemental data (23):
{ [5 bytes data]
* TLSv1.2 (IN), TLS header, Supplemental data (23):
{ [5 bytes data]
* TLSv1.2 (IN), TLS header, Supplemental data (23):
{ [5 bytes data]
* TLSv1.2 (IN), TLS header, Supplemental data (23):
{ [5 bytes data]
* TLSv1.2 (IN), TLS header, Supplemental data (23):
{ [5 bytes data]
* TLSv1.2 (IN), TLS header, Supplemental data (23):
{ [5 bytes data]
* TLSv1.2 (IN), TLS header, Supplemental data (23):
{ [5 bytes data]
* TLSv1.2 (IN), TLS header, Supplemental data (23):
{ [5 bytes data]
* TLSv1.2 (IN), TLS header, Supplemental data (23):
{ [5 bytes data]
* TLSv1.2 (IN), TLS header, Supplemental data (23):
{ [5 bytes data]
* TLSv1.2 (IN), TLS header, Supplemental data (23):
{ [5 bytes data]
* TLSv1.2 (IN), TLS header, Supplemental data (23):
{ [5 bytes data]
* TLSv1.2 (IN), TLS header, Supplemental data (23):
{ [5 bytes data]
* TLSv1.2 (IN), TLS header, Supplemental data (23):
{ [5 bytes data]
* TLSv1.2 (IN), TLS header, Supplemental data (23):
{ [5 bytes data]
* TLSv1.2 (IN), TLS header, Supplemental data (23):
{ [5 bytes data]
* TLSv1.2 (IN), TLS header, Supplemental data (23):
{ [5 bytes data]
* TLSv1.2 (IN), TLS header, Supplemental data (23):
{ [5 bytes data]
* TLSv1.2 (IN), TLS header, Supplemental data (23):
{ [5 bytes data]
* TLSv1.2 (IN), TLS header, Supplemental data (23):
{ [5 bytes data]
* TLSv1.2 (IN), TLS header, Supplemental data (23):
{ [5 bytes data]
* TLSv1.2 (IN), TLS header, Supplemental data (23):
{ [5 bytes data]
* TLSv1.2 (IN), TLS header, Supplemental data (23):
{ [5 bytes data]
* TLSv1.2 (IN), TLS header, Supplemental data (23):
{ [5 bytes data]
* TLSv1.2 (IN), TLS header, Supplemental data (23):
{ [5 bytes data]
* TLSv1.2 (IN), TLS header, Supplemental data (23):
{ [5 bytes data]
* TLSv1.2 (IN), TLS header, Supplemental data (23):
{ [5 bytes data]
* TLSv1.2 (IN), TLS header, Supplemental data (23):
{ [5 bytes data]
* TLSv1.2 (IN), TLS header, Supplemental data (23):
{ [5 bytes data]
* TLSv1.2 (IN), TLS header, Supplemental data (23):
{ [5 bytes data]
* TLSv1.2 (IN), TLS header, Supplemental data (23):
{ [5 bytes data]
* TLSv1.2 (IN), TLS header, Supplemental data (23):
{ [5 bytes data]
* TLSv1.2 (IN), TLS header, Supplemental data (23):
{ [5 bytes data]
* TLSv1.2 (IN), TLS header, Supplemental data (23):
{ [5 bytes data]
* TLSv1.2 (IN), TLS header, Supplemental data (23):
{ [5 bytes data]
* TLSv1.2 (IN), TLS header, Supplemental data (23):
{ [5 bytes data]
* TLSv1.2 (IN), TLS header, Supplemental data (23):
{ [5 bytes data]
* TLSv1.2 (IN), TLS header, Supplemental data (23):
{ [5 bytes data]
* TLSv1.2 (IN), TLS header, Supplemental data (23):
{ [5 bytes data]
* TLSv1.2 (IN), TLS header, Supplemental data (23):
{ [5 bytes data]
* TLSv1.2 (IN), TLS header, Supplemental data (23):
{ [5 bytes data]
* TLSv1.2 (IN), TLS header, Supplemental data (23):
{ [5 bytes data]
* TLSv1.2 (IN), TLS header, Supplemental data (23):
{ [5 bytes data]
* TLSv1.2 (IN), TLS header, Supplemental data (23):
{ [5 bytes data]
* TLSv1.2 (IN), TLS header, Supplemental data (23):
{ [5 bytes data]
* TLSv1.2 (IN), TLS header, Supplemental data (23):
{ [5 bytes data]
* TLSv1.2 (IN), TLS header, Supplemental data (23):
{ [5 bytes data]
* TLSv1.2 (IN), TLS header, Supplemental data (23):
{ [5 bytes data]
* TLSv1.2 (IN), TLS header, Supplemental data (23):
{ [5 bytes data]
* TLSv1.2 (IN), TLS header, Supplemental data (23):
{ [5 bytes data]
* TLSv1.2 (IN), TLS header, Supplemental data (23):
{ [5 bytes data]
* TLSv1.2 (IN), TLS header, Supplemental data (23):
{ [5 bytes data]
* TLSv1.2 (IN), TLS header, Supplemental data (23):
{ [5 bytes data]
* TLSv1.2 (IN), TLS header, Supplemental data (23):
{ [5 bytes data]
* TLSv1.2 (IN), TLS header, Supplemental data (23):
{ [5 bytes data]
* TLSv1.2 (IN), TLS header, Supplemental data (23):
{ [5 bytes data]
* TLSv1.2 (IN), TLS header, Supplemental data (23):
{ [5 bytes data]
* TLSv1.2 (IN), TLS header, Supplemental data (23):
{ [5 bytes data]
* TLSv1.2 (IN), TLS header, Supplemental data (23):
{ [5 bytes data]
* TLSv1.2 (IN), TLS header, Supplemental data (23):
{ [5 bytes data]
* TLSv1.2 (IN), TLS header, Supplemental data (23):
{ [5 bytes data]
* TLSv1.2 (IN), TLS header, Supplemental data (23):
{ [5 bytes data]
* TLSv1.2 (IN), TLS header, Supplemental data (23):
{ [5 bytes data]
* TLSv1.2 (IN), TLS header, Supplemental data (23):
{ [5 bytes data]
* TLSv1.2 (IN), TLS header, Supplemental data (23):
{ [5 bytes data]
* TLSv1.2 (IN), TLS header, Supplemental data (23):
{ [5 bytes data]
* TLSv1.2 (IN), TLS header, Supplemental data (23):
{ [5 bytes data]
* TLSv1.2 (IN), TLS header, Supplemental data (23):
{ [5 bytes data]
* TLSv1.2 (IN), TLS header, Supplemental data (23):
{ [5 bytes data]
* TLSv1.2 (IN), TLS header, Supplemental data (23):
{ [5 bytes data]
* TLSv1.2 (IN), TLS header, Supplemental data (23):
{ [5 bytes data]
* TLSv1.2 (IN), TLS header, Supplemental data (23):
{ [5 bytes data]
* TLSv1.2 (IN), TLS header, Supplemental data (23):
{ [5 bytes data]
* TLSv1.2 (IN), TLS header, Supplemental data (23):
{ [5 bytes data]
* TLSv1.2 (IN), TLS header, Supplemental data (23):
{ [5 bytes data]
* TLSv1.2 (IN), TLS header, Supplemental data (23):
{ [5 bytes data]
* TLSv1.2 (IN), TLS header, Supplemental data (23):
{ [5 bytes data]
* TLSv1.2 (IN), TLS header, Supplemental data (23):
{ [5 bytes data]
* TLSv1.2 (IN), TLS header, Supplemental data (23):
{ [5 bytes data]
* TLSv1.2 (IN), TLS header, Supplemental data (23):
{ [5 bytes data]
* TLSv1.2 (IN), TLS header, Supplemental data (23):
{ [5 bytes data]
* TLSv1.2 (IN), TLS header, Supplemental data (23):
{ [5 bytes data]
* TLSv1.2 (IN), TLS header, Supplemental data (23):
{ [5 bytes data]
* TLSv1.2 (IN), TLS header, Supplemental data (23):
{ [5 bytes data]
* TLSv1.2 (IN), TLS header, Supplemental data (23):
{ [5 bytes data]
* TLSv1.2 (IN), TLS header, Supplemental data (23):
{ [5 bytes data]
* TLSv1.2 (IN), TLS header, Supplemental data (23):
{ [5 bytes data]
* TLSv1.2 (IN), TLS header, Supplemental data (23):
{ [5 bytes data]
* TLSv1.2 (IN), TLS header, Supplemental data (23):
{ [5 bytes data]
* TLSv1.2 (IN), TLS header, Supplemental data (23):
{ [5 bytes data]
* TLSv1.2 (IN), TLS header, Supplemental data (23):
{ [5 bytes data]
* TLSv1.2 (IN), TLS header, Supplemental data (23):
{ [5 bytes data]
* TLSv1.2 (IN), TLS header, Supplemental data (23):
{ [5 bytes data]
* TLSv1.2 (IN), TLS header, Supplemental data (23):
{ [5 bytes data]
* TLSv1.2 (IN), TLS header, Supplemental data (23):
{ [5 bytes data]
* TLSv1.2 (IN), TLS header, Supplemental data (23):
{ [5 bytes data]
* TLSv1.2 (IN), TLS header, Supplemental data (23):
{ [5 bytes data]
* TLSv1.2 (IN), TLS header, Supplemental data (23):
{ [5 bytes data]
* TLSv1.2 (IN), TLS header, Supplemental data (23):
{ [5 bytes data]
* TLSv1.2 (IN), TLS header, Supplemental data (23):
{ [5 bytes data]
* TLSv1.2 (IN), TLS header, Supplemental data (23):
{ [5 bytes data]
* TLSv1.2 (IN), TLS header, Supplemental data (23):
{ [5 bytes data]
* TLSv1.2 (IN), TLS header, Supplemental data (23):
{ [5 bytes data]
* TLSv1.2 (IN), TLS header, Supplemental data (23):
{ [5 bytes data]
* TLSv1.2 (IN), TLS header, Supplemental data (23):
{ [5 bytes data]
* TLSv1.2 (IN), TLS header, Supplemental data (23):
{ [5 bytes data]
* TLSv1.2 (IN), TLS header, Supplemental data (23):
{ [5 bytes data]
* TLSv1.2 (IN), TLS header, Supplemental data (23):
{ [5 bytes data]
* TLSv1.2 (IN), TLS header, Supplemental data (23):
{ [5 bytes data]
* TLSv1.2 (IN), TLS header, Supplemental data (23):
{ [5 bytes data]
* TLSv1.2 (IN), TLS header, Supplemental data (23):
{ [5 bytes data]
* TLSv1.2 (IN), TLS header, Supplemental data (23):
{ [5 bytes data]
* TLSv1.2 (IN), TLS header, Supplemental data (23):
{ [5 bytes data]
* TLSv1.2 (IN), TLS header, Supplemental data (23):
{ [5 bytes data]
* TLSv1.2 (IN), TLS header, Supplemental data (23):
{ [5 bytes data]
* TLSv1.2 (IN), TLS header, Supplemental data (23):
{ [5 bytes data]
* TLSv1.2 (IN), TLS header, Supplemental data (23):
{ [5 bytes data]
* TLSv1.2 (IN), TLS header, Supplemental data (23):
{ [5 bytes data]
* TLSv1.2 (IN), TLS header, Supplemental data (23):
{ [5 bytes data]
* TLSv1.2 (IN), TLS header, Supplemental data (23):
{ [5 bytes data]
* TLSv1.2 (IN), TLS header, Supplemental data (23):
{ [5 bytes data]
* TLSv1.2 (IN), TLS header, Supplemental data (23):
{ [5 bytes data]
* TLSv1.2 (IN), TLS header, Supplemental data (23):
{ [5 bytes data]
* TLSv1.2 (IN), TLS header, Supplemental data (23):
{ [5 bytes data]
* TLSv1.2 (IN), TLS header, Supplemental data (23):
{ [5 bytes data]
* TLSv1.2 (IN), TLS header, Supplemental data (23):
{ [5 bytes data]
* TLSv1.2 (IN), TLS header, Supplemental data (23):
{ [5 bytes data]
* TLSv1.2 (IN), TLS header, Supplemental data (23):
{ [5 bytes data]
* TLSv1.2 (IN), TLS header, Supplemental data (23):
{ [5 bytes data]
* TLSv1.2 (IN), TLS header, Supplemental data (23):
{ [5 bytes data]
* TLSv1.2 (IN), TLS header, Supplemental data (23):
{ [5 bytes data]
* TLSv1.2 (IN), TLS header, Supplemental data (23):
{ [5 bytes data]
* TLSv1.2 (IN), TLS header, Supplemental data (23):
{ [5 bytes data]
* TLSv1.2 (IN), TLS header, Supplemental data (23):
{ [5 bytes data]
* TLSv1.2 (IN), TLS header, Supplemental data (23):
{ [5 bytes data]
* TLSv1.2 (IN), TLS header, Supplemental data (23):
{ [5 bytes data]
* TLSv1.2 (IN), TLS header, Supplemental data (23):
{ [5 bytes data]
* TLSv1.2 (IN), TLS header, Supplemental data (23):
{ [5 bytes data]
* TLSv1.2 (IN), TLS header, Supplemental data (23):
{ [5 bytes data]
* TLSv1.2 (IN), TLS header, Supplemental data (23):
{ [5 bytes data]
* TLSv1.2 (IN), TLS header, Supplemental data (23):
{ [5 bytes data]
* TLSv1.2 (IN), TLS header, Supplemental data (23):
{ [5 bytes data]
* TLSv1.2 (IN), TLS header, Supplemental data (23):
{ [5 bytes data]
* TLSv1.2 (IN), TLS header, Supplemental data (23):
{ [5 bytes data]
* TLSv1.2 (IN), TLS header, Supplemental data (23):
{ [5 bytes data]
* TLSv1.2 (IN), TLS header, Supplemental data (23):
{ [5 bytes data]
* TLSv1.2 (IN), TLS header, Supplemental data (23):
{ [5 bytes data]
* TLSv1.2 (IN), TLS header, Supplemental data (23):
{ [5 bytes data]
* TLSv1.2 (IN), TLS header, Supplemental data (23):
{ [5 bytes data]
* TLSv1.2 (IN), TLS header, Supplemental data (23):
{ [5 bytes data]
* TLSv1.2 (IN), TLS header, Supplemental data (23):
{ [5 bytes data]
* TLSv1.2 (IN), TLS header, Supplemental data (23):
{ [5 bytes data]
* TLSv1.2 (IN), TLS header, Supplemental data (23):
{ [5 bytes data]
* TLSv1.2 (IN), TLS header, Supplemental data (23):
{ [5 bytes data]
* TLSv1.2 (IN), TLS header, Supplemental data (23):
{ [5 bytes data]
* TLSv1.2 (IN), TLS header, Supplemental data (23):
{ [5 bytes data]
* TLSv1.2 (IN), TLS header, Supplemental data (23):
{ [5 bytes data]
* TLSv1.2 (IN), TLS header, Supplemental data (23):
{ [5 bytes data]
* TLSv1.2 (IN), TLS header, Supplemental data (23):
{ [5 bytes data]
* TLSv1.2 (IN), TLS header, Supplemental data (23):
{ [5 bytes data]
* TLSv1.2 (IN), TLS header, Supplemental data (23):
{ [5 bytes data]
* TLSv1.2 (IN), TLS header, Supplemental data (23):
{ [5 bytes data]
* TLSv1.2 (IN), TLS header, Supplemental data (23):
{ [5 bytes data]
* TLSv1.2 (IN), TLS header, Supplemental data (23):
{ [5 bytes data]
* TLSv1.2 (IN), TLS header, Supplemental data (23):
{ [5 bytes data]
* TLSv1.2 (IN), TLS header, Supplemental data (23):
{ [5 bytes data]
* TLSv1.2 (IN), TLS header, Supplemental data (23):
{ [5 bytes data]
* TLSv1.2 (IN), TLS header, Supplemental data (23):
{ [5 bytes data]
* TLSv1.2 (IN), TLS header, Supplemental data (23):
{ [5 bytes data]
* TLSv1.2 (IN), TLS header, Supplemental data (23):
{ [5 bytes data]
* TLSv1.2 (IN), TLS header, Supplemental data (23):
{ [5 bytes data]
* TLSv1.2 (IN), TLS header, Supplemental data (23):
{ [5 bytes data]
* TLSv1.2 (IN), TLS header, Supplemental data (23):
{ [5 bytes data]
* TLSv1.2 (IN), TLS header, Supplemental data (23):
{ [5 bytes data]
* TLSv1.2 (IN), TLS header, Supplemental data (23):
{ [5 bytes data]
* TLSv1.2 (IN), TLS header, Supplemental data (23):
{ [5 bytes data]
* TLSv1.2 (IN), TLS header, Supplemental data (23):
{ [5 bytes data]
* TLSv1.2 (IN), TLS header, Supplemental data (23):
{ [5 bytes data]
* TLSv1.2 (IN), TLS header, Supplemental data (23):
{ [5 bytes data]
* TLSv1.2 (IN), TLS header, Supplemental data (23):
{ [5 bytes data]
* TLSv1.2 (IN), TLS header, Supplemental data (23):
{ [5 bytes data]
* TLSv1.2 (IN), TLS header, Supplemental data (23):
{ [5 bytes data]
* TLSv1.2 (IN), TLS header, Supplemental data (23):
{ [5 bytes data]
* TLSv1.2 (IN), TLS header, Supplemental data (23):
{ [5 bytes data]
* TLSv1.2 (IN), TLS header, Supplemental data (23):
{ [5 bytes data]
* TLSv1.2 (IN), TLS header, Supplemental data (23):
{ [5 bytes data]
* Connection #1 to host drive.usercontent.google.com left intact
Remote file information:
  Status code: 200
getRemoteFile ended
File info: ulysses.epub|1rAINe5laJYHTxMYtKv6PrBWEz1SKVN0m
File code: 1rAINe5laJYHTxMYtKv6PrBWEz1SKVN0m
File name: ulysses.epub
Download: /usr/bin/curl -k --silent -C - -L --create-dirs --remote-time -o "/tmp/KoboCloud/Library/ulysses.epub" "https://drive.google.com/uc?id=1rAINe5laJYHTxMYtKv6PrBWEz1SKVN0m&export=download" -v
Status: 0
Output: 
*   Trying 142.250.75.238:443...
* Connected to drive.google.com (142.250.75.238) port 443 (#0)
* ALPN, offering h2
* ALPN, offering http/1.1
* TLSv1.0 (OUT), TLS header, Certificate Status (22):
} [5 bytes data]
* TLSv1.3 (OUT), TLS handshake, Client hello (1):
} [512 bytes data]
* TLSv1.2 (IN), TLS header, Certificate Status (22):
{ [5 bytes data]
* TLSv1.3 (IN), TLS handshake, Server hello (2):
{ [122 bytes data]
* TLSv1.2 (IN), TLS header, Finished (20):
{ [5 bytes data]
* TLSv1.2 (IN), TLS header, Supplemental data (23):
{ [5 bytes data]
* TLSv1.3 (IN), TLS handshake, Encrypted Extensions (8):
{ [15 bytes data]
* TLSv1.3 (IN), TLS handshake, Certificate (11):
{ [6298 bytes data]
* TLSv1.3 (IN), TLS handshake, CERT verify (15):
{ [79 bytes data]
* TLSv1.3 (IN), TLS handshake, Finished (20):
{ [52 bytes data]
* TLSv1.2 (OUT), TLS header, Finished (20):
} [5 bytes data]
* TLSv1.3 (OUT), TLS change cipher, Change cipher spec (1):
} [1 bytes data]
* TLSv1.2 (OUT), TLS header, Supplemental data (23):
} [5 bytes data]
* TLSv1.3 (OUT), TLS handshake, Finished (20):
} [52 bytes data]
* SSL connection using TLSv1.3 / TLS_AES_256_GCM_SHA384
* ALPN, server accepted to use h2
* Server certificate:
*  subject: CN=*.google.com
*  start date: Oct 21 08:36:57 2024 GMT
*  expire date: Jan 13 08:36:56 2025 GMT
*  issuer: C=US; O=Google Trust Services; CN=WR2
*  SSL certificate verify result: unable to get local issuer certificate (20), continuing anyway.
* Using HTTP2, server supports multiplexing
* Connection state changed (HTTP/2 confirmed)
* Copying HTTP/2 data in stream buffer to connection buffer after upgrade: len=0
* TLSv1.2 (OUT), TLS header, Supplemental data (23):
} [5 bytes data]
* TLSv1.2 (OUT), TLS header, Supplemental data (23):
} [5 bytes data]
* TLSv1.2 (OUT), TLS header, Supplemental data (23):
} [5 bytes data]
* Using Stream ID: 1 (easy handle 0x556783132e90)
* TLSv1.2 (OUT), TLS header, Supplemental data (23):
} [5 bytes data]
> GET /uc?id=1rAINe5laJYHTxMYtKv6PrBWEz1SKVN0m&export=download HTTP/2
> Host: drive.google.com
> user-agent: curl/7.81.0
> accept: */*
> 
* TLSv1.2 (IN), TLS header, Supplemental data (23):
{ [5 bytes data]
* TLSv1.3 (IN), TLS handshake, Newsession Ticket (4):
{ [282 bytes data]
* TLSv1.3 (IN), TLS handshake, Newsession Ticket (4):
{ [282 bytes data]
* old SSL session ID is stale, removing
* TLSv1.2 (IN), TLS header, Supplemental data (23):
{ [5 bytes data]
* TLSv1.2 (OUT), TLS header, Supplemental data (23):
} [5 bytes data]
* TLSv1.2 (IN), TLS header, Supplemental data (23):
{ [5 bytes data]
* TLSv1.2 (IN), TLS header, Supplemental data (23):
{ [5 bytes data]
< HTTP/2 303 
< content-type: application/binary
< cache-control: no-cache, no-store, max-age=0, must-revalidate
< pragma: no-cache
< expires: Mon, 01 Jan 1990 00:00:00 GMT
< date: Mon, 09 Dec 2024 21:26:06 GMT
< location: https://drive.usercontent.google.com/download?id=1rAINe5laJYHTxMYtKv6PrBWEz1SKVN0m&export=download
< strict-transport-security: max-age=31536000
< cross-origin-opener-policy: same-origin
< content-security-policy: require-trusted-types-for 'script';report-uri /_/DriveUntrustedContentHttp/cspreport
< content-security-policy: script-src 'nonce-vdYm9JSAeF2jYXILt3dE3Q' 'unsafe-inline';object-src 'none';base-uri 'self';report-uri /_/DriveUntrustedContentHttp/cspreport;worker-src 'self'
< accept-ch: Sec-CH-UA-Arch, Sec-CH-UA-Bitness, Sec-CH-UA-Full-Version, Sec-CH-UA-Full-Version-List, Sec-CH-UA-Model, Sec-CH-UA-WoW64, Sec-CH-UA-Form-Factors, Sec-CH-UA-Platform, Sec-CH-UA-Platform-Version
< permissions-policy: ch-ua-arch=*, ch-ua-bitness=*, ch-ua-full-version=*, ch-ua-full-version-list=*, ch-ua-model=*, ch-ua-wow64=*, ch-ua-form-factors=*, ch-ua-platform=*, ch-ua-platform-version=*
< server: ESF
< content-length: 0
< x-xss-protection: 0
< x-frame-options: SAMEORIGIN
< x-content-type-options: nosniff
< alt-svc: h3=":443"; ma=2592000,h3-29=":443"; ma=2592000
< 
* TLSv1.2 (IN), TLS header, Supplemental data (23):
{ [5 bytes data]
* TLSv1.2 (IN), TLS header, Supplemental data (23):
{ [5 bytes data]
* TLSv1.2 (OUT), TLS header, Supplemental data (23):
} [5 bytes data]
* Connection #0 to host drive.google.com left intact
* Issue another request to this URL: 'https://drive.usercontent.google.com/download?id=1rAINe5laJYHTxMYtKv6PrBWEz1SKVN0m&export=download'
*   Trying 142.250.179.65:443...
* Connected to drive.usercontent.google.com (142.250.179.65) port 443 (#1)
* ALPN, offering h2
* ALPN, offering http/1.1
* TLSv1.0 (OUT), TLS header, Certificate Status (22):
} [5 bytes data]
* TLSv1.3 (OUT), TLS handshake, Client hello (1):
} [512 bytes data]
* TLSv1.2 (IN), TLS header, Certificate Status (22):
{ [5 bytes data]
* TLSv1.3 (IN), TLS handshake, Server hello (2):
{ [122 bytes data]
* TLSv1.2 (IN), TLS header, Finished (20):
{ [5 bytes data]
* TLSv1.2 (IN), TLS header, Supplemental data (23):
{ [5 bytes data]
* TLSv1.3 (IN), TLS handshake, Encrypted Extensions (8):
{ [15 bytes data]
* TLSv1.3 (IN), TLS handshake, Certificate (11):
{ [4085 bytes data]
* TLSv1.3 (IN), TLS handshake, CERT verify (15):
{ [80 bytes data]
* TLSv1.3 (IN), TLS handshake, Finished (20):
{ [52 bytes data]
* TLSv1.2 (OUT), TLS header, Finished (20):
} [5 bytes data]
* TLSv1.3 (OUT), TLS change cipher, Change cipher spec (1):
} [1 bytes data]
* TLSv1.2 (OUT), TLS header, Supplemental data (23):
} [5 bytes data]
* TLSv1.3 (OUT), TLS handshake, Finished (20):
} [52 bytes data]
* SSL connection using TLSv1.3 / TLS_AES_256_GCM_SHA384
* ALPN, server accepted to use h2
* Server certificate:
*  subject: CN=*.usercontent.google.com
*  start date: Oct 21 08:38:28 2024 GMT
*  expire date: Jan 13 08:38:27 2025 GMT
*  issuer: C=US; O=Google Trust Services; CN=WR2
*  SSL certificate verify result: unable to get local issuer certificate (20), continuing anyway.
* Using HTTP2, server supports multiplexing
* Connection state changed (HTTP/2 confirmed)
* Copying HTTP/2 data in stream buffer to connection buffer after upgrade: len=0
* TLSv1.2 (OUT), TLS header, Supplemental data (23):
} [5 bytes data]
* TLSv1.2 (OUT), TLS header, Supplemental data (23):
} [5 bytes data]
* TLSv1.2 (OUT), TLS header, Supplemental data (23):
} [5 bytes data]
* Using Stream ID: 1 (easy handle 0x556783132e90)
* TLSv1.2 (OUT), TLS header, Supplemental data (23):
} [5 bytes data]
> GET /download?id=1rAINe5laJYHTxMYtKv6PrBWEz1SKVN0m&export=download HTTP/2
> Host: drive.usercontent.google.com
> user-agent: curl/7.81.0
> accept: */*
> 
* TLSv1.2 (IN), TLS header, Supplemental data (23):
{ [5 bytes data]
* TLSv1.3 (IN), TLS handshake, Newsession Ticket (4):
{ [282 bytes data]
* TLSv1.3 (IN), TLS handshake, Newsession Ticket (4):
{ [282 bytes data]
* old SSL session ID is stale, removing
* TLSv1.2 (IN), TLS header, Supplemental data (23):
{ [5 bytes data]
* TLSv1.2 (OUT), TLS header, Supplemental data (23):
} [5 bytes data]
* TLSv1.2 (IN), TLS header, Supplemental data (23):
{ [5 bytes data]
* TLSv1.2 (IN), TLS header, Supplemental data (23):
{ [5 bytes data]
* TLSv1.2 (IN), TLS header, Supplemental data (23):
{ [5 bytes data]
* TLSv1.2 (IN), TLS header, Supplemental data (23):
{ [5 bytes data]
< HTTP/2 200 
< x-guploader-uploadid: AFiumC5kLs46SlB879_QXjhbasPUD0I7924smHxebd4xaPigFsVk0uh5JY_3NSuLdpe8rkZO
< content-type: application/octet-stream
< content-security-policy: sandbox
< content-security-policy: default-src 'none'
< content-security-policy: frame-ancestors 'none'
< x-content-security-policy: sandbox
< cross-origin-opener-policy: same-origin
< cross-origin-embedder-policy: require-corp
< cross-origin-resource-policy: same-site
< x-content-type-options: nosniff
< content-disposition: attachment; filename="ulysses.epub"
< access-control-allow-origin: *
< access-control-allow-credentials: false
< access-control-allow-headers: Accept, Accept-Language, Authorization, Cache-Control, Content-Disposition, Content-Encoding, Content-Language, Content-Length, Content-MD5, Content-Range, Content-Type, Date, developer-token, financial-institution-id, X-Goog-Sn-Metadata, X-Goog-Sn-PatientId, GData-Version, google-cloud-resource-prefix, linked-customer-id, login-customer-id, x-goog-request-params, Host, If-Match, If-Modified-Since, If-None-Match, If-Unmodified-Since, Origin, OriginToken, Pragma, Range, request-id, Slug, Transfer-Encoding, hotrod-board-name, hotrod-chrome-cpu-model, hotrod-chrome-processors, Want-Digest, X-Ad-Manager-Impersonation, x-chrome-connected, X-ClientDetails, X-Client-Pctx, X-Client-Version, x-debug-settings-metadata, X-Firebase-Locale, X-Goog-Firebase-Installations-Auth, X-Firebase-Client, X-Firebase-Client-Log-Type, X-Firebase-GMPID, X-Firebase-Auth-Token, X-Firebase-AppCheck, X-Firebase-Token, X-Goog-Drive-Client-Version, X-Goog-Drive-Resource-Keys, X-GData-Client, X-GData-Key, X-GoogApps-Allowed-Domains, X-Goog-AdX-Buyer-Impersonation, X-Goog-Api-Client, X-Goog-Visibilities, X-Goog-AuthUser, X-Google-EOM, x-goog-ext-124712974-jspb, x-goog-ext-467253834-jspb, x-goog-ext-353267353-bin, x-goog-ext-353267353-jspb, x-goog-ext-251363160-jspb, x-goog-ext-259736195-jspb, x-goog-ext-477772811-jspb, x-goog-ext-359275022-bin, x-goog-ext-328800237-jspb, x-goog-ext-202735639-bin, x-goog-ext-223435598-bin, X-Goog-PageId, X-Goog-Encode-Response-If-Executable, X-Goog-Correlation-Id, X-Goog-Request-Info, X-Goog-Request-Reason, X-Goog-Request-Time, X-Goog-Experiments, x-goog-iam-authority-selector, x-goog-iam-authorization-token, X-Goog-Spatula, X-Goog-Travel-Bgr, X-Goog-Travel-Settings, X-Goog-Upload-Command, X-Goog-Upload-Content-Disposition, X-Goog-Upload-Content-Length, X-Goog-Upload-Content-Type, X-Goog-Upload-File-Name, X-Goog-Upload-Header-Content-Encoding, X-Goog-Upload-Header-Content-Length, X-Goog-Upload-Header-Content-Type, X-Goog-Upload-Header-Transfer-Encoding, X-Goog-Upload-Offset, X-Goog-Upload-Protocol, x-goog-user-project, X-Goog-Visitor-Id, X-Goog-FieldMask, X-Google-Project-Override, x-goog-maps-api-salt, x-goog-maps-api-signature, x-goog-maps-client-id, X-Goog-Api-Key, x-goog-spanner-database-role, X-HTTP-Method-Override, X-JavaScript-User-Agent, X-Pan-Versionid, X-Proxied-User-IP, X-Origin, X-Referer, X-Requested-With, X-Stadia-Client-Context, X-Upload-Content-Length, X-Upload-Content-Type, X-Use-Alt-Service, X-Use-HTTP-Status-Code-Override, X-Ios-Bundle-Identifier, X-Places-Ios-Sdk, X-Android-Package, X-Android-Cert, X-Places-Android-Sdk, X-Goog-Maps-Ios-Uuid, X-Goog-Maps-Android-Uuid, X-Ariane-Xsrf-Token, X-YouTube-Bootstrap-Logged-In, X-YouTube-VVT, X-YouTube-Page-CL, X-YouTube-Page-Timestamp, X-Compass-Routing-Destination, x-framework-xsrf-token, X-Goog-Meeting-ABR, X-Goog-Meeting-Botguardid, X-Goog-Meeting-Bot-Info, X-Goog-Meeting-ClientInfo, X-Goog-Meeting-ClientVersion, X-Goog-Meeting-Debugid, X-Goog-Meeting-Identifier, X-Goog-Meeting-Interop-Cohorts, X-Goog-Meeting-Interop-Type, X-Goog-Meeting-OidcIdToken, X-Goog-Meeting-RtcClient, X-Goog-Meeting-StartSource, X-Goog-Meeting-Token, X-Goog-Meeting-Viewer-Token, X-Client-Data, x-sdm-id-token, X-Sfdc-Authorization, MIME-Version, Content-Transfer-Encoding, X-Earth-Engine-App-ID-Token, X-Earth-Engine-Computation-Profile, X-Earth-Engine-Computation-Profiling, X-Play-Console-Experiments-Override, X-Play-Console-Session-Id, x-alkali-account-key, x-alkali-application-key, x-alkali-auth-apps-namespace, x-alkali-auth-entities-namespace, x-alkali-auth-entity, x-alkali-client-locale, EES-S7E-MODE, cast-device-capabilities, X-Server-Timeout, x-foyer-client-environment, x-goog-greenenergyuserappservice-metadata, x-goog-sherlog-context, X-Server-Token, x-rfui-request-context, x-goog-nest-jwt, X-Cloud-Trace-Context, traceparent, x-goog-chat-space-id, x-goog-pan-request-context, X-AppInt-Credentials
< access-control-allow-methods: GET,HEAD,OPTIONS
< accept-ranges: bytes
< content-length: 1371218
< last-modified: Sun, 11 Apr 2021 14:13:38 GMT
< date: Mon, 09 Dec 2024 21:26:09 GMT
< expires: Mon, 09 Dec 2024 21:26:09 GMT
< cache-control: private, max-age=0
< x-goog-hash: crc32c=jhE2Fw==
< server: UploadServer
< alt-svc: h3=":443"; ma=2592000,h3-29=":443"; ma=2592000
< 
* TLSv1.2 (IN), TLS header, Supplemental data (23):
{ [5 bytes data]
* TLSv1.2 (IN), TLS header, Supplemental data (23):
{ [5 bytes data]
* TLSv1.2 (IN), TLS header, Supplemental data (23):
{ [5 bytes data]
* TLSv1.2 (IN), TLS header, Supplemental data (23):
{ [5 bytes data]
* TLSv1.2 (IN), TLS header, Supplemental data (23):
{ [5 bytes data]
* TLSv1.2 (IN), TLS header, Supplemental data (23):
{ [5 bytes data]
* TLSv1.2 (IN), TLS header, Supplemental data (23):
{ [5 bytes data]
* TLSv1.2 (IN), TLS header, Supplemental data (23):
{ [5 bytes data]
* TLSv1.2 (IN), TLS header, Supplemental data (23):
{ [5 bytes data]
* TLSv1.2 (IN), TLS header, Supplemental data (23):
{ [5 bytes data]
* TLSv1.2 (IN), TLS header, Supplemental data (23):
{ [5 bytes data]
* TLSv1.2 (IN), TLS header, Supplemental data (23):
{ [5 bytes data]
* TLSv1.2 (IN), TLS header, Supplemental data (23):
{ [5 bytes data]
* TLSv1.2 (IN), TLS header, Supplemental data (23):
{ [5 bytes data]
* TLSv1.2 (IN), TLS header, Supplemental data (23):
{ [5 bytes data]
* TLSv1.2 (IN), TLS header, Supplemental data (23):
{ [5 bytes data]
* TLSv1.2 (IN), TLS header, Supplemental data (23):
{ [5 bytes data]
* TLSv1.2 (IN), TLS header, Supplemental data (23):
{ [5 bytes data]
* TLSv1.2 (IN), TLS header, Supplemental data (23):
{ [5 bytes data]
* TLSv1.2 (IN), TLS header, Supplemental data (23):
{ [5 bytes data]
* TLSv1.2 (IN), TLS header, Supplemental data (23):
{ [5 bytes data]
* TLSv1.2 (IN), TLS header, Supplemental data (23):
{ [5 bytes data]
* TLSv1.2 (IN), TLS header, Supplemental data (23):
{ [5 bytes data]
* TLSv1.2 (IN), TLS header, Supplemental data (23):
{ [5 bytes data]
* TLSv1.2 (IN), TLS header, Supplemental data (23):
{ [5 bytes data]
* TLSv1.2 (IN), TLS header, Supplemental data (23):
{ [5 bytes data]
* TLSv1.2 (IN), TLS header, Supplemental data (23):
{ [5 bytes data]
* TLSv1.2 (IN), TLS header, Supplemental data (23):
{ [5 bytes data]
* TLSv1.2 (IN), TLS header, Supplemental data (23):
{ [5 bytes data]
* TLSv1.2 (IN), TLS header, Supplemental data (23):
{ [5 bytes data]
* TLSv1.2 (IN), TLS header, Supplemental data (23):
{ [5 bytes data]
* TLSv1.2 (IN), TLS header, Supplemental data (23):
{ [5 bytes data]
* TLSv1.2 (IN), TLS header, Supplemental data (23):
{ [5 bytes data]
* TLSv1.2 (IN), TLS header, Supplemental data (23):
{ [5 bytes data]
* TLSv1.2 (IN), TLS header, Supplemental data (23):
{ [5 bytes data]
* TLSv1.2 (IN), TLS header, Supplemental data (23):
{ [5 bytes data]
* TLSv1.2 (IN), TLS header, Supplemental data (23):
{ [5 bytes data]
* TLSv1.2 (IN), TLS header, Supplemental data (23):
{ [5 bytes data]
* TLSv1.2 (IN), TLS header, Supplemental data (23):
{ [5 bytes data]
* TLSv1.2 (IN), TLS header, Supplemental data (23):
{ [5 bytes data]
* TLSv1.2 (IN), TLS header, Supplemental data (23):
{ [5 bytes data]
* TLSv1.2 (IN), TLS header, Supplemental data (23):
{ [5 bytes data]
* TLSv1.2 (IN), TLS header, Supplemental data (23):
{ [5 bytes data]
* TLSv1.2 (IN), TLS header, Supplemental data (23):
{ [5 bytes data]
* TLSv1.2 (IN), TLS header, Supplemental data (23):
{ [5 bytes data]
* TLSv1.2 (IN), TLS header, Supplemental data (23):
{ [5 bytes data]
* TLSv1.2 (IN), TLS header, Supplemental data (23):
{ [5 bytes data]
* TLSv1.2 (IN), TLS header, Supplemental data (23):
{ [5 bytes data]
* TLSv1.2 (IN), TLS header, Supplemental data (23):
{ [5 bytes data]
* TLSv1.2 (IN), TLS header, Supplemental data (23):
{ [5 bytes data]
* TLSv1.2 (IN), TLS header, Supplemental data (23):
{ [5 bytes data]
* TLSv1.2 (IN), TLS header, Supplemental data (23):
{ [5 bytes data]
* TLSv1.2 (IN), TLS header, Supplemental data (23):
{ [5 bytes data]
* TLSv1.2 (IN), TLS header, Supplemental data (23):
{ [5 bytes data]
* TLSv1.2 (IN), TLS header, Supplemental data (23):
{ [5 bytes data]
* TLSv1.2 (IN), TLS header, Supplemental data (23):
{ [5 bytes data]
* TLSv1.2 (IN), TLS header, Supplemental data (23):
{ [5 bytes data]
* TLSv1.2 (IN), TLS header, Supplemental data (23):
{ [5 bytes data]
* TLSv1.2 (IN), TLS header, Supplemental data (23):
{ [5 bytes data]
* TLSv1.2 (IN), TLS header, Supplemental data (23):
{ [5 bytes data]
* TLSv1.2 (IN), TLS header, Supplemental data (23):
{ [5 bytes data]
* TLSv1.2 (IN), TLS header, Supplemental data (23):
{ [5 bytes data]
* TLSv1.2 (IN), TLS header, Supplemental data (23):
{ [5 bytes data]
* TLSv1.2 (IN), TLS header, Supplemental data (23):
{ [5 bytes data]
* TLSv1.2 (IN), TLS header, Supplemental data (23):
{ [5 bytes data]
* TLSv1.2 (IN), TLS header, Supplemental data (23):
{ [5 bytes data]
* TLSv1.2 (IN), TLS header, Supplemental data (23):
{ [5 bytes data]
* TLSv1.2 (IN), TLS header, Supplemental data (23):
{ [5 bytes data]
* TLSv1.2 (IN), TLS header, Supplemental data (23):
{ [5 bytes data]
* TLSv1.2 (IN), TLS header, Supplemental data (23):
{ [5 bytes data]
* TLSv1.2 (IN), TLS header, Supplemental data (23):
{ [5 bytes data]
* TLSv1.2 (IN), TLS header, Supplemental data (23):
{ [5 bytes data]
* TLSv1.2 (IN), TLS header, Supplemental data (23):
{ [5 bytes data]
* TLSv1.2 (IN), TLS header, Supplemental data (23):
{ [5 bytes data]
* TLSv1.2 (IN), TLS header, Supplemental data (23):
{ [5 bytes data]
* TLSv1.2 (IN), TLS header, Supplemental data (23):
{ [5 bytes data]
* TLSv1.2 (IN), TLS header, Supplemental data (23):
{ [5 bytes data]
* TLSv1.2 (IN), TLS header, Supplemental data (23):
{ [5 bytes data]
* TLSv1.2 (IN), TLS header, Supplemental data (23):
{ [5 bytes data]
* TLSv1.2 (IN), TLS header, Supplemental data (23):
{ [5 bytes data]
* TLSv1.2 (IN), TLS header, Supplemental data (23):
{ [5 bytes data]
* TLSv1.2 (IN), TLS header, Supplemental data (23):
{ [5 bytes data]
* TLSv1.2 (IN), TLS header, Supplemental data (23):
{ [5 bytes data]
* TLSv1.2 (IN), TLS header, Supplemental data (23):
{ [5 bytes data]
* TLSv1.2 (IN), TLS header, Supplemental data (23):
{ [5 bytes data]
* TLSv1.2 (IN), TLS header, Supplemental data (23):
{ [5 bytes data]
* TLSv1.2 (IN), TLS header, Supplemental data (23):
{ [5 bytes data]
* TLSv1.2 (IN), TLS header, Supplemental data (23):
{ [5 bytes data]
* TLSv1.2 (IN), TLS header, Supplemental data (23):
{ [5 bytes data]
* TLSv1.2 (IN), TLS header, Supplemental data (23):
{ [5 bytes data]
* TLSv1.2 (IN), TLS header, Supplemental data (23):
{ [5 bytes data]
* TLSv1.2 (IN), TLS header, Supplemental data (23):
{ [5 bytes data]
* TLSv1.2 (IN), TLS header, Supplemental data (23):
{ [5 bytes data]
* TLSv1.2 (IN), TLS header, Supplemental data (23):
{ [5 bytes data]
* TLSv1.2 (IN), TLS header, Supplemental data (23):
{ [5 bytes data]
* TLSv1.2 (IN), TLS header, Supplemental data (23):
{ [5 bytes data]
* TLSv1.2 (IN), TLS header, Supplemental data (23):
{ [5 bytes data]
* TLSv1.2 (IN), TLS header, Supplemental data (23):
{ [5 bytes data]
* TLSv1.2 (IN), TLS header, Supplemental data (23):
{ [5 bytes data]
* TLSv1.2 (IN), TLS header, Supplemental data (23):
{ [5 bytes data]
* TLSv1.2 (IN), TLS header, Supplemental data (23):
{ [5 bytes data]
* TLSv1.2 (IN), TLS header, Supplemental data (23):
{ [5 bytes data]
* TLSv1.2 (IN), TLS header, Supplemental data (23):
{ [5 bytes data]
* TLSv1.2 (IN), TLS header, Supplemental data (23):
{ [5 bytes data]
* TLSv1.2 (IN), TLS header, Supplemental data (23):
{ [5 bytes data]
* TLSv1.2 (IN), TLS header, Supplemental data (23):
{ [5 bytes data]
* TLSv1.2 (IN), TLS header, Supplemental data (23):
{ [5 bytes data]
* TLSv1.2 (IN), TLS header, Supplemental data (23):
{ [5 bytes data]
* TLSv1.2 (IN), TLS header, Supplemental data (23):
{ [5 bytes data]
* TLSv1.2 (IN), TLS header, Supplemental data (23):
{ [5 bytes data]
* TLSv1.2 (IN), TLS header, Supplemental data (23):
{ [5 bytes data]
* TLSv1.2 (IN), TLS header, Supplemental data (23):
{ [5 bytes data]
* TLSv1.2 (IN), TLS header, Supplemental data (23):
{ [5 bytes data]
* TLSv1.2 (IN), TLS header, Supplemental data (23):
{ [5 bytes data]
* TLSv1.2 (IN), TLS header, Supplemental data (23):
{ [5 bytes data]
* TLSv1.2 (IN), TLS header, Supplemental data (23):
{ [5 bytes data]
* TLSv1.2 (IN), TLS header, Supplemental data (23):
{ [5 bytes data]
* TLSv1.2 (IN), TLS header, Supplemental data (23):
{ [5 bytes data]
* TLSv1.2 (IN), TLS header, Supplemental data (23):
{ [5 bytes data]
* TLSv1.2 (IN), TLS header, Supplemental data (23):
{ [5 bytes data]
* TLSv1.2 (IN), TLS header, Supplemental data (23):
{ [5 bytes data]
* TLSv1.2 (IN), TLS header, Supplemental data (23):
{ [5 bytes data]
* TLSv1.2 (IN), TLS header, Supplemental data (23):
{ [5 bytes data]
* TLSv1.2 (IN), TLS header, Supplemental data (23):
{ [5 bytes data]
* TLSv1.2 (IN), TLS header, Supplemental data (23):
{ [5 bytes data]
* TLSv1.2 (IN), TLS header, Supplemental data (23):
{ [5 bytes data]
* TLSv1.2 (IN), TLS header, Supplemental data (23):
{ [5 bytes data]
* TLSv1.2 (IN), TLS header, Supplemental data (23):
{ [5 bytes data]
* TLSv1.2 (IN), TLS header, Supplemental data (23):
{ [5 bytes data]
* TLSv1.2 (IN), TLS header, Supplemental data (23):
{ [5 bytes data]
* TLSv1.2 (IN), TLS header, Supplemental data (23):
{ [5 bytes data]
* TLSv1.2 (IN), TLS header, Supplemental data (23):
{ [5 bytes data]
* TLSv1.2 (IN), TLS header, Supplemental data (23):
{ [5 bytes data]
* TLSv1.2 (IN), TLS header, Supplemental data (23):
{ [5 bytes data]
* TLSv1.2 (IN), TLS header, Supplemental data (23):
{ [5 bytes data]
* TLSv1.2 (IN), TLS header, Supplemental data (23):
{ [5 bytes data]
* TLSv1.2 (IN), TLS header, Supplemental data (23):
{ [5 bytes data]
* TLSv1.2 (IN), TLS header, Supplemental data (23):
{ [5 bytes data]
* TLSv1.2 (IN), TLS header, Supplemental data (23):
{ [5 bytes data]
* TLSv1.2 (IN), TLS header, Supplemental data (23):
{ [5 bytes data]
* TLSv1.2 (IN), TLS header, Supplemental data (23):
{ [5 bytes data]
* TLSv1.2 (IN), TLS header, Supplemental data (23):
{ [5 bytes data]
* TLSv1.2 (IN), TLS header, Supplemental data (23):
{ [5 bytes data]
* TLSv1.2 (IN), TLS header, Supplemental data (23):
{ [5 bytes data]
* TLSv1.2 (IN), TLS header, Supplemental data (23):
{ [5 bytes data]
* TLSv1.2 (IN), TLS header, Supplemental data (23):
{ [5 bytes data]
* TLSv1.2 (IN), TLS header, Supplemental data (23):
{ [5 bytes data]
* TLSv1.2 (IN), TLS header, Supplemental data (23):
{ [5 bytes data]
* TLSv1.2 (IN), TLS header, Supplemental data (23):
{ [5 bytes data]
* TLSv1.2 (IN), TLS header, Supplemental data (23):
{ [5 bytes data]
* TLSv1.2 (IN), TLS header, Supplemental data (23):
{ [5 bytes data]
* TLSv1.2 (IN), TLS header, Supplemental data (23):
{ [5 bytes data]
* TLSv1.2 (IN), TLS header, Supplemental data (23):
{ [5 bytes data]
* TLSv1.2 (IN), TLS header, Supplemental data (23):
{ [5 bytes data]
* TLSv1.2 (IN), TLS header, Supplemental data (23):
{ [5 bytes data]
* TLSv1.2 (IN), TLS header, Supplemental data (23):
{ [5 bytes data]
* TLSv1.2 (IN), TLS header, Supplemental data (23):
{ [5 bytes data]
* TLSv1.2 (IN), TLS header, Supplemental data (23):
{ [5 bytes data]
* TLSv1.2 (IN), TLS header, Supplemental data (23):
{ [5 bytes data]
* TLSv1.2 (IN), TLS header, Supplemental data (23):
{ [5 bytes data]
* TLSv1.2 (IN), TLS header, Supplemental data (23):
{ [5 bytes data]
* TLSv1.2 (IN), TLS header, Supplemental data (23):
{ [5 bytes data]
* TLSv1.2 (IN), TLS header, Supplemental data (23):
{ [5 bytes data]
* TLSv1.2 (IN), TLS header, Supplemental data (23):
{ [5 bytes data]
* TLSv1.2 (IN), TLS header, Supplemental data (23):
{ [5 bytes data]
* TLSv1.2 (IN), TLS header, Supplemental data (23):
{ [5 bytes data]
* TLSv1.2 (IN), TLS header, Supplemental data (23):
{ [5 bytes data]
* TLSv1.2 (IN), TLS header, Supplemental data (23):
{ [5 bytes data]
* TLSv1.2 (IN), TLS header, Supplemental data (23):
{ [5 bytes data]
* TLSv1.2 (IN), TLS header, Supplemental data (23):
{ [5 bytes data]
* TLSv1.2 (IN), TLS header, Supplemental data (23):
{ [5 bytes data]
* TLSv1.2 (IN), TLS header, Supplemental data (23):
{ [5 bytes data]
* TLSv1.2 (IN), TLS header, Supplemental data (23):
{ [5 bytes data]
* TLSv1.2 (IN), TLS header, Supplemental data (23):
{ [5 bytes data]
* TLSv1.2 (IN), TLS header, Supplemental data (23):
{ [5 bytes data]
* TLSv1.2 (IN), TLS header, Supplemental data (23):
{ [5 bytes data]
* TLSv1.2 (IN), TLS header, Supplemental data (23):
{ [5 bytes data]
* TLSv1.2 (IN), TLS header, Supplemental data (23):
{ [5 bytes data]
* TLSv1.2 (IN), TLS header, Supplemental data (23):
{ [5 bytes data]
* TLSv1.2 (IN), TLS header, Supplemental data (23):
{ [5 bytes data]
* TLSv1.2 (IN), TLS header, Supplemental data (23):
{ [5 bytes data]
* TLSv1.2 (IN), TLS header, Supplemental data (23):
{ [5 bytes data]
* TLSv1.2 (IN), TLS header, Supplemental data (23):
{ [5 bytes data]
* TLSv1.2 (IN), TLS header, Supplemental data (23):
{ [5 bytes data]
* TLSv1.2 (IN), TLS header, Supplemental data (23):
{ [5 bytes data]
* TLSv1.2 (IN), TLS header, Supplemental data (23):
{ [5 bytes data]
* TLSv1.2 (IN), TLS header, Supplemental data (23):
{ [5 bytes data]
* TLSv1.2 (IN), TLS header, Supplemental data (23):
{ [5 bytes data]
* TLSv1.2 (IN), TLS header, Supplemental data (23):
{ [5 bytes data]
* TLSv1.2 (IN), TLS header, Supplemental data (23):
{ [5 bytes data]
* TLSv1.2 (IN), TLS header, Supplemental data (23):
{ [5 bytes data]
* TLSv1.2 (IN), TLS header, Supplemental data (23):
{ [5 bytes data]
* TLSv1.2 (IN), TLS header, Supplemental data (23):
{ [5 bytes data]
* TLSv1.2 (IN), TLS header, Supplemental data (23):
{ [5 bytes data]
* TLSv1.2 (IN), TLS header, Supplemental data (23):
{ [5 bytes data]
* TLSv1.2 (IN), TLS header, Supplemental data (23):
{ [5 bytes data]
* TLSv1.2 (IN), TLS header, Supplemental data (23):
{ [5 bytes data]
* TLSv1.2 (IN), TLS header, Supplemental data (23):
{ [5 bytes data]
* TLSv1.2 (IN), TLS header, Supplemental data (23):
{ [5 bytes data]
* TLSv1.2 (IN), TLS header, Supplemental data (23):
{ [5 bytes data]
* TLSv1.2 (IN), TLS header, Supplemental data (23):
{ [5 bytes data]
* TLSv1.2 (IN), TLS header, Supplemental data (23):
{ [5 bytes data]
* TLSv1.2 (IN), TLS header, Supplemental data (23):
{ [5 bytes data]
* TLSv1.2 (IN), TLS header, Supplemental data (23):
{ [5 bytes data]
* TLSv1.2 (IN), TLS header, Supplemental data (23):
{ [5 bytes data]
* TLSv1.2 (IN), TLS header, Supplemental data (23):
{ [5 bytes data]
* TLSv1.2 (IN), TLS header, Supplemental data (23):
{ [5 bytes data]
* TLSv1.2 (IN), TLS header, Supplemental data (23):
{ [5 bytes data]
* TLSv1.2 (IN), TLS header, Supplemental data (23):
{ [5 bytes data]
* TLSv1.2 (IN), TLS header, Supplemental data (23):
{ [5 bytes data]
* TLSv1.2 (IN), TLS header, Supplemental data (23):
{ [5 bytes data]
* TLSv1.2 (IN), TLS header, Supplemental data (23):
{ [5 bytes data]
* TLSv1.2 (IN), TLS header, Supplemental data (23):
{ [5 bytes data]
* TLSv1.2 (IN), TLS header, Supplemental data (23):
{ [5 bytes data]
* TLSv1.2 (IN), TLS header, Supplemental data (23):
{ [5 bytes data]
* TLSv1.2 (IN), TLS header, Supplemental data (23):
{ [5 bytes data]
* TLSv1.2 (IN), TLS header, Supplemental data (23):
{ [5 bytes data]
* TLSv1.2 (IN), TLS header, Supplemental data (23):
{ [5 bytes data]
* TLSv1.2 (IN), TLS header, Supplemental data (23):
{ [5 bytes data]
* TLSv1.2 (IN), TLS header, Supplemental data (23):
{ [5 bytes data]
* TLSv1.2 (IN), TLS header, Supplemental data (23):
{ [5 bytes data]
* TLSv1.2 (IN), TLS header, Supplemental data (23):
{ [5 bytes data]
* TLSv1.2 (IN), TLS header, Supplemental data (23):
{ [5 bytes data]
* TLSv1.2 (IN), TLS header, Supplemental data (23):
{ [5 bytes data]
* TLSv1.2 (IN), TLS header, Supplemental data (23):
{ [5 bytes data]
* TLSv1.2 (IN), TLS header, Supplemental data (23):
{ [5 bytes data]
* TLSv1.2 (IN), TLS header, Supplemental data (23):
{ [5 bytes data]
* TLSv1.2 (IN), TLS header, Supplemental data (23):
{ [5 bytes data]
* TLSv1.2 (IN), TLS header, Supplemental data (23):
{ [5 bytes data]
* TLSv1.2 (IN), TLS header, Supplemental data (23):
{ [5 bytes data]
* TLSv1.2 (IN), TLS header, Supplemental data (23):
{ [5 bytes data]
* TLSv1.2 (IN), TLS header, Supplemental data (23):
{ [5 bytes data]
* TLSv1.2 (IN), TLS header, Supplemental data (23):
{ [5 bytes data]
* TLSv1.2 (IN), TLS header, Supplemental data (23):
{ [5 bytes data]
* TLSv1.2 (IN), TLS header, Supplemental data (23):
{ [5 bytes data]
* TLSv1.2 (IN), TLS header, Supplemental data (23):
{ [5 bytes data]
* TLSv1.2 (IN), TLS header, Supplemental data (23):
{ [5 bytes data]
* TLSv1.2 (IN), TLS header, Supplemental data (23):
{ [5 bytes data]
* TLSv1.2 (IN), TLS header, Supplemental data (23):
{ [5 bytes data]
* TLSv1.2 (IN), TLS header, Supplemental data (23):
{ [5 bytes data]
* TLSv1.2 (IN), TLS header, Supplemental data (23):
{ [5 bytes data]
* TLSv1.2 (IN), TLS header, Supplemental data (23):
{ [5 bytes data]
* TLSv1.2 (IN), TLS header, Supplemental data (23):
{ [5 bytes data]
* TLSv1.2 (IN), TLS header, Supplemental data (23):
{ [5 bytes data]
* TLSv1.2 (IN), TLS header, Supplemental data (23):
{ [5 bytes data]
* TLSv1.2 (IN), TLS header, Supplemental data (23):
{ [5 bytes data]
* TLSv1.2 (IN), TLS header, Supplemental data (23):
{ [5 bytes data]
* TLSv1.2 (IN), TLS header, Supplemental data (23):
{ [5 bytes data]
* TLSv1.2 (IN), TLS header, Supplemental data (23):
{ [5 bytes data]
* TLSv1.2 (IN), TLS header, Supplemental data (23):
{ [5 bytes data]
* TLSv1.2 (IN), TLS header, Supplemental data (23):
{ [5 bytes data]
* TLSv1.2 (IN), TLS header, Supplemental data (23):
{ [5 bytes data]
* TLSv1.2 (IN), TLS header, Supplemental data (23):
{ [5 bytes data]
* TLSv1.2 (IN), TLS header, Supplemental data (23):
{ [5 bytes data]
* TLSv1.2 (IN), TLS header, Supplemental data (23):
{ [5 bytes data]
* TLSv1.2 (IN), TLS header, Supplemental data (23):
{ [5 bytes data]
* TLSv1.2 (IN), TLS header, Supplemental data (23):
{ [5 bytes data]
* TLSv1.2 (IN), TLS header, Supplemental data (23):
{ [5 bytes data]
* TLSv1.2 (IN), TLS header, Supplemental data (23):
{ [5 bytes data]
* TLSv1.2 (IN), TLS header, Supplemental data (23):
{ [5 bytes data]
* TLSv1.2 (IN), TLS header, Supplemental data (23):
{ [5 bytes data]
* TLSv1.2 (IN), TLS header, Supplemental data (23):
{ [5 bytes data]
* TLSv1.2 (IN), TLS header, Supplemental data (23):
{ [5 bytes data]
* TLSv1.2 (IN), TLS header, Supplemental data (23):
{ [5 bytes data]
* TLSv1.2 (IN), TLS header, Supplemental data (23):
{ [5 bytes data]
* TLSv1.2 (IN), TLS header, Supplemental data (23):
{ [5 bytes data]
* TLSv1.2 (IN), TLS header, Supplemental data (23):
{ [5 bytes data]
* TLSv1.2 (IN), TLS header, Supplemental data (23):
{ [5 bytes data]
* TLSv1.2 (IN), TLS header, Supplemental data (23):
{ [5 bytes data]
* TLSv1.2 (IN), TLS header, Supplemental data (23):
{ [5 bytes data]
* TLSv1.2 (IN), TLS header, Supplemental data (23):
{ [5 bytes data]
* TLSv1.2 (IN), TLS header, Supplemental data (23):
{ [5 bytes data]
* TLSv1.2 (IN), TLS header, Supplemental data (23):
{ [5 bytes data]
* TLSv1.2 (IN), TLS header, Supplemental data (23):
{ [5 bytes data]
* TLSv1.2 (IN), TLS header, Supplemental data (23):
{ [5 bytes data]
* TLSv1.2 (IN), TLS header, Supplemental data (23):
{ [5 bytes data]
* TLSv1.2 (IN), TLS header, Supplemental data (23):
{ [5 bytes data]
* TLSv1.2 (IN), TLS header, Supplemental data (23):
{ [5 bytes data]
* TLSv1.2 (IN), TLS header, Supplemental data (23):
{ [5 bytes data]
* TLSv1.2 (IN), TLS header, Supplemental data (23):
{ [5 bytes data]
* TLSv1.2 (IN), TLS header, Supplemental data (23):
{ [5 bytes data]
* TLSv1.2 (IN), TLS header, Supplemental data (23):
{ [5 bytes data]
* TLSv1.2 (IN), TLS header, Supplemental data (23):
{ [5 bytes data]
* TLSv1.2 (IN), TLS header, Supplemental data (23):
{ [5 bytes data]
* TLSv1.2 (IN), TLS header, Supplemental data (23):
{ [5 bytes data]
* TLSv1.2 (IN), TLS header, Supplemental data (23):
{ [5 bytes data]
* TLSv1.2 (IN), TLS header, Supplemental data (23):
{ [5 bytes data]
* TLSv1.2 (IN), TLS header, Supplemental data (23):
{ [5 bytes data]
* TLSv1.2 (IN), TLS header, Supplemental data (23):
{ [5 bytes data]
* TLSv1.2 (IN), TLS header, Supplemental data (23):
{ [5 bytes data]
* TLSv1.2 (IN), TLS header, Supplemental data (23):
{ [5 bytes data]
* TLSv1.2 (IN), TLS header, Supplemental data (23):
{ [5 bytes data]
* TLSv1.2 (IN), TLS header, Supplemental data (23):
{ [5 bytes data]
* TLSv1.2 (IN), TLS header, Supplemental data (23):
{ [5 bytes data]
* TLSv1.2 (IN), TLS header, Supplemental data (23):
{ [5 bytes data]
* TLSv1.2 (IN), TLS header, Supplemental data (23):
{ [5 bytes data]
* TLSv1.2 (IN), TLS header, Supplemental data (23):
{ [5 bytes data]
* TLSv1.2 (IN), TLS header, Supplemental data (23):
{ [5 bytes data]
* TLSv1.2 (IN), TLS header, Supplemental data (23):
{ [5 bytes data]
* TLSv1.2 (IN), TLS header, Supplemental data (23):
{ [5 bytes data]
* TLSv1.2 (IN), TLS header, Supplemental data (23):
{ [5 bytes data]
* TLSv1.2 (IN), TLS header, Supplemental data (23):
{ [5 bytes data]
* TLSv1.2 (IN), TLS header, Supplemental data (23):
{ [5 bytes data]
* TLSv1.2 (IN), TLS header, Supplemental data (23):
{ [5 bytes data]
* TLSv1.2 (IN), TLS header, Supplemental data (23):
{ [5 bytes data]
* TLSv1.2 (IN), TLS header, Supplemental data (23):
{ [5 bytes data]
* TLSv1.2 (IN), TLS header, Supplemental data (23):
{ [5 bytes data]
* TLSv1.2 (IN), TLS header, Supplemental data (23):
{ [5 bytes data]
* TLSv1.2 (IN), TLS header, Supplemental data (23):
{ [5 bytes data]
* TLSv1.2 (IN), TLS header, Supplemental data (23):
{ [5 bytes data]
* TLSv1.2 (IN), TLS header, Supplemental data (23):
{ [5 bytes data]
* TLSv1.2 (IN), TLS header, Supplemental data (23):
{ [5 bytes data]
* TLSv1.2 (IN), TLS header, Supplemental data (23):
{ [5 bytes data]
* TLSv1.2 (IN), TLS header, Supplemental data (23):
{ [5 bytes data]
* TLSv1.2 (IN), TLS header, Supplemental data (23):
{ [5 bytes data]
* TLSv1.2 (IN), TLS header, Supplemental data (23):
{ [5 bytes data]
* TLSv1.2 (IN), TLS header, Supplemental data (23):
{ [5 bytes data]
* TLSv1.2 (IN), TLS header, Supplemental data (23):
{ [5 bytes data]
* TLSv1.2 (IN), TLS header, Supplemental data (23):
{ [5 bytes data]
* TLSv1.2 (IN), TLS header, Supplemental data (23):
{ [5 bytes data]
* TLSv1.2 (IN), TLS header, Supplemental data (23):
{ [5 bytes data]
* TLSv1.2 (IN), TLS header, Supplemental data (23):
{ [5 bytes data]
* TLSv1.2 (IN), TLS header, Supplemental data (23):
{ [5 bytes data]
* TLSv1.2 (IN), TLS header, Supplemental data (23):
{ [5 bytes data]
* TLSv1.2 (IN), TLS header, Supplemental data (23):
{ [5 bytes data]
* TLSv1.2 (IN), TLS header, Supplemental data (23):
{ [5 bytes data]
* TLSv1.2 (IN), TLS header, Supplemental data (23):
{ [5 bytes data]
* TLSv1.2 (IN), TLS header, Supplemental data (23):
{ [5 bytes data]
* TLSv1.2 (IN), TLS header, Supplemental data (23):
{ [5 bytes data]
* TLSv1.2 (IN), TLS header, Supplemental data (23):
{ [5 bytes data]
* TLSv1.2 (IN), TLS header, Supplemental data (23):
{ [5 bytes data]
* TLSv1.2 (IN), TLS header, Supplemental data (23):
{ [5 bytes data]
* TLSv1.2 (IN), TLS header, Supplemental data (23):
{ [5 bytes data]
* TLSv1.2 (IN), TLS header, Supplemental data (23):
{ [5 bytes data]
* TLSv1.2 (IN), TLS header, Supplemental data (23):
{ [5 bytes data]
* TLSv1.2 (IN), TLS header, Supplemental data (23):
{ [5 bytes data]
* TLSv1.2 (IN), TLS header, Supplemental data (23):
{ [5 bytes data]
* TLSv1.2 (IN), TLS header, Supplemental data (23):
{ [5 bytes data]
* TLSv1.2 (IN), TLS header, Supplemental data (23):
{ [5 bytes data]
* TLSv1.2 (IN), TLS header, Supplemental data (23):
{ [5 bytes data]
* TLSv1.2 (IN), TLS header, Supplemental data (23):
{ [5 bytes data]
* TLSv1.2 (IN), TLS header, Supplemental data (23):
{ [5 bytes data]
* TLSv1.2 (IN), TLS header, Supplemental data (23):
{ [5 bytes data]
* TLSv1.2 (IN), TLS header, Supplemental data (23):
{ [5 bytes data]
* TLSv1.2 (IN), TLS header, Supplemental data (23):
{ [5 bytes data]
* TLSv1.2 (IN), TLS header, Supplemental data (23):
{ [5 bytes data]
* TLSv1.2 (IN), TLS header, Supplemental data (23):
{ [5 bytes data]
* TLSv1.2 (IN), TLS header, Supplemental data (23):
{ [5 bytes data]
* TLSv1.2 (IN), TLS header, Supplemental data (23):
{ [5 bytes data]
* TLSv1.2 (IN), TLS header, Supplemental data (23):
{ [5 bytes data]
* TLSv1.2 (IN), TLS header, Supplemental data (23):
{ [5 bytes data]
* TLSv1.2 (IN), TLS header, Supplemental data (23):
{ [5 bytes data]
* TLSv1.2 (IN), TLS header, Supplemental data (23):
{ [5 bytes data]
* TLSv1.2 (IN), TLS header, Supplemental data (23):
{ [5 bytes data]
* TLSv1.2 (IN), TLS header, Supplemental data (23):
{ [5 bytes data]
* TLSv1.2 (IN), TLS header, Supplemental data (23):
{ [5 bytes data]
* TLSv1.2 (IN), TLS header, Supplemental data (23):
{ [5 bytes data]
* TLSv1.2 (IN), TLS header, Supplemental data (23):
{ [5 bytes data]
* TLSv1.2 (IN), TLS header, Supplemental data (23):
{ [5 bytes data]
* TLSv1.2 (IN), TLS header, Supplemental data (23):
{ [5 bytes data]
* TLSv1.2 (IN), TLS header, Supplemental data (23):
{ [5 bytes data]
* TLSv1.2 (IN), TLS header, Supplemental data (23):
{ [5 bytes data]
* TLSv1.2 (IN), TLS header, Supplemental data (23):
{ [5 bytes data]
* TLSv1.2 (IN), TLS header, Supplemental data (23):
{ [5 bytes data]
* TLSv1.2 (IN), TLS header, Supplemental data (23):
{ [5 bytes data]
* TLSv1.2 (IN), TLS header, Supplemental data (23):
{ [5 bytes data]
* TLSv1.2 (IN), TLS header, Supplemental data (23):
{ [5 bytes data]
* TLSv1.2 (IN), TLS header, Supplemental data (23):
{ [5 bytes data]
* TLSv1.2 (IN), TLS header, Supplemental data (23):
{ [5 bytes data]
* TLSv1.2 (IN), TLS header, Supplemental data (23):
{ [5 bytes data]
* TLSv1.2 (IN), TLS header, Supplemental data (23):
{ [5 bytes data]
* TLSv1.2 (IN), TLS header, Supplemental data (23):
{ [5 bytes data]
* TLSv1.2 (IN), TLS header, Supplemental data (23):
{ [5 bytes data]
* TLSv1.2 (IN), TLS header, Supplemental data (23):
{ [5 bytes data]
* TLSv1.2 (IN), TLS header, Supplemental data (23):
{ [5 bytes data]
* TLSv1.2 (IN), TLS header, Supplemental data (23):
{ [5 bytes data]
* TLSv1.2 (IN), TLS header, Supplemental data (23):
{ [5 bytes data]
* TLSv1.2 (IN), TLS header, Supplemental data (23):
{ [5 bytes data]
* TLSv1.2 (IN), TLS header, Supplemental data (23):
{ [5 bytes data]
* TLSv1.2 (IN), TLS header, Supplemental data (23):
{ [5 bytes data]
* TLSv1.2 (IN), TLS header, Supplemental data (23):
{ [5 bytes data]
* TLSv1.2 (IN), TLS header, Supplemental data (23):
{ [5 bytes data]
* TLSv1.2 (IN), TLS header, Supplemental data (23):
{ [5 bytes data]
* TLSv1.2 (IN), TLS header, Supplemental data (23):
{ [5 bytes data]
* TLSv1.2 (IN), TLS header, Supplemental data (23):
{ [5 bytes data]
* TLSv1.2 (IN), TLS header, Supplemental data (23):
{ [5 bytes data]
* TLSv1.2 (IN), TLS header, Supplemental data (23):
{ [5 bytes data]
* TLSv1.2 (IN), TLS header, Supplemental data (23):
{ [5 bytes data]
* TLSv1.2 (IN), TLS header, Supplemental data (23):
{ [5 bytes data]
* TLSv1.2 (IN), TLS header, Supplemental data (23):
{ [5 bytes data]
* TLSv1.2 (IN), TLS header, Supplemental data (23):
{ [5 bytes data]
* TLSv1.2 (IN), TLS header, Supplemental data (23):
{ [5 bytes data]
* TLSv1.2 (IN), TLS header, Supplemental data (23):
{ [5 bytes data]
* TLSv1.2 (IN), TLS header, Supplemental data (23):
{ [5 bytes data]
* TLSv1.2 (IN), TLS header, Supplemental data (23):
{ [5 bytes data]
* TLSv1.2 (IN), TLS header, Supplemental data (23):
{ [5 bytes data]
* TLSv1.2 (IN), TLS header, Supplemental data (23):
{ [5 bytes data]
* TLSv1.2 (IN), TLS header, Supplemental data (23):
{ [5 bytes data]
* TLSv1.2 (IN), TLS header, Supplemental data (23):
{ [5 bytes data]
* TLSv1.2 (IN), TLS header, Supplemental data (23):
{ [5 bytes data]
* TLSv1.2 (IN), TLS header, Supplemental data (23):
{ [5 bytes data]
* TLSv1.2 (IN), TLS header, Supplemental data (23):
{ [5 bytes data]
* TLSv1.2 (IN), TLS header, Supplemental data (23):
{ [5 bytes data]
* TLSv1.2 (IN), TLS header, Supplemental data (23):
{ [5 bytes data]
* TLSv1.2 (IN), TLS header, Supplemental data (23):
{ [5 bytes data]
* TLSv1.2 (IN), TLS header, Supplemental data (23):
{ [5 bytes data]
* TLSv1.2 (IN), TLS header, Supplemental data (23):
{ [5 bytes data]
* TLSv1.2 (IN), TLS header, Supplemental data (23):
{ [5 bytes data]
* TLSv1.2 (IN), TLS header, Supplemental data (23):
{ [5 bytes data]
* TLSv1.2 (IN), TLS header, Supplemental data (23):
{ [5 bytes data]
* TLSv1.2 (IN), TLS header, Supplemental data (23):
{ [5 bytes data]
* TLSv1.2 (IN), TLS header, Supplemental data (23):
{ [5 bytes data]
* TLSv1.2 (IN), TLS header, Supplemental data (23):
{ [5 bytes data]
* TLSv1.2 (IN), TLS header, Supplemental data (23):
{ [5 bytes data]
* TLSv1.2 (IN), TLS header, Supplemental data (23):
{ [5 bytes data]
* TLSv1.2 (IN), TLS header, Supplemental data (23):
{ [5 bytes data]
* TLSv1.2 (IN), TLS header, Supplemental data (23):
{ [5 bytes data]
* TLSv1.2 (IN), TLS header, Supplemental data (23):
{ [5 bytes data]
* TLSv1.2 (IN), TLS header, Supplemental data (23):
{ [5 bytes data]
* TLSv1.2 (IN), TLS header, Supplemental data (23):
{ [5 bytes data]
* TLSv1.2 (IN), TLS header, Supplemental data (23):
{ [5 bytes data]
* TLSv1.2 (IN), TLS header, Supplemental data (23):
{ [5 bytes data]
* TLSv1.2 (IN), TLS header, Supplemental data (23):
{ [5 bytes data]
* TLSv1.2 (IN), TLS header, Supplemental data (23):
{ [5 bytes data]
* TLSv1.2 (IN), TLS header, Supplemental data (23):
{ [5 bytes data]
* TLSv1.2 (IN), TLS header, Supplemental data (23):
{ [5 bytes data]
* TLSv1.2 (IN), TLS header, Supplemental data (23):
{ [5 bytes data]
* TLSv1.2 (IN), TLS header, Supplemental data (23):
{ [5 bytes data]
* TLSv1.2 (IN), TLS header, Supplemental data (23):
{ [5 bytes data]
* TLSv1.2 (IN), TLS header, Supplemental data (23):
{ [5 bytes data]
* TLSv1.2 (IN), TLS header, Supplemental data (23):
{ [5 bytes data]
* TLSv1.2 (IN), TLS header, Supplemental data (23):
{ [5 bytes data]
* TLSv1.2 (IN), TLS header, Supplemental data (23):
{ [5 bytes data]
* TLSv1.2 (IN), TLS header, Supplemental data (23):
{ [5 bytes data]
* TLSv1.2 (IN), TLS header, Supplemental data (23):
{ [5 bytes data]
* TLSv1.2 (IN), TLS header, Supplemental data (23):
{ [5 bytes data]
* TLSv1.2 (IN), TLS header, Supplemental data (23):
{ [5 bytes data]
* TLSv1.2 (IN), TLS header, Supplemental data (23):
{ [5 bytes data]
* TLSv1.2 (IN), TLS header, Supplemental data (23):
{ [5 bytes data]
* TLSv1.2 (IN), TLS header, Supplemental data (23):
{ [5 bytes data]
* TLSv1.2 (IN), TLS header, Supplemental data (23):
{ [5 bytes data]
* TLSv1.2 (IN), TLS header, Supplemental data (23):
{ [5 bytes data]
* TLSv1.2 (IN), TLS header, Supplemental data (23):
{ [5 bytes data]
* TLSv1.2 (IN), TLS header, Supplemental data (23):
{ [5 bytes data]
* TLSv1.2 (IN), TLS header, Supplemental data (23):
{ [5 bytes data]
* TLSv1.2 (IN), TLS header, Supplemental data (23):
{ [5 bytes data]
* TLSv1.2 (IN), TLS header, Supplemental data (23):
{ [5 bytes data]
* TLSv1.2 (IN), TLS header, Supplemental data (23):
{ [5 bytes data]
* TLSv1.2 (IN), TLS header, Supplemental data (23):
{ [5 bytes data]
* TLSv1.2 (IN), TLS header, Supplemental data (23):
{ [5 bytes data]
* TLSv1.2 (IN), TLS header, Supplemental data (23):
{ [5 bytes data]
* TLSv1.2 (IN), TLS header, Supplemental data (23):
{ [5 bytes data]
* TLSv1.2 (IN), TLS header, Supplemental data (23):
{ [5 bytes data]
* TLSv1.2 (IN), TLS header, Supplemental data (23):
{ [5 bytes data]
* TLSv1.2 (IN), TLS header, Supplemental data (23):
{ [5 bytes data]
* TLSv1.2 (IN), TLS header, Supplemental data (23):
{ [5 bytes data]
* TLSv1.2 (IN), TLS header, Supplemental data (23):
{ [5 bytes data]
* TLSv1.2 (IN), TLS header, Supplemental data (23):
{ [5 bytes data]
* TLSv1.2 (IN), TLS header, Supplemental data (23):
{ [5 bytes data]
* TLSv1.2 (IN), TLS header, Supplemental data (23):
{ [5 bytes data]
* TLSv1.2 (IN), TLS header, Supplemental data (23):
{ [5 bytes data]
* TLSv1.2 (IN), TLS header, Supplemental data (23):
{ [5 bytes data]
* TLSv1.2 (IN), TLS header, Supplemental data (23):
{ [5 bytes data]
* TLSv1.2 (IN), TLS header, Supplemental data (23):
{ [5 bytes data]
* TLSv1.2 (IN), TLS header, Supplemental data (23):
{ [5 bytes data]
* TLSv1.2 (IN), TLS header, Supplemental data (23):
{ [5 bytes data]
* TLSv1.2 (IN), TLS header, Supplemental data (23):
{ [5 bytes data]
* TLSv1.2 (IN), TLS header, Supplemental data (23):
{ [5 bytes data]
* TLSv1.2 (IN), TLS header, Supplemental data (23):
{ [5 bytes data]
* TLSv1.2 (IN), TLS header, Supplemental data (23):
{ [5 bytes data]
* TLSv1.2 (IN), TLS header, Supplemental data (23):
{ [5 bytes data]
* TLSv1.2 (IN), TLS header, Supplemental data (23):
{ [5 bytes data]
* TLSv1.2 (IN), TLS header, Supplemental data (23):
{ [5 bytes data]
* TLSv1.2 (IN), TLS header, Supplemental data (23):
{ [5 bytes data]
* TLSv1.2 (IN), TLS header, Supplemental data (23):
{ [5 bytes data]
* TLSv1.2 (IN), TLS header, Supplemental data (23):
{ [5 bytes data]
* TLSv1.2 (IN), TLS header, Supplemental data (23):
{ [5 bytes data]
* TLSv1.2 (IN), TLS header, Supplemental data (23):
{ [5 bytes data]
* TLSv1.2 (IN), TLS header, Supplemental data (23):
{ [5 bytes data]
* TLSv1.2 (IN), TLS header, Supplemental data (23):
{ [5 bytes data]
* TLSv1.2 (IN), TLS header, Supplemental data (23):
{ [5 bytes data]
* TLSv1.2 (IN), TLS header, Supplemental data (23):
{ [5 bytes data]
* TLSv1.2 (IN), TLS header, Supplemental data (23):
{ [5 bytes data]
* TLSv1.2 (IN), TLS header, Supplemental data (23):
{ [5 bytes data]
* TLSv1.2 (IN), TLS header, Supplemental data (23):
{ [5 bytes data]
* TLSv1.2 (IN), TLS header, Supplemental data (23):
{ [5 bytes data]
* TLSv1.2 (IN), TLS header, Supplemental data (23):
{ [5 bytes data]
* TLSv1.2 (IN), TLS header, Supplemental data (23):
{ [5 bytes data]
* TLSv1.2 (IN), TLS header, Supplemental data (23):
{ [5 bytes data]
* TLSv1.2 (IN), TLS header, Supplemental data (23):
{ [5 bytes data]
* TLSv1.2 (IN), TLS header, Supplemental data (23):
{ [5 bytes data]
* TLSv1.2 (IN), TLS header, Supplemental data (23):
{ [5 bytes data]
* TLSv1.2 (IN), TLS header, Supplemental data (23):
{ [5 bytes data]
* TLSv1.2 (IN), TLS header, Supplemental data (23):
{ [5 bytes data]
* TLSv1.2 (IN), TLS header, Supplemental data (23):
{ [5 bytes data]
* TLSv1.2 (IN), TLS header, Supplemental data (23):
{ [5 bytes data]
* TLSv1.2 (IN), TLS header, Supplemental data (23):
{ [5 bytes data]
* TLSv1.2 (IN), TLS header, Supplemental data (23):
{ [5 bytes data]
* TLSv1.2 (IN), TLS header, Supplemental data (23):
{ [5 bytes data]
* TLSv1.2 (IN), TLS header, Supplemental data (23):
{ [5 bytes data]
* TLSv1.2 (IN), TLS header, Supplemental data (23):
{ [5 bytes data]
* TLSv1.2 (IN), TLS header, Supplemental data (23):
{ [5 bytes data]
* TLSv1.2 (IN), TLS header, Supplemental data (23):
{ [5 bytes data]
* TLSv1.2 (IN), TLS header, Supplemental data (23):
{ [5 bytes data]
* TLSv1.2 (IN), TLS header, Supplemental data (23):
{ [5 bytes data]
* TLSv1.2 (IN), TLS header, Supplemental data (23):
{ [5 bytes data]
* TLSv1.2 (IN), TLS header, Supplemental data (23):
{ [5 bytes data]
* TLSv1.2 (IN), TLS header, Supplemental data (23):
{ [5 bytes data]
* TLSv1.2 (IN), TLS header, Supplemental data (23):
{ [5 bytes data]
* TLSv1.2 (IN), TLS header, Supplemental data (23):
{ [5 bytes data]
* TLSv1.2 (IN), TLS header, Supplemental data (23):
{ [5 bytes data]
* TLSv1.2 (IN), TLS header, Supplemental data (23):
{ [5 bytes data]
* TLSv1.2 (IN), TLS header, Supplemental data (23):
{ [5 bytes data]
* TLSv1.2 (IN), TLS header, Supplemental data (23):
{ [5 bytes data]
* TLSv1.2 (IN), TLS header, Supplemental data (23):
{ [5 bytes data]
* TLSv1.2 (IN), TLS header, Supplemental data (23):
{ [5 bytes data]
* TLSv1.2 (IN), TLS header, Supplemental data (23):
{ [5 bytes data]
* TLSv1.2 (IN), TLS header, Supplemental data (23):
{ [5 bytes data]
* TLSv1.2 (IN), TLS header, Supplemental data (23):
{ [5 bytes data]
* TLSv1.2 (IN), TLS header, Supplemental data (23):
{ [5 bytes data]
* TLSv1.2 (IN), TLS header, Supplemental data (23):
{ [5 bytes data]
* TLSv1.2 (IN), TLS header, Supplemental data (23):
{ [5 bytes data]
* TLSv1.2 (IN), TLS header, Supplemental data (23):
{ [5 bytes data]
* TLSv1.2 (IN), TLS header, Supplemental data (23):
{ [5 bytes data]
* TLSv1.2 (IN), TLS header, Supplemental data (23):
{ [5 bytes data]
* TLSv1.2 (IN), TLS header, Supplemental data (23):
{ [5 bytes data]
* TLSv1.2 (IN), TLS header, Supplemental data (23):
{ [5 bytes data]
* TLSv1.2 (IN), TLS header, Supplemental data (23):
{ [5 bytes data]
* TLSv1.2 (IN), TLS header, Supplemental data (23):
{ [5 bytes data]
* TLSv1.2 (IN), TLS header, Supplemental data (23):
{ [5 bytes data]
* TLSv1.2 (IN), TLS header, Supplemental data (23):
{ [5 bytes data]
* TLSv1.2 (IN), TLS header, Supplemental data (23):
{ [5 bytes data]
* TLSv1.2 (IN), TLS header, Supplemental data (23):
{ [5 bytes data]
* TLSv1.2 (IN), TLS header, Supplemental data (23):
{ [5 bytes data]
* TLSv1.2 (IN), TLS header, Supplemental data (23):
{ [5 bytes data]
* TLSv1.2 (IN), TLS header, Supplemental data (23):
{ [5 bytes data]
* TLSv1.2 (IN), TLS header, Supplemental data (23):
{ [5 bytes data]
* TLSv1.2 (IN), TLS header, Supplemental data (23):
{ [5 bytes data]
* TLSv1.2 (IN), TLS header, Supplemental data (23):
{ [5 bytes data]
* TLSv1.2 (IN), TLS header, Supplemental data (23):
{ [5 bytes data]
* TLSv1.2 (IN), TLS header, Supplemental data (23):
{ [5 bytes data]
* TLSv1.2 (IN), TLS header, Supplemental data (23):
{ [5 bytes data]
* TLSv1.2 (IN), TLS header, Supplemental data (23):
{ [5 bytes data]
* TLSv1.2 (IN), TLS header, Supplemental data (23):
{ [5 bytes data]
* TLSv1.2 (IN), TLS header, Supplemental data (23):
{ [5 bytes data]
* TLSv1.2 (IN), TLS header, Supplemental data (23):
{ [5 bytes data]
* TLSv1.2 (IN), TLS header, Supplemental data (23):
{ [5 bytes data]
* TLSv1.2 (IN), TLS header, Supplemental data (23):
{ [5 bytes data]
* TLSv1.2 (IN), TLS header, Supplemental data (23):
{ [5 bytes data]
* TLSv1.2 (IN), TLS header, Supplemental data (23):
{ [5 bytes data]
* TLSv1.2 (IN), TLS header, Supplemental data (23):
{ [5 bytes data]
* TLSv1.2 (IN), TLS header, Supplemental data (23):
{ [5 bytes data]
* TLSv1.2 (IN), TLS header, Supplemental data (23):
{ [5 bytes data]
* TLSv1.2 (IN), TLS header, Supplemental data (23):
{ [5 bytes data]
* TLSv1.2 (IN), TLS header, Supplemental data (23):
{ [5 bytes data]
* TLSv1.2 (IN), TLS header, Supplemental data (23):
{ [5 bytes data]
* TLSv1.2 (IN), TLS header, Supplemental data (23):
{ [5 bytes data]
* TLSv1.2 (IN), TLS header, Supplemental data (23):
{ [5 bytes data]
* TLSv1.2 (IN), TLS header, Supplemental data (23):
{ [5 bytes data]
* TLSv1.2 (IN), TLS header, Supplemental data (23):
{ [5 bytes data]
* TLSv1.2 (IN), TLS header, Supplemental data (23):
{ [5 bytes data]
* TLSv1.2 (IN), TLS header, Supplemental data (23):
{ [5 bytes data]
* TLSv1.2 (IN), TLS header, Supplemental data (23):
{ [5 bytes data]
* TLSv1.2 (IN), TLS header, Supplemental data (23):
{ [5 bytes data]
* TLSv1.2 (IN), TLS header, Supplemental data (23):
{ [5 bytes data]
* TLSv1.2 (IN), TLS header, Supplemental data (23):
{ [5 bytes data]
* TLSv1.2 (IN), TLS header, Supplemental data (23):
{ [5 bytes data]
* TLSv1.2 (IN), TLS header, Supplemental data (23):
{ [5 bytes data]
* TLSv1.2 (IN), TLS header, Supplemental data (23):
{ [5 bytes data]
* TLSv1.2 (IN), TLS header, Supplemental data (23):
{ [5 bytes data]
* TLSv1.2 (IN), TLS header, Supplemental data (23):
{ [5 bytes data]
* TLSv1.2 (IN), TLS header, Supplemental data (23):
{ [5 bytes data]
* TLSv1.2 (IN), TLS header, Supplemental data (23):
{ [5 bytes data]
* TLSv1.2 (IN), TLS header, Supplemental data (23):
{ [5 bytes data]
* TLSv1.2 (IN), TLS header, Supplemental data (23):
{ [5 bytes data]
* TLSv1.2 (IN), TLS header, Supplemental data (23):
{ [5 bytes data]
* TLSv1.2 (IN), TLS header, Supplemental data (23):
{ [5 bytes data]
* TLSv1.2 (IN), TLS header, Supplemental data (23):
{ [5 bytes data]
* TLSv1.2 (IN), TLS header, Supplemental data (23):
{ [5 bytes data]
* TLSv1.2 (IN), TLS header, Supplemental data (23):
{ [5 bytes data]
* TLSv1.2 (IN), TLS header, Supplemental data (23):
{ [5 bytes data]
* TLSv1.2 (IN), TLS header, Supplemental data (23):
{ [5 bytes data]
* TLSv1.2 (IN), TLS header, Supplemental data (23):
{ [5 bytes data]
* TLSv1.2 (IN), TLS header, Supplemental data (23):
{ [5 bytes data]
* TLSv1.2 (IN), TLS header, Supplemental data (23):
{ [5 bytes data]
* TLSv1.2 (IN), TLS header, Supplemental data (23):
{ [5 bytes data]
* TLSv1.2 (IN), TLS header, Supplemental data (23):
{ [5 bytes data]
* TLSv1.2 (IN), TLS header, Supplemental data (23):
{ [5 bytes data]
* TLSv1.2 (IN), TLS header, Supplemental data (23):
{ [5 bytes data]
* TLSv1.2 (IN), TLS header, Supplemental data (23):
{ [5 bytes data]
* TLSv1.2 (IN), TLS header, Supplemental data (23):
{ [5 bytes data]
* TLSv1.2 (IN), TLS header, Supplemental data (23):
{ [5 bytes data]
* TLSv1.2 (IN), TLS header, Supplemental data (23):
{ [5 bytes data]
* TLSv1.2 (IN), TLS header, Supplemental data (23):
{ [5 bytes data]
* TLSv1.2 (IN), TLS header, Supplemental data (23):
{ [5 bytes data]
* TLSv1.2 (IN), TLS header, Supplemental data (23):
{ [5 bytes data]
* TLSv1.2 (IN), TLS header, Supplemental data (23):
{ [5 bytes data]
* TLSv1.2 (IN), TLS header, Supplemental data (23):
{ [5 bytes data]
* TLSv1.2 (IN), TLS header, Supplemental data (23):
{ [5 bytes data]
* TLSv1.2 (IN), TLS header, Supplemental data (23):
{ [5 bytes data]
* TLSv1.2 (IN), TLS header, Supplemental data (23):
{ [5 bytes data]
* TLSv1.2 (IN), TLS header, Supplemental data (23):
{ [5 bytes data]
* TLSv1.2 (IN), TLS header, Supplemental data (23):
{ [5 bytes data]
* TLSv1.2 (IN), TLS header, Supplemental data (23):
{ [5 bytes data]
* TLSv1.2 (IN), TLS header, Supplemental data (23):
{ [5 bytes data]
* TLSv1.2 (IN), TLS header, Supplemental data (23):
{ [5 bytes data]
* TLSv1.2 (IN), TLS header, Supplemental data (23):
{ [5 bytes data]
* TLSv1.2 (IN), TLS header, Supplemental data (23):
{ [5 bytes data]
* TLSv1.2 (IN), TLS header, Supplemental data (23):
{ [5 bytes data]
* TLSv1.2 (IN), TLS header, Supplemental data (23):
{ [5 bytes data]
* TLSv1.2 (IN), TLS header, Supplemental data (23):
{ [5 bytes data]
* TLSv1.2 (IN), TLS header, Supplemental data (23):
{ [5 bytes data]
* TLSv1.2 (IN), TLS header, Supplemental data (23):
{ [5 bytes data]
* TLSv1.2 (IN), TLS header, Supplemental data (23):
{ [5 bytes data]
* TLSv1.2 (IN), TLS header, Supplemental data (23):
{ [5 bytes data]
* TLSv1.2 (IN), TLS header, Supplemental data (23):
{ [5 bytes data]
* TLSv1.2 (IN), TLS header, Supplemental data (23):
{ [5 bytes data]
* TLSv1.2 (IN), TLS header, Supplemental data (23):
{ [5 bytes data]
* TLSv1.2 (IN), TLS header, Supplemental data (23):
{ [5 bytes data]
* TLSv1.2 (IN), TLS header, Supplemental data (23):
{ [5 bytes data]
* TLSv1.2 (IN), TLS header, Supplemental data (23):
{ [5 bytes data]
* TLSv1.2 (IN), TLS header, Supplemental data (23):
{ [5 bytes data]
* TLSv1.2 (IN), TLS header, Supplemental data (23):
{ [5 bytes data]
* TLSv1.2 (IN), TLS header, Supplemental data (23):
{ [5 bytes data]
* TLSv1.2 (IN), TLS header, Supplemental data (23):
{ [5 bytes data]
* TLSv1.2 (IN), TLS header, Supplemental data (23):
{ [5 bytes data]
* TLSv1.2 (IN), TLS header, Supplemental data (23):
{ [5 bytes data]
* TLSv1.2 (IN), TLS header, Supplemental data (23):
{ [5 bytes data]
* TLSv1.2 (IN), TLS header, Supplemental data (23):
{ [5 bytes data]
* TLSv1.2 (IN), TLS header, Supplemental data (23):
{ [5 bytes data]
* TLSv1.2 (IN), TLS header, Supplemental data (23):
{ [5 bytes data]
* TLSv1.2 (IN), TLS header, Supplemental data (23):
{ [5 bytes data]
* TLSv1.2 (IN), TLS header, Supplemental data (23):
{ [5 bytes data]
* TLSv1.2 (IN), TLS header, Supplemental data (23):
{ [5 bytes data]
* TLSv1.2 (IN), TLS header, Supplemental data (23):
{ [5 bytes data]
* TLSv1.2 (IN), TLS header, Supplemental data (23):
{ [5 bytes data]
* TLSv1.2 (IN), TLS header, Supplemental data (23):
{ [5 bytes data]
* TLSv1.2 (IN), TLS header, Supplemental data (23):
{ [5 bytes data]
* TLSv1.2 (IN), TLS header, Supplemental data (23):
{ [5 bytes data]
* TLSv1.2 (IN), TLS header, Supplemental data (23):
{ [5 bytes data]
* TLSv1.2 (IN), TLS header, Supplemental data (23):
{ [5 bytes data]
* TLSv1.2 (IN), TLS header, Supplemental data (23):
{ [5 bytes data]
* TLSv1.2 (IN), TLS header, Supplemental data (23):
{ [5 bytes data]
* TLSv1.2 (IN), TLS header, Supplemental data (23):
{ [5 bytes data]
* TLSv1.2 (IN), TLS header, Supplemental data (23):
{ [5 bytes data]
* TLSv1.2 (IN), TLS header, Supplemental data (23):
{ [5 bytes data]
* TLSv1.2 (IN), TLS header, Supplemental data (23):
{ [5 bytes data]
* TLSv1.2 (IN), TLS header, Supplemental data (23):
{ [5 bytes data]
* TLSv1.2 (IN), TLS header, Supplemental data (23):
{ [5 bytes data]
* TLSv1.2 (IN), TLS header, Supplemental data (23):
{ [5 bytes data]
* TLSv1.2 (IN), TLS header, Supplemental data (23):
{ [5 bytes data]
* TLSv1.2 (IN), TLS header, Supplemental data (23):
{ [5 bytes data]
* TLSv1.2 (IN), TLS header, Supplemental data (23):
{ [5 bytes data]
* TLSv1.2 (IN), TLS header, Supplemental data (23):
{ [5 bytes data]
* TLSv1.2 (IN), TLS header, Supplemental data (23):
{ [5 bytes data]
* TLSv1.2 (IN), TLS header, Supplemental data (23):
{ [5 bytes data]
* TLSv1.2 (IN), TLS header, Supplemental data (23):
{ [5 bytes data]
* TLSv1.2 (IN), TLS header, Supplemental data (23):
{ [5 bytes data]
* TLSv1.2 (IN), TLS header, Supplemental data (23):
{ [5 bytes data]
* TLSv1.2 (IN), TLS header, Supplemental data (23):
{ [5 bytes data]
* TLSv1.2 (IN), TLS header, Supplemental data (23):
{ [5 bytes data]
* TLSv1.2 (IN), TLS header, Supplemental data (23):
{ [5 bytes data]
* TLSv1.2 (IN), TLS header, Supplemental data (23):
{ [5 bytes data]
* TLSv1.2 (IN), TLS header, Supplemental data (23):
{ [5 bytes data]
* TLSv1.2 (IN), TLS header, Supplemental data (23):
{ [5 bytes data]
* TLSv1.2 (IN), TLS header, Supplemental data (23):
{ [5 bytes data]
* TLSv1.2 (IN), TLS header, Supplemental data (23):
{ [5 bytes data]
* TLSv1.2 (IN), TLS header, Supplemental data (23):
{ [5 bytes data]
* TLSv1.2 (IN), TLS header, Supplemental data (23):
{ [5 bytes data]
* TLSv1.2 (IN), TLS header, Supplemental data (23):
{ [5 bytes data]
* TLSv1.2 (IN), TLS header, Supplemental data (23):
{ [5 bytes data]
* TLSv1.2 (IN), TLS header, Supplemental data (23):
{ [5 bytes data]
* TLSv1.2 (IN), TLS header, Supplemental data (23):
{ [5 bytes data]
* TLSv1.2 (IN), TLS header, Supplemental data (23):
{ [5 bytes data]
* TLSv1.2 (IN), TLS header, Supplemental data (23):
{ [5 bytes data]
* TLSv1.2 (IN), TLS header, Supplemental data (23):
{ [5 bytes data]
* TLSv1.2 (IN), TLS header, Supplemental data (23):
{ [5 bytes data]
* TLSv1.2 (IN), TLS header, Supplemental data (23):
{ [5 bytes data]
* TLSv1.2 (IN), TLS header, Supplemental data (23):
{ [5 bytes data]
* TLSv1.2 (IN), TLS header, Supplemental data (23):
{ [5 bytes data]
* TLSv1.2 (IN), TLS header, Supplemental data (23):
{ [5 bytes data]
* TLSv1.2 (IN), TLS header, Supplemental data (23):
{ [5 bytes data]
* TLSv1.2 (IN), TLS header, Supplemental data (23):
{ [5 bytes data]
* TLSv1.2 (IN), TLS header, Supplemental data (23):
{ [5 bytes data]
* TLSv1.2 (IN), TLS header, Supplemental data (23):
{ [5 bytes data]
* TLSv1.2 (IN), TLS header, Supplemental data (23):
{ [5 bytes data]
* TLSv1.2 (IN), TLS header, Supplemental data (23):
{ [5 bytes data]
* TLSv1.2 (IN), TLS header, Supplemental data (23):
{ [5 bytes data]
* TLSv1.2 (IN), TLS header, Supplemental data (23):
{ [5 bytes data]
* TLSv1.2 (IN), TLS header, Supplemental data (23):
{ [5 bytes data]
* TLSv1.2 (IN), TLS header, Supplemental data (23):
{ [5 bytes data]
* TLSv1.2 (IN), TLS header, Supplemental data (23):
{ [5 bytes data]
* TLSv1.2 (IN), TLS header, Supplemental data (23):
{ [5 bytes data]
* TLSv1.2 (IN), TLS header, Supplemental data (23):
{ [5 bytes data]
* TLSv1.2 (IN), TLS header, Supplemental data (23):
{ [5 bytes data]
* TLSv1.2 (IN), TLS header, Supplemental data (23):
{ [5 bytes data]
* TLSv1.2 (IN), TLS header, Supplemental data (23):
{ [5 bytes data]
* TLSv1.2 (IN), TLS header, Supplemental data (23):
{ [5 bytes data]
* TLSv1.2 (IN), TLS header, Supplemental data (23):
{ [5 bytes data]
* TLSv1.2 (IN), TLS header, Supplemental data (23):
{ [5 bytes data]
* TLSv1.2 (IN), TLS header, Supplemental data (23):
{ [5 bytes data]
* TLSv1.2 (IN), TLS header, Supplemental data (23):
{ [5 bytes data]
* TLSv1.2 (IN), TLS header, Supplemental data (23):
{ [5 bytes data]
* TLSv1.2 (IN), TLS header, Supplemental data (23):
{ [5 bytes data]
* TLSv1.2 (IN), TLS header, Supplemental data (23):
{ [5 bytes data]
* TLSv1.2 (IN), TLS header, Supplemental data (23):
{ [5 bytes data]
* TLSv1.2 (IN), TLS header, Supplemental data (23):
{ [5 bytes data]
* TLSv1.2 (IN), TLS header, Supplemental data (23):
{ [5 bytes data]
* TLSv1.2 (IN), TLS header, Supplemental data (23):
{ [5 bytes data]
* TLSv1.2 (IN), TLS header, Supplemental data (23):
{ [5 bytes data]
* TLSv1.2 (IN), TLS header, Supplemental data (23):
{ [5 bytes data]
* TLSv1.2 (IN), TLS header, Supplemental data (23):
{ [5 bytes data]
* TLSv1.2 (IN), TLS header, Supplemental data (23):
{ [5 bytes data]
* TLSv1.2 (IN), TLS header, Supplemental data (23):
{ [5 bytes data]
* TLSv1.2 (IN), TLS header, Supplemental data (23):
{ [5 bytes data]
* TLSv1.2 (IN), TLS header, Supplemental data (23):
{ [5 bytes data]
* TLSv1.2 (IN), TLS header, Supplemental data (23):
{ [5 bytes data]
* TLSv1.2 (IN), TLS header, Supplemental data (23):
{ [5 bytes data]
* TLSv1.2 (IN), TLS header, Supplemental data (23):
{ [5 bytes data]
* TLSv1.2 (IN), TLS header, Supplemental data (23):
{ [5 bytes data]
* TLSv1.2 (IN), TLS header, Supplemental data (23):
{ [5 bytes data]
* TLSv1.2 (IN), TLS header, Supplemental data (23):
{ [5 bytes data]
* TLSv1.2 (IN), TLS header, Supplemental data (23):
{ [5 bytes data]
* TLSv1.2 (IN), TLS header, Supplemental data (23):
{ [5 bytes data]
* TLSv1.2 (IN), TLS header, Supplemental data (23):
{ [5 bytes data]
* TLSv1.2 (IN), TLS header, Supplemental data (23):
{ [5 bytes data]
* TLSv1.2 (IN), TLS header, Supplemental data (23):
{ [5 bytes data]
* TLSv1.2 (IN), TLS header, Supplemental data (23):
{ [5 bytes data]
* TLSv1.2 (IN), TLS header, Supplemental data (23):
{ [5 bytes data]
* TLSv1.2 (IN), TLS header, Supplemental data (23):
{ [5 bytes data]
* TLSv1.2 (IN), TLS header, Supplemental data (23):
{ [5 bytes data]
* TLSv1.2 (IN), TLS header, Supplemental data (23):
{ [5 bytes data]
* TLSv1.2 (IN), TLS header, Supplemental data (23):
{ [5 bytes data]
* TLSv1.2 (IN), TLS header, Supplemental data (23):
{ [5 bytes data]
* TLSv1.2 (IN), TLS header, Supplemental data (23):
{ [5 bytes data]
* TLSv1.2 (IN), TLS header, Supplemental data (23):
{ [5 bytes data]
* TLSv1.2 (IN), TLS header, Supplemental data (23):
{ [5 bytes data]
* TLSv1.2 (IN), TLS header, Supplemental data (23):
{ [5 bytes data]
* TLSv1.2 (IN), TLS header, Supplemental data (23):
{ [5 bytes data]
* TLSv1.2 (IN), TLS header, Supplemental data (23):
{ [5 bytes data]
* TLSv1.2 (IN), TLS header, Supplemental data (23):
{ [5 bytes data]
* TLSv1.2 (IN), TLS header, Supplemental data (23):
{ [5 bytes data]
* TLSv1.2 (IN), TLS header, Supplemental data (23):
{ [5 bytes data]
* TLSv1.2 (IN), TLS header, Supplemental data (23):
{ [5 bytes data]
* TLSv1.2 (IN), TLS header, Supplemental data (23):
{ [5 bytes data]
* TLSv1.2 (IN), TLS header, Supplemental data (23):
{ [5 bytes data]
* TLSv1.2 (IN), TLS header, Supplemental data (23):
{ [5 bytes data]
* TLSv1.2 (IN), TLS header, Supplemental data (23):
{ [5 bytes data]
* TLSv1.2 (IN), TLS header, Supplemental data (23):
{ [5 bytes data]
* TLSv1.2 (IN), TLS header, Supplemental data (23):
{ [5 bytes data]
* TLSv1.2 (IN), TLS header, Supplemental data (23):
{ [5 bytes data]
* TLSv1.2 (IN), TLS header, Supplemental data (23):
{ [5 bytes data]
* TLSv1.2 (IN), TLS header, Supplemental data (23):
{ [5 bytes data]
* TLSv1.2 (IN), TLS header, Supplemental data (23):
{ [5 bytes data]
* TLSv1.2 (IN), TLS header, Supplemental data (23):
{ [5 bytes data]
* TLSv1.2 (IN), TLS header, Supplemental data (23):
{ [5 bytes data]
* TLSv1.2 (IN), TLS header, Supplemental data (23):
{ [5 bytes data]
* TLSv1.2 (IN), TLS header, Supplemental data (23):
{ [5 bytes data]
* TLSv1.2 (IN), TLS header, Supplemental data (23):
{ [5 bytes data]
* TLSv1.2 (IN), TLS header, Supplemental data (23):
{ [5 bytes data]
* TLSv1.2 (IN), TLS header, Supplemental data (23):
{ [5 bytes data]
* TLSv1.2 (IN), TLS header, Supplemental data (23):
{ [5 bytes data]
* TLSv1.2 (IN), TLS header, Supplemental data (23):
{ [5 bytes data]
* TLSv1.2 (IN), TLS header, Supplemental data (23):
{ [5 bytes data]
* TLSv1.2 (IN), TLS header, Supplemental data (23):
{ [5 bytes data]
* TLSv1.2 (IN), TLS header, Supplemental data (23):
{ [5 bytes data]
* TLSv1.2 (IN), TLS header, Supplemental data (23):
{ [5 bytes data]
* TLSv1.2 (IN), TLS header, Supplemental data (23):
{ [5 bytes data]
* TLSv1.2 (IN), TLS header, Supplemental data (23):
{ [5 bytes data]
* TLSv1.2 (IN), TLS header, Supplemental data (23):
{ [5 bytes data]
* TLSv1.2 (IN), TLS header, Supplemental data (23):
{ [5 bytes data]
* TLSv1.2 (IN), TLS header, Supplemental data (23):
{ [5 bytes data]
* TLSv1.2 (IN), TLS header, Supplemental data (23):
{ [5 bytes data]
* TLSv1.2 (IN), TLS header, Supplemental data (23):
{ [5 bytes data]
* TLSv1.2 (IN), TLS header, Supplemental data (23):
{ [5 bytes data]
* TLSv1.2 (IN), TLS header, Supplemental data (23):
{ [5 bytes data]
* TLSv1.2 (IN), TLS header, Supplemental data (23):
{ [5 bytes data]
* TLSv1.2 (IN), TLS header, Supplemental data (23):
{ [5 bytes data]
* TLSv1.2 (IN), TLS header, Supplemental data (23):
{ [5 bytes data]
* TLSv1.2 (IN), TLS header, Supplemental data (23):
{ [5 bytes data]
* TLSv1.2 (IN), TLS header, Supplemental data (23):
{ [5 bytes data]
* TLSv1.2 (IN), TLS header, Supplemental data (23):
{ [5 bytes data]
* TLSv1.2 (IN), TLS header, Supplemental data (23):
{ [5 bytes data]
* TLSv1.2 (IN), TLS header, Supplemental data (23):
{ [5 bytes data]
* TLSv1.2 (IN), TLS header, Supplemental data (23):
{ [5 bytes data]
* TLSv1.2 (IN), TLS header, Supplemental data (23):
{ [5 bytes data]
* TLSv1.2 (IN), TLS header, Supplemental data (23):
{ [5 bytes data]
* TLSv1.2 (IN), TLS header, Supplemental data (23):
{ [5 bytes data]
* TLSv1.2 (IN), TLS header, Supplemental data (23):
{ [5 bytes data]
* TLSv1.2 (IN), TLS header, Supplemental data (23):
{ [5 bytes data]
* TLSv1.2 (IN), TLS header, Supplemental data (23):
{ [5 bytes data]
* TLSv1.2 (IN), TLS header, Supplemental data (23):
{ [5 bytes data]
* TLSv1.2 (IN), TLS header, Supplemental data (23):
{ [5 bytes data]
* TLSv1.2 (IN), TLS header, Supplemental data (23):
{ [5 bytes data]
* TLSv1.2 (IN), TLS header, Supplemental data (23):
{ [5 bytes data]
* TLSv1.2 (IN), TLS header, Supplemental data (23):
{ [5 bytes data]
* TLSv1.2 (IN), TLS header, Supplemental data (23):
{ [5 bytes data]
* TLSv1.2 (IN), TLS header, Supplemental data (23):
{ [5 bytes data]
* TLSv1.2 (IN), TLS header, Supplemental data (23):
{ [5 bytes data]
* TLSv1.2 (IN), TLS header, Supplemental data (23):
{ [5 bytes data]
* TLSv1.2 (IN), TLS header, Supplemental data (23):
{ [5 bytes data]
* TLSv1.2 (IN), TLS header, Supplemental data (23):
{ [5 bytes data]
* TLSv1.2 (IN), TLS header, Supplemental data (23):
{ [5 bytes data]
* TLSv1.2 (IN), TLS header, Supplemental data (23):
{ [5 bytes data]
* TLSv1.2 (IN), TLS header, Supplemental data (23):
{ [5 bytes data]
* TLSv1.2 (IN), TLS header, Supplemental data (23):
{ [5 bytes data]
* TLSv1.2 (IN), TLS header, Supplemental data (23):
{ [5 bytes data]
* TLSv1.2 (IN), TLS header, Supplemental data (23):
{ [5 bytes data]
* TLSv1.2 (IN), TLS header, Supplemental data (23):
{ [5 bytes data]
* TLSv1.2 (IN), TLS header, Supplemental data (23):
{ [5 bytes data]
* TLSv1.2 (IN), TLS header, Supplemental data (23):
{ [5 bytes data]
* TLSv1.2 (IN), TLS header, Supplemental data (23):
{ [5 bytes data]
* TLSv1.2 (IN), TLS header, Supplemental data (23):
{ [5 bytes data]
* TLSv1.2 (IN), TLS header, Supplemental data (23):
{ [5 bytes data]
* TLSv1.2 (IN), TLS header, Supplemental data (23):
{ [5 bytes data]
* TLSv1.2 (IN), TLS header, Supplemental data (23):
{ [5 bytes data]
* TLSv1.2 (IN), TLS header, Supplemental data (23):
{ [5 bytes data]
* TLSv1.2 (IN), TLS header, Supplemental data (23):
{ [5 bytes data]
* TLSv1.2 (IN), TLS header, Supplemental data (23):
{ [5 bytes data]
* Connection #1 to host drive.usercontent.google.com left intact
Remote file information:
  Status code: 200
getRemoteFile ended
/tmp/KoboCloud/Library:
total 1348
drwxr-x--- 2 1000 1000    4096 2024-12-09 22:26:02.014499853 +0100 01
drwxr-x--- 2 1000 1000    4096 2024-12-09 22:26:07.564498904 +0100 02
-rw-r--r-- 1 1000 1000 1371218 2021-04-11 16:13:38.000000000 +0200 ulysses.epub

/tmp/KoboCloud/Library/01:
total 2680
-rw-r--r-- 1 1000 1000 1371218 2022-01-22 15:34:28.000000000 +0100 ulysses.epub
-rw-r--r-- 1 1000 1000 1371218 2022-01-22 15:35:05.000000000 +0100 ulysses01.epub

/tmp/KoboCloud/Library/02:
total 2680
-rw-r--r-- 1 1000 1000 1371218 2022-01-22 15:34:47.000000000 +0100 ulysses.epub
-rw-r--r-- 1 1000 1000 1371218 2022-01-22 15:35:30.000000000 +0100 ulysses02.epub
Library has changed, rescan needed
2024-12-09_22:26:10 done
Testing ulysses.epub
d07c5da10d4666766d1b796ba420cffca0ac440c  /tmp/KoboCloud/Library/ulysses.epub
OK
Testing 01/ulysses.epub
d07c5da10d4666766d1b796ba420cffca0ac440c  /tmp/KoboCloud/Library/01/ulysses.epub
OK
Testing 01/ulysses01.epub
d07c5da10d4666766d1b796ba420cffca0ac440c  /tmp/KoboCloud/Library/01/ulysses01.epub
OK
Testing 02/ulysses.epub
d07c5da10d4666766d1b796ba420cffca0ac440c  /tmp/KoboCloud/Library/02/ulysses.epub
OK
Testing 02/ulysses02.epub
d07c5da10d4666766d1b796ba420cffca0ac440c  /tmp/KoboCloud/Library/02/ulysses02.epub
OK
/tmp/KoboCloud/Library:
total 1348
drwxr-x--- 2 1000 1000    4096 2024-12-09 22:26:02.014499853 +0100 01
drwxr-x--- 2 1000 1000    4096 2024-12-09 22:26:07.564498904 +0100 02
-rw-r--r-- 1 1000 1000 1371218 2021-04-11 16:13:38.000000000 +0200 ulysses.epub

/tmp/KoboCloud/Library/01:
total 2680
-rw-r--r-- 1 1000 1000 1371218 2022-01-22 15:34:28.000000000 +0100 ulysses.epub
-rw-r--r-- 1 1000 1000 1371218 2022-01-22 15:35:05.000000000 +0100 ulysses01.epub

/tmp/KoboCloud/Library/02:
total 2680
-rw-r--r-- 1 1000 1000 1371218 2022-01-22 15:34:47.000000000 +0100 ulysses.epub
-rw-r--r-- 1 1000 1000 1371218 2022-01-22 15:35:30.000000000 +0100 ulysses02.epub
Reading https://drive.google.com/drive/folders/1Wi37shmjG56L1D8OSdIZstkUfnpTsdAp
Getting https://drive.google.com/drive/folders/1Wi37shmjG56L1D8OSdIZstkUfnpTsdAp
Getting https://drive.google.com/drive/folders/1Wi37shmjG56L1D8OSdIZstkUfnpTsdAp
1Wi37shmjG56L1D8OSdIZstkUfnpTsdAp
File info: 01/ulysses.epub|1V4yCqZpT-ryC6e5tDvqTfqJlVfth87cd
File code: 1V4yCqZpT-ryC6e5tDvqTfqJlVfth87cd
File name: 01/ulysses.epub
Download: /usr/bin/curl -k --silent -C - -L --create-dirs --remote-time -o "/tmp/KoboCloud/Library/01/ulysses.epub" "https://drive.google.com/uc?id=1V4yCqZpT-ryC6e5tDvqTfqJlVfth87cd&export=download" -v
Status: 0
Output: 
*   Trying 142.250.75.238:443...
* Connected to drive.google.com (142.250.75.238) port 443 (#0)
* ALPN, offering h2
* ALPN, offering http/1.1
* TLSv1.0 (OUT), TLS header, Certificate Status (22):
} [5 bytes data]
* TLSv1.3 (OUT), TLS handshake, Client hello (1):
} [512 bytes data]
* TLSv1.2 (IN), TLS header, Certificate Status (22):
{ [5 bytes data]
* TLSv1.3 (IN), TLS handshake, Server hello (2):
{ [122 bytes data]
* TLSv1.2 (IN), TLS header, Finished (20):
{ [5 bytes data]
* TLSv1.2 (IN), TLS header, Supplemental data (23):
{ [5 bytes data]
* TLSv1.3 (IN), TLS handshake, Encrypted Extensions (8):
{ [15 bytes data]
* TLSv1.3 (IN), TLS handshake, Certificate (11):
{ [6298 bytes data]
* TLSv1.3 (IN), TLS handshake, CERT verify (15):
{ [80 bytes data]
* TLSv1.3 (IN), TLS handshake, Finished (20):
{ [52 bytes data]
* TLSv1.2 (OUT), TLS header, Finished (20):
} [5 bytes data]
* TLSv1.3 (OUT), TLS change cipher, Change cipher spec (1):
} [1 bytes data]
* TLSv1.2 (OUT), TLS header, Supplemental data (23):
} [5 bytes data]
* TLSv1.3 (OUT), TLS handshake, Finished (20):
} [52 bytes data]
* SSL connection using TLSv1.3 / TLS_AES_256_GCM_SHA384
* ALPN, server accepted to use h2
* Server certificate:
*  subject: CN=*.google.com
*  start date: Oct 21 08:36:57 2024 GMT
*  expire date: Jan 13 08:36:56 2025 GMT
*  issuer: C=US; O=Google Trust Services; CN=WR2
*  SSL certificate verify result: unable to get local issuer certificate (20), continuing anyway.
* Using HTTP2, server supports multiplexing
* Connection state changed (HTTP/2 confirmed)
* Copying HTTP/2 data in stream buffer to connection buffer after upgrade: len=0
* TLSv1.2 (OUT), TLS header, Supplemental data (23):
} [5 bytes data]
* TLSv1.2 (OUT), TLS header, Supplemental data (23):
} [5 bytes data]
* TLSv1.2 (OUT), TLS header, Supplemental data (23):
} [5 bytes data]
* Using Stream ID: 1 (easy handle 0x5624059c2e90)
* TLSv1.2 (OUT), TLS header, Supplemental data (23):
} [5 bytes data]
> GET /uc?id=1V4yCqZpT-ryC6e5tDvqTfqJlVfth87cd&export=download HTTP/2
> Host: drive.google.com
> range: bytes=1371218-
> user-agent: curl/7.81.0
> accept: */*
> 
* TLSv1.2 (IN), TLS header, Supplemental data (23):
{ [5 bytes data]
* TLSv1.3 (IN), TLS handshake, Newsession Ticket (4):
{ [282 bytes data]
* TLSv1.3 (IN), TLS handshake, Newsession Ticket (4):
{ [282 bytes data]
* old SSL session ID is stale, removing
* TLSv1.2 (IN), TLS header, Supplemental data (23):
{ [5 bytes data]
* TLSv1.2 (OUT), TLS header, Supplemental data (23):
} [5 bytes data]
* TLSv1.2 (IN), TLS header, Supplemental data (23):
{ [5 bytes data]
* TLSv1.2 (IN), TLS header, Supplemental data (23):
{ [5 bytes data]
< HTTP/2 303 
< content-type: application/binary
< cache-control: no-cache, no-store, max-age=0, must-revalidate
< pragma: no-cache
< expires: Mon, 01 Jan 1990 00:00:00 GMT
< date: Mon, 09 Dec 2024 21:26:11 GMT
< location: https://drive.usercontent.google.com/download?id=1V4yCqZpT-ryC6e5tDvqTfqJlVfth87cd&export=download
< strict-transport-security: max-age=31536000
< accept-ch: Sec-CH-UA-Arch, Sec-CH-UA-Bitness, Sec-CH-UA-Full-Version, Sec-CH-UA-Full-Version-List, Sec-CH-UA-Model, Sec-CH-UA-WoW64, Sec-CH-UA-Form-Factors, Sec-CH-UA-Platform, Sec-CH-UA-Platform-Version
< content-security-policy: script-src 'nonce-gMAG1EIxbRIjMUcFBsii-g' 'unsafe-inline';object-src 'none';base-uri 'self';report-uri /_/DriveUntrustedContentHttp/cspreport;worker-src 'self'
< content-security-policy: require-trusted-types-for 'script';report-uri /_/DriveUntrustedContentHttp/cspreport
< permissions-policy: ch-ua-arch=*, ch-ua-bitness=*, ch-ua-full-version=*, ch-ua-full-version-list=*, ch-ua-model=*, ch-ua-wow64=*, ch-ua-form-factors=*, ch-ua-platform=*, ch-ua-platform-version=*
< cross-origin-opener-policy: same-origin
< server: ESF
< content-length: 0
< x-xss-protection: 0
< x-frame-options: SAMEORIGIN
< x-content-type-options: nosniff
< alt-svc: h3=":443"; ma=2592000,h3-29=":443"; ma=2592000
< 
* TLSv1.2 (IN), TLS header, Supplemental data (23):
{ [5 bytes data]
* Connection #0 to host drive.google.com left intact
* Issue another request to this URL: 'https://drive.usercontent.google.com/download?id=1V4yCqZpT-ryC6e5tDvqTfqJlVfth87cd&export=download'
*   Trying 142.250.179.65:443...
* Connected to drive.usercontent.google.com (142.250.179.65) port 443 (#1)
* ALPN, offering h2
* ALPN, offering http/1.1
* TLSv1.0 (OUT), TLS header, Certificate Status (22):
} [5 bytes data]
* TLSv1.3 (OUT), TLS handshake, Client hello (1):
} [512 bytes data]
* TLSv1.2 (IN), TLS header, Certificate Status (22):
{ [5 bytes data]
* TLSv1.3 (IN), TLS handshake, Server hello (2):
{ [122 bytes data]
* TLSv1.2 (IN), TLS header, Finished (20):
{ [5 bytes data]
* TLSv1.2 (IN), TLS header, Supplemental data (23):
{ [5 bytes data]
* TLSv1.3 (IN), TLS handshake, Encrypted Extensions (8):
{ [15 bytes data]
* TLSv1.3 (IN), TLS handshake, Certificate (11):
{ [4085 bytes data]
* TLSv1.3 (IN), TLS handshake, CERT verify (15):
{ [80 bytes data]
* TLSv1.3 (IN), TLS handshake, Finished (20):
{ [52 bytes data]
* TLSv1.2 (OUT), TLS header, Finished (20):
} [5 bytes data]
* TLSv1.3 (OUT), TLS change cipher, Change cipher spec (1):
} [1 bytes data]
* TLSv1.2 (OUT), TLS header, Supplemental data (23):
} [5 bytes data]
* TLSv1.3 (OUT), TLS handshake, Finished (20):
} [52 bytes data]
* SSL connection using TLSv1.3 / TLS_AES_256_GCM_SHA384
* ALPN, server accepted to use h2
* Server certificate:
*  subject: CN=*.usercontent.google.com
*  start date: Oct 21 08:38:28 2024 GMT
*  expire date: Jan 13 08:38:27 2025 GMT
*  issuer: C=US; O=Google Trust Services; CN=WR2
*  SSL certificate verify result: unable to get local issuer certificate (20), continuing anyway.
* Using HTTP2, server supports multiplexing
* Connection state changed (HTTP/2 confirmed)
* Copying HTTP/2 data in stream buffer to connection buffer after upgrade: len=0
* TLSv1.2 (OUT), TLS header, Supplemental data (23):
} [5 bytes data]
* TLSv1.2 (OUT), TLS header, Supplemental data (23):
} [5 bytes data]
* TLSv1.2 (OUT), TLS header, Supplemental data (23):
} [5 bytes data]
* Using Stream ID: 1 (easy handle 0x5624059c2e90)
* TLSv1.2 (OUT), TLS header, Supplemental data (23):
} [5 bytes data]
> GET /download?id=1V4yCqZpT-ryC6e5tDvqTfqJlVfth87cd&export=download HTTP/2
> Host: drive.usercontent.google.com
> range: bytes=1371218-
> user-agent: curl/7.81.0
> accept: */*
> 
* TLSv1.2 (IN), TLS header, Supplemental data (23):
{ [5 bytes data]
* TLSv1.3 (IN), TLS handshake, Newsession Ticket (4):
{ [282 bytes data]
* TLSv1.3 (IN), TLS handshake, Newsession Ticket (4):
{ [282 bytes data]
* old SSL session ID is stale, removing
* TLSv1.2 (IN), TLS header, Supplemental data (23):
{ [5 bytes data]
* TLSv1.2 (OUT), TLS header, Supplemental data (23):
} [5 bytes data]
* TLSv1.2 (IN), TLS header, Supplemental data (23):
{ [5 bytes data]
* TLSv1.2 (IN), TLS header, Supplemental data (23):
{ [5 bytes data]
< HTTP/2 416 
< content-type: text/html; charset=utf-8
< cache-control: no-cache, no-store, max-age=0, must-revalidate
< pragma: no-cache
< expires: Mon, 01 Jan 1990 00:00:00 GMT
< date: Mon, 09 Dec 2024 21:26:11 GMT
< p3p: CP="This is not a P3P policy! See g.co/p3phelp for more info."
< permissions-policy: ch-ua-arch=*, ch-ua-bitness=*, ch-ua-full-version=*, ch-ua-full-version-list=*, ch-ua-model=*, ch-ua-wow64=*, ch-ua-form-factors=*, ch-ua-platform=*, ch-ua-platform-version=*
< content-security-policy: script-src 'nonce-lRqcui9mk-ZdChwtydOyRQ' 'unsafe-inline';object-src 'none';base-uri 'self';report-uri /_/DriveUntrustedContentHttp/cspreport;worker-src 'self'
< content-security-policy: require-trusted-types-for 'script';report-uri /_/DriveUntrustedContentHttp/cspreport
< content-security-policy: sandbox allow-scripts
< cross-origin-opener-policy: same-origin
< accept-ch: Sec-CH-UA-Arch, Sec-CH-UA-Bitness, Sec-CH-UA-Full-Version, Sec-CH-UA-Full-Version-List, Sec-CH-UA-Model, Sec-CH-UA-WoW64, Sec-CH-UA-Form-Factors, Sec-CH-UA-Platform, Sec-CH-UA-Platform-Version
< content-length: 1695
< x-guploader-uploadid: AFiumC5pGWQBSz8uRLwRafe36sarasoIfdnBWtCZgP7xSvVNaO7oGd-Rj1WW4kD3A7j-avjjMvmbL2hFBw
< server: UploadServer
< set-cookie: NID=519=UX50yEHkGINgDIfKfguUe8eDpWsfUT04ihqJC28Bb97PURkG5zRK2wrQ0v66JWafElIDuueB3VrFtnWFy96FDAKy94aIZ9mouvhvIFSIOSY370v7x8JuXi-a6lrZqZXtp4y5sPoQqOLVVg1APmXCKtYMuqqJ9y6sR0OOySWdkD9YhPu6ULkWZIxqEcdlA_DAZanZ6yGvnJhLjKw; expires=Tue, 10-Jun-2025 21:26:11 GMT; path=/; domain=.google.com; HttpOnly
< alt-svc: h3=":443"; ma=2592000,h3-29=":443"; ma=2592000
< 
* TLSv1.2 (IN), TLS header, Supplemental data (23):
{ [5 bytes data]
* TLSv1.2 (IN), TLS header, Supplemental data (23):
{ [5 bytes data]
* TLSv1.2 (IN), TLS header, Supplemental data (23):
{ [5 bytes data]
* Connection #1 to host drive.usercontent.google.com left intact
Remote file information:
  Status code: 416
getRemoteFile ended
File info: 01/ulysses01.epub|1EY7K_L97QT01W1p18d_EU-yKGd4J5_vT
File code: 1EY7K_L97QT01W1p18d_EU-yKGd4J5_vT
File name: 01/ulysses01.epub
Download: /usr/bin/curl -k --silent -C - -L --create-dirs --remote-time -o "/tmp/KoboCloud/Library/01/ulysses01.epub" "https://drive.google.com/uc?id=1EY7K_L97QT01W1p18d_EU-yKGd4J5_vT&export=download" -v
Status: 0
Output: 
*   Trying 142.250.75.238:443...
* Connected to drive.google.com (142.250.75.238) port 443 (#0)
* ALPN, offering h2
* ALPN, offering http/1.1
* TLSv1.0 (OUT), TLS header, Certificate Status (22):
} [5 bytes data]
* TLSv1.3 (OUT), TLS handshake, Client hello (1):
} [512 bytes data]
* TLSv1.2 (IN), TLS header, Certificate Status (22):
{ [5 bytes data]
* TLSv1.3 (IN), TLS handshake, Server hello (2):
{ [122 bytes data]
* TLSv1.2 (IN), TLS header, Finished (20):
{ [5 bytes data]
* TLSv1.2 (IN), TLS header, Supplemental data (23):
{ [5 bytes data]
* TLSv1.3 (IN), TLS handshake, Encrypted Extensions (8):
{ [15 bytes data]
* TLSv1.3 (IN), TLS handshake, Certificate (11):
{ [6298 bytes data]
* TLSv1.3 (IN), TLS handshake, CERT verify (15):
{ [78 bytes data]
* TLSv1.3 (IN), TLS handshake, Finished (20):
{ [52 bytes data]
* TLSv1.2 (OUT), TLS header, Finished (20):
} [5 bytes data]
* TLSv1.3 (OUT), TLS change cipher, Change cipher spec (1):
} [1 bytes data]
* TLSv1.2 (OUT), TLS header, Supplemental data (23):
} [5 bytes data]
* TLSv1.3 (OUT), TLS handshake, Finished (20):
} [52 bytes data]
* SSL connection using TLSv1.3 / TLS_AES_256_GCM_SHA384
* ALPN, server accepted to use h2
* Server certificate:
*  subject: CN=*.google.com
*  start date: Oct 21 08:36:57 2024 GMT
*  expire date: Jan 13 08:36:56 2025 GMT
*  issuer: C=US; O=Google Trust Services; CN=WR2
*  SSL certificate verify result: unable to get local issuer certificate (20), continuing anyway.
* Using HTTP2, server supports multiplexing
* Connection state changed (HTTP/2 confirmed)
* Copying HTTP/2 data in stream buffer to connection buffer after upgrade: len=0
* TLSv1.2 (OUT), TLS header, Supplemental data (23):
} [5 bytes data]
* TLSv1.2 (OUT), TLS header, Supplemental data (23):
} [5 bytes data]
* TLSv1.2 (OUT), TLS header, Supplemental data (23):
} [5 bytes data]
* Using Stream ID: 1 (easy handle 0x56292bb61e90)
* TLSv1.2 (OUT), TLS header, Supplemental data (23):
} [5 bytes data]
> GET /uc?id=1EY7K_L97QT01W1p18d_EU-yKGd4J5_vT&export=download HTTP/2
> Host: drive.google.com
> range: bytes=1371218-
> user-agent: curl/7.81.0
> accept: */*
> 
* TLSv1.2 (IN), TLS header, Supplemental data (23):
{ [5 bytes data]
* TLSv1.3 (IN), TLS handshake, Newsession Ticket (4):
{ [282 bytes data]
* TLSv1.3 (IN), TLS handshake, Newsession Ticket (4):
{ [282 bytes data]
* old SSL session ID is stale, removing
* TLSv1.2 (IN), TLS header, Supplemental data (23):
{ [5 bytes data]
* TLSv1.2 (OUT), TLS header, Supplemental data (23):
} [5 bytes data]
* TLSv1.2 (IN), TLS header, Supplemental data (23):
{ [5 bytes data]
* TLSv1.2 (IN), TLS header, Supplemental data (23):
{ [5 bytes data]
< HTTP/2 303 
< content-type: application/binary
< cache-control: no-cache, no-store, max-age=0, must-revalidate
< pragma: no-cache
< expires: Mon, 01 Jan 1990 00:00:00 GMT
< date: Mon, 09 Dec 2024 21:26:12 GMT
< location: https://drive.usercontent.google.com/download?id=1EY7K_L97QT01W1p18d_EU-yKGd4J5_vT&export=download
< strict-transport-security: max-age=31536000
< cross-origin-opener-policy: same-origin
< content-security-policy: script-src 'nonce-1xml7KWZM341Kf6T3wfdKg' 'unsafe-inline';object-src 'none';base-uri 'self';report-uri /_/DriveUntrustedContentHttp/cspreport;worker-src 'self'
< content-security-policy: require-trusted-types-for 'script';report-uri /_/DriveUntrustedContentHttp/cspreport
< accept-ch: Sec-CH-UA-Arch, Sec-CH-UA-Bitness, Sec-CH-UA-Full-Version, Sec-CH-UA-Full-Version-List, Sec-CH-UA-Model, Sec-CH-UA-WoW64, Sec-CH-UA-Form-Factors, Sec-CH-UA-Platform, Sec-CH-UA-Platform-Version
< permissions-policy: ch-ua-arch=*, ch-ua-bitness=*, ch-ua-full-version=*, ch-ua-full-version-list=*, ch-ua-model=*, ch-ua-wow64=*, ch-ua-form-factors=*, ch-ua-platform=*, ch-ua-platform-version=*
< server: ESF
< content-length: 0
< x-xss-protection: 0
< x-frame-options: SAMEORIGIN
< x-content-type-options: nosniff
< alt-svc: h3=":443"; ma=2592000,h3-29=":443"; ma=2592000
< 
* TLSv1.2 (IN), TLS header, Supplemental data (23):
{ [5 bytes data]
* Connection #0 to host drive.google.com left intact
* Issue another request to this URL: 'https://drive.usercontent.google.com/download?id=1EY7K_L97QT01W1p18d_EU-yKGd4J5_vT&export=download'
*   Trying 142.250.179.65:443...
* Connected to drive.usercontent.google.com (142.250.179.65) port 443 (#1)
* ALPN, offering h2
* ALPN, offering http/1.1
* TLSv1.0 (OUT), TLS header, Certificate Status (22):
} [5 bytes data]
* TLSv1.3 (OUT), TLS handshake, Client hello (1):
} [512 bytes data]
* TLSv1.2 (IN), TLS header, Certificate Status (22):
{ [5 bytes data]
* TLSv1.3 (IN), TLS handshake, Server hello (2):
{ [122 bytes data]
* TLSv1.2 (IN), TLS header, Finished (20):
{ [5 bytes data]
* TLSv1.2 (IN), TLS header, Supplemental data (23):
{ [5 bytes data]
* TLSv1.3 (IN), TLS handshake, Encrypted Extensions (8):
{ [15 bytes data]
* TLSv1.3 (IN), TLS handshake, Certificate (11):
{ [4085 bytes data]
* TLSv1.3 (IN), TLS handshake, CERT verify (15):
{ [80 bytes data]
* TLSv1.3 (IN), TLS handshake, Finished (20):
{ [52 bytes data]
* TLSv1.2 (OUT), TLS header, Finished (20):
} [5 bytes data]
* TLSv1.3 (OUT), TLS change cipher, Change cipher spec (1):
} [1 bytes data]
* TLSv1.2 (OUT), TLS header, Supplemental data (23):
} [5 bytes data]
* TLSv1.3 (OUT), TLS handshake, Finished (20):
} [52 bytes data]
* SSL connection using TLSv1.3 / TLS_AES_256_GCM_SHA384
* ALPN, server accepted to use h2
* Server certificate:
*  subject: CN=*.usercontent.google.com
*  start date: Oct 21 08:38:28 2024 GMT
*  expire date: Jan 13 08:38:27 2025 GMT
*  issuer: C=US; O=Google Trust Services; CN=WR2
*  SSL certificate verify result: unable to get local issuer certificate (20), continuing anyway.
* Using HTTP2, server supports multiplexing
* Connection state changed (HTTP/2 confirmed)
* Copying HTTP/2 data in stream buffer to connection buffer after upgrade: len=0
* TLSv1.2 (OUT), TLS header, Supplemental data (23):
} [5 bytes data]
* TLSv1.2 (OUT), TLS header, Supplemental data (23):
} [5 bytes data]
* TLSv1.2 (OUT), TLS header, Supplemental data (23):
} [5 bytes data]
* Using Stream ID: 1 (easy handle 0x56292bb61e90)
* TLSv1.2 (OUT), TLS header, Supplemental data (23):
} [5 bytes data]
> GET /download?id=1EY7K_L97QT01W1p18d_EU-yKGd4J5_vT&export=download HTTP/2
> Host: drive.usercontent.google.com
> range: bytes=1371218-
> user-agent: curl/7.81.0
> accept: */*
> 
* TLSv1.2 (IN), TLS header, Supplemental data (23):
{ [5 bytes data]
* TLSv1.3 (IN), TLS handshake, Newsession Ticket (4):
{ [282 bytes data]
* TLSv1.3 (IN), TLS handshake, Newsession Ticket (4):
{ [282 bytes data]
* old SSL session ID is stale, removing
* TLSv1.2 (IN), TLS header, Supplemental data (23):
{ [5 bytes data]
* TLSv1.2 (OUT), TLS header, Supplemental data (23):
} [5 bytes data]
* TLSv1.2 (IN), TLS header, Supplemental data (23):
{ [5 bytes data]
* TLSv1.2 (IN), TLS header, Supplemental data (23):
{ [5 bytes data]
< HTTP/2 416 
< content-type: text/html; charset=utf-8
< cache-control: no-cache, no-store, max-age=0, must-revalidate
< pragma: no-cache
< expires: Mon, 01 Jan 1990 00:00:00 GMT
< date: Mon, 09 Dec 2024 21:26:13 GMT
< p3p: CP="This is not a P3P policy! See g.co/p3phelp for more info."
< content-security-policy: script-src 'nonce-Y8-qfi1iWrgtFokaMwwpqQ' 'unsafe-inline';object-src 'none';base-uri 'self';report-uri /_/DriveUntrustedContentHttp/cspreport;worker-src 'self'
< content-security-policy: require-trusted-types-for 'script';report-uri /_/DriveUntrustedContentHttp/cspreport
< content-security-policy: sandbox allow-scripts
< cross-origin-opener-policy: same-origin
< permissions-policy: ch-ua-arch=*, ch-ua-bitness=*, ch-ua-full-version=*, ch-ua-full-version-list=*, ch-ua-model=*, ch-ua-wow64=*, ch-ua-form-factors=*, ch-ua-platform=*, ch-ua-platform-version=*
< accept-ch: Sec-CH-UA-Arch, Sec-CH-UA-Bitness, Sec-CH-UA-Full-Version, Sec-CH-UA-Full-Version-List, Sec-CH-UA-Model, Sec-CH-UA-WoW64, Sec-CH-UA-Form-Factors, Sec-CH-UA-Platform, Sec-CH-UA-Platform-Version
< content-length: 1695
< x-guploader-uploadid: AFiumC4RAMDMil-6M5AMpjHfpKqqIr6B6Ch5NsUhX5Tvl-eLFHDiEZlVq9ojyKAyCqSU-wVlpUrsdfRzHQ
< server: UploadServer
< set-cookie: NID=519=gDCIz9rfbyPK8-aPhJn164nuGpcH26T--LxXIWaoTyiPHXzNwCJCInTCikGOAbci6YALWwi1KB6pSox1QUNp-7vSno30METIpOzifhh3dUVbWZSTbBxLdzFo-Q2MPGyOzBj3mqSgPuUfLgvNHKnuTG_dGYCwBNs_vW403S_ldrvz79J5sfz_g40riDpWLQ_NA2lFVuLLs-ziZ8FK; expires=Tue, 10-Jun-2025 21:26:12 GMT; path=/; domain=.google.com; HttpOnly
< alt-svc: h3=":443"; ma=2592000,h3-29=":443"; ma=2592000
< 
* TLSv1.2 (IN), TLS header, Supplemental data (23):
{ [5 bytes data]
* TLSv1.2 (IN), TLS header, Supplemental data (23):
{ [5 bytes data]
* TLSv1.2 (IN), TLS header, Supplemental data (23):
{ [5 bytes data]
* Connection #1 to host drive.usercontent.google.com left intact
Remote file information:
  Status code: 416
getRemoteFile ended
File info: 02/ulysses.epub|1YUFXOW2fWfWZJ7hm6Uuyky8U-QBN1k8_
File code: 1YUFXOW2fWfWZJ7hm6Uuyky8U-QBN1k8_
File name: 02/ulysses.epub
Download: /usr/bin/curl -k --silent -C - -L --create-dirs --remote-time -o "/tmp/KoboCloud/Library/02/ulysses.epub" "https://drive.google.com/uc?id=1YUFXOW2fWfWZJ7hm6Uuyky8U-QBN1k8_&export=download" -v
Status: 0
Output: 
*   Trying 142.250.75.238:443...
* Connected to drive.google.com (142.250.75.238) port 443 (#0)
* ALPN, offering h2
* ALPN, offering http/1.1
* TLSv1.0 (OUT), TLS header, Certificate Status (22):
} [5 bytes data]
* TLSv1.3 (OUT), TLS handshake, Client hello (1):
} [512 bytes data]
* TLSv1.2 (IN), TLS header, Certificate Status (22):
{ [5 bytes data]
* TLSv1.3 (IN), TLS handshake, Server hello (2):
{ [122 bytes data]
* TLSv1.2 (IN), TLS header, Finished (20):
{ [5 bytes data]
* TLSv1.2 (IN), TLS header, Supplemental data (23):
{ [5 bytes data]
* TLSv1.3 (IN), TLS handshake, Encrypted Extensions (8):
{ [15 bytes data]
* TLSv1.3 (IN), TLS handshake, Certificate (11):
{ [6298 bytes data]
* TLSv1.3 (IN), TLS handshake, CERT verify (15):
{ [79 bytes data]
* TLSv1.3 (IN), TLS handshake, Finished (20):
{ [52 bytes data]
* TLSv1.2 (OUT), TLS header, Finished (20):
} [5 bytes data]
* TLSv1.3 (OUT), TLS change cipher, Change cipher spec (1):
} [1 bytes data]
* TLSv1.2 (OUT), TLS header, Supplemental data (23):
} [5 bytes data]
* TLSv1.3 (OUT), TLS handshake, Finished (20):
} [52 bytes data]
* SSL connection using TLSv1.3 / TLS_AES_256_GCM_SHA384
* ALPN, server accepted to use h2
* Server certificate:
*  subject: CN=*.google.com
*  start date: Oct 21 08:36:57 2024 GMT
*  expire date: Jan 13 08:36:56 2025 GMT
*  issuer: C=US; O=Google Trust Services; CN=WR2
*  SSL certificate verify result: unable to get local issuer certificate (20), continuing anyway.
* Using HTTP2, server supports multiplexing
* Connection state changed (HTTP/2 confirmed)
* Copying HTTP/2 data in stream buffer to connection buffer after upgrade: len=0
* TLSv1.2 (OUT), TLS header, Supplemental data (23):
} [5 bytes data]
* TLSv1.2 (OUT), TLS header, Supplemental data (23):
} [5 bytes data]
* TLSv1.2 (OUT), TLS header, Supplemental data (23):
} [5 bytes data]
* Using Stream ID: 1 (easy handle 0x55a21d713e90)
* TLSv1.2 (OUT), TLS header, Supplemental data (23):
} [5 bytes data]
> GET /uc?id=1YUFXOW2fWfWZJ7hm6Uuyky8U-QBN1k8_&export=download HTTP/2
> Host: drive.google.com
> range: bytes=1371218-
> user-agent: curl/7.81.0
> accept: */*
> 
* TLSv1.2 (IN), TLS header, Supplemental data (23):
{ [5 bytes data]
* TLSv1.3 (IN), TLS handshake, Newsession Ticket (4):
{ [282 bytes data]
* TLSv1.3 (IN), TLS handshake, Newsession Ticket (4):
{ [282 bytes data]
* old SSL session ID is stale, removing
* TLSv1.2 (IN), TLS header, Supplemental data (23):
{ [5 bytes data]
* TLSv1.2 (OUT), TLS header, Supplemental data (23):
} [5 bytes data]
* TLSv1.2 (IN), TLS header, Supplemental data (23):
{ [5 bytes data]
* TLSv1.2 (IN), TLS header, Supplemental data (23):
{ [5 bytes data]
< HTTP/2 303 
< content-type: application/binary
< cache-control: no-cache, no-store, max-age=0, must-revalidate
< pragma: no-cache
< expires: Mon, 01 Jan 1990 00:00:00 GMT
< date: Mon, 09 Dec 2024 21:26:13 GMT
< location: https://drive.usercontent.google.com/download?id=1YUFXOW2fWfWZJ7hm6Uuyky8U-QBN1k8_&export=download
< strict-transport-security: max-age=31536000
< cross-origin-opener-policy: same-origin
< content-security-policy: script-src 'nonce-MeMhgzwB6duXjzrr3uR30Q' 'unsafe-inline';object-src 'none';base-uri 'self';report-uri /_/DriveUntrustedContentHttp/cspreport;worker-src 'self'
< content-security-policy: require-trusted-types-for 'script';report-uri /_/DriveUntrustedContentHttp/cspreport
< accept-ch: Sec-CH-UA-Arch, Sec-CH-UA-Bitness, Sec-CH-UA-Full-Version, Sec-CH-UA-Full-Version-List, Sec-CH-UA-Model, Sec-CH-UA-WoW64, Sec-CH-UA-Form-Factors, Sec-CH-UA-Platform, Sec-CH-UA-Platform-Version
< permissions-policy: ch-ua-arch=*, ch-ua-bitness=*, ch-ua-full-version=*, ch-ua-full-version-list=*, ch-ua-model=*, ch-ua-wow64=*, ch-ua-form-factors=*, ch-ua-platform=*, ch-ua-platform-version=*
< server: ESF
< content-length: 0
< x-xss-protection: 0
< x-frame-options: SAMEORIGIN
< x-content-type-options: nosniff
< alt-svc: h3=":443"; ma=2592000,h3-29=":443"; ma=2592000
< 
* TLSv1.2 (IN), TLS header, Supplemental data (23):
{ [5 bytes data]
* Connection #0 to host drive.google.com left intact
* Issue another request to this URL: 'https://drive.usercontent.google.com/download?id=1YUFXOW2fWfWZJ7hm6Uuyky8U-QBN1k8_&export=download'
*   Trying 142.250.179.65:443...
* Connected to drive.usercontent.google.com (142.250.179.65) port 443 (#1)
* ALPN, offering h2
* ALPN, offering http/1.1
* TLSv1.0 (OUT), TLS header, Certificate Status (22):
} [5 bytes data]
* TLSv1.3 (OUT), TLS handshake, Client hello (1):
} [512 bytes data]
* TLSv1.2 (IN), TLS header, Certificate Status (22):
{ [5 bytes data]
* TLSv1.3 (IN), TLS handshake, Server hello (2):
{ [122 bytes data]
* TLSv1.2 (IN), TLS header, Finished (20):
{ [5 bytes data]
* TLSv1.2 (IN), TLS header, Supplemental data (23):
{ [5 bytes data]
* TLSv1.3 (IN), TLS handshake, Encrypted Extensions (8):
{ [15 bytes data]
* TLSv1.3 (IN), TLS handshake, Certificate (11):
{ [4085 bytes data]
* TLSv1.3 (IN), TLS handshake, CERT verify (15):
{ [79 bytes data]
* TLSv1.3 (IN), TLS handshake, Finished (20):
{ [52 bytes data]
* TLSv1.2 (OUT), TLS header, Finished (20):
} [5 bytes data]
* TLSv1.3 (OUT), TLS change cipher, Change cipher spec (1):
} [1 bytes data]
* TLSv1.2 (OUT), TLS header, Supplemental data (23):
} [5 bytes data]
* TLSv1.3 (OUT), TLS handshake, Finished (20):
} [52 bytes data]
* SSL connection using TLSv1.3 / TLS_AES_256_GCM_SHA384
* ALPN, server accepted to use h2
* Server certificate:
*  subject: CN=*.usercontent.google.com
*  start date: Oct 21 08:38:28 2024 GMT
*  expire date: Jan 13 08:38:27 2025 GMT
*  issuer: C=US; O=Google Trust Services; CN=WR2
*  SSL certificate verify result: unable to get local issuer certificate (20), continuing anyway.
* Using HTTP2, server supports multiplexing
* Connection state changed (HTTP/2 confirmed)
* Copying HTTP/2 data in stream buffer to connection buffer after upgrade: len=0
* TLSv1.2 (OUT), TLS header, Supplemental data (23):
} [5 bytes data]
* TLSv1.2 (OUT), TLS header, Supplemental data (23):
} [5 bytes data]
* TLSv1.2 (OUT), TLS header, Supplemental data (23):
} [5 bytes data]
* Using Stream ID: 1 (easy handle 0x55a21d713e90)
* TLSv1.2 (OUT), TLS header, Supplemental data (23):
} [5 bytes data]
> GET /download?id=1YUFXOW2fWfWZJ7hm6Uuyky8U-QBN1k8_&export=download HTTP/2
> Host: drive.usercontent.google.com
> range: bytes=1371218-
> user-agent: curl/7.81.0
> accept: */*
> 
* TLSv1.2 (IN), TLS header, Supplemental data (23):
{ [5 bytes data]
* TLSv1.3 (IN), TLS handshake, Newsession Ticket (4):
{ [282 bytes data]
* TLSv1.3 (IN), TLS handshake, Newsession Ticket (4):
{ [282 bytes data]
* old SSL session ID is stale, removing
* TLSv1.2 (IN), TLS header, Supplemental data (23):
{ [5 bytes data]
* TLSv1.2 (OUT), TLS header, Supplemental data (23):
} [5 bytes data]
* TLSv1.2 (IN), TLS header, Supplemental data (23):
{ [5 bytes data]
* TLSv1.2 (IN), TLS header, Supplemental data (23):
{ [5 bytes data]
< HTTP/2 416 
< content-type: text/html; charset=utf-8
< cache-control: no-cache, no-store, max-age=0, must-revalidate
< pragma: no-cache
< expires: Mon, 01 Jan 1990 00:00:00 GMT
< date: Mon, 09 Dec 2024 21:26:14 GMT
< p3p: CP="This is not a P3P policy! See g.co/p3phelp for more info."
< content-security-policy: script-src 'nonce-cEN7UdAT8cmD_nmi6VnzaA' 'unsafe-inline';object-src 'none';base-uri 'self';report-uri /_/DriveUntrustedContentHttp/cspreport;worker-src 'self'
< content-security-policy: require-trusted-types-for 'script';report-uri /_/DriveUntrustedContentHttp/cspreport
< content-security-policy: sandbox allow-scripts
< accept-ch: Sec-CH-UA-Arch, Sec-CH-UA-Bitness, Sec-CH-UA-Full-Version, Sec-CH-UA-Full-Version-List, Sec-CH-UA-Model, Sec-CH-UA-WoW64, Sec-CH-UA-Form-Factors, Sec-CH-UA-Platform, Sec-CH-UA-Platform-Version
< permissions-policy: ch-ua-arch=*, ch-ua-bitness=*, ch-ua-full-version=*, ch-ua-full-version-list=*, ch-ua-model=*, ch-ua-wow64=*, ch-ua-form-factors=*, ch-ua-platform=*, ch-ua-platform-version=*
< cross-origin-opener-policy: same-origin
< content-length: 1695
< x-guploader-uploadid: AFiumC703-NBC8Cdi64k6J5Hj3kW6mNOa0wFc6OSciKR-W5wchT8YW3ZwMhtXwqasvW_Nrxq_g
< server: UploadServer
< set-cookie: NID=519=rHVEX19soR5aO2s168SadTXVMZTZ0hoifmMk8Ypl_oecrWgRV-Sszbbl8hSmnOllKswrsZUFMZFCiNdBHgZzdn3YpGfLtXRIw4aJSSNzgdStf3GhGukeQy_uuMljKRw5i2LpI-5ThbvpQ0dVcZSzqEeyAD5-tW8tVtNe9zV7msFXsNywc8MRA75CW5OCZxjcGoLpoTQCPNGwSmu_; expires=Tue, 10-Jun-2025 21:26:13 GMT; path=/; domain=.google.com; HttpOnly
< alt-svc: h3=":443"; ma=2592000,h3-29=":443"; ma=2592000
< 
* TLSv1.2 (IN), TLS header, Supplemental data (23):
{ [5 bytes data]
* TLSv1.2 (IN), TLS header, Supplemental data (23):
{ [5 bytes data]
* TLSv1.2 (IN), TLS header, Supplemental data (23):
{ [5 bytes data]
* Connection #1 to host drive.usercontent.google.com left intact
Remote file information:
  Status code: 416
getRemoteFile ended
File info: 02/ulysses02.epub|1zpsmoHsuFhdsbafUEpJHqJI3_2ZKS_Yf
File code: 1zpsmoHsuFhdsbafUEpJHqJI3_2ZKS_Yf
File name: 02/ulysses02.epub
Download: /usr/bin/curl -k --silent -C - -L --create-dirs --remote-time -o "/tmp/KoboCloud/Library/02/ulysses02.epub" "https://drive.google.com/uc?id=1zpsmoHsuFhdsbafUEpJHqJI3_2ZKS_Yf&export=download" -v
Status: 0
Output: 
*   Trying 142.250.75.238:443...
* Connected to drive.google.com (142.250.75.238) port 443 (#0)
* ALPN, offering h2
* ALPN, offering http/1.1
* TLSv1.0 (OUT), TLS header, Certificate Status (22):
} [5 bytes data]
* TLSv1.3 (OUT), TLS handshake, Client hello (1):
} [512 bytes data]
* TLSv1.2 (IN), TLS header, Certificate Status (22):
{ [5 bytes data]
* TLSv1.3 (IN), TLS handshake, Server hello (2):
{ [122 bytes data]
* TLSv1.2 (IN), TLS header, Finished (20):
{ [5 bytes data]
* TLSv1.2 (IN), TLS header, Supplemental data (23):
{ [5 bytes data]
* TLSv1.3 (IN), TLS handshake, Encrypted Extensions (8):
{ [15 bytes data]
* TLSv1.3 (IN), TLS handshake, Certificate (11):
{ [6298 bytes data]
* TLSv1.3 (IN), TLS handshake, CERT verify (15):
{ [79 bytes data]
* TLSv1.3 (IN), TLS handshake, Finished (20):
{ [52 bytes data]
* TLSv1.2 (OUT), TLS header, Finished (20):
} [5 bytes data]
* TLSv1.3 (OUT), TLS change cipher, Change cipher spec (1):
} [1 bytes data]
* TLSv1.2 (OUT), TLS header, Supplemental data (23):
} [5 bytes data]
* TLSv1.3 (OUT), TLS handshake, Finished (20):
} [52 bytes data]
* SSL connection using TLSv1.3 / TLS_AES_256_GCM_SHA384
* ALPN, server accepted to use h2
* Server certificate:
*  subject: CN=*.google.com
*  start date: Oct 21 08:36:57 2024 GMT
*  expire date: Jan 13 08:36:56 2025 GMT
*  issuer: C=US; O=Google Trust Services; CN=WR2
*  SSL certificate verify result: unable to get local issuer certificate (20), continuing anyway.
* Using HTTP2, server supports multiplexing
* Connection state changed (HTTP/2 confirmed)
* Copying HTTP/2 data in stream buffer to connection buffer after upgrade: len=0
* TLSv1.2 (OUT), TLS header, Supplemental data (23):
} [5 bytes data]
* TLSv1.2 (OUT), TLS header, Supplemental data (23):
} [5 bytes data]
* TLSv1.2 (OUT), TLS header, Supplemental data (23):
} [5 bytes data]
* Using Stream ID: 1 (easy handle 0x55f7fca64e90)
* TLSv1.2 (OUT), TLS header, Supplemental data (23):
} [5 bytes data]
> GET /uc?id=1zpsmoHsuFhdsbafUEpJHqJI3_2ZKS_Yf&export=download HTTP/2
> Host: drive.google.com
> range: bytes=1371218-
> user-agent: curl/7.81.0
> accept: */*
> 
* TLSv1.2 (IN), TLS header, Supplemental data (23):
{ [5 bytes data]
* TLSv1.3 (IN), TLS handshake, Newsession Ticket (4):
{ [282 bytes data]
* TLSv1.3 (IN), TLS handshake, Newsession Ticket (4):
{ [282 bytes data]
* old SSL session ID is stale, removing
* TLSv1.2 (IN), TLS header, Supplemental data (23):
{ [5 bytes data]
* TLSv1.2 (OUT), TLS header, Supplemental data (23):
} [5 bytes data]
* TLSv1.2 (IN), TLS header, Supplemental data (23):
{ [5 bytes data]
* TLSv1.2 (IN), TLS header, Supplemental data (23):
{ [5 bytes data]
< HTTP/2 303 
< content-type: application/binary
< cache-control: no-cache, no-store, max-age=0, must-revalidate
< pragma: no-cache
< expires: Mon, 01 Jan 1990 00:00:00 GMT
< date: Mon, 09 Dec 2024 21:26:14 GMT
< location: https://drive.usercontent.google.com/download?id=1zpsmoHsuFhdsbafUEpJHqJI3_2ZKS_Yf&export=download
< strict-transport-security: max-age=31536000
< content-security-policy: script-src 'nonce-0M_tDsPGGgWW1jKo_SZKbg' 'unsafe-inline';object-src 'none';base-uri 'self';report-uri /_/DriveUntrustedContentHttp/cspreport;worker-src 'self'
< content-security-policy: require-trusted-types-for 'script';report-uri /_/DriveUntrustedContentHttp/cspreport
< cross-origin-opener-policy: same-origin
< permissions-policy: ch-ua-arch=*, ch-ua-bitness=*, ch-ua-full-version=*, ch-ua-full-version-list=*, ch-ua-model=*, ch-ua-wow64=*, ch-ua-form-factors=*, ch-ua-platform=*, ch-ua-platform-version=*
< accept-ch: Sec-CH-UA-Arch, Sec-CH-UA-Bitness, Sec-CH-UA-Full-Version, Sec-CH-UA-Full-Version-List, Sec-CH-UA-Model, Sec-CH-UA-WoW64, Sec-CH-UA-Form-Factors, Sec-CH-UA-Platform, Sec-CH-UA-Platform-Version
< server: ESF
< content-length: 0
< x-xss-protection: 0
< x-frame-options: SAMEORIGIN
< x-content-type-options: nosniff
< alt-svc: h3=":443"; ma=2592000,h3-29=":443"; ma=2592000
< 
* TLSv1.2 (IN), TLS header, Supplemental data (23):
{ [5 bytes data]
* Connection #0 to host drive.google.com left intact
* Issue another request to this URL: 'https://drive.usercontent.google.com/download?id=1zpsmoHsuFhdsbafUEpJHqJI3_2ZKS_Yf&export=download'
*   Trying 142.250.179.65:443...
* Connected to drive.usercontent.google.com (142.250.179.65) port 443 (#1)
* ALPN, offering h2
* ALPN, offering http/1.1
* TLSv1.0 (OUT), TLS header, Certificate Status (22):
} [5 bytes data]
* TLSv1.3 (OUT), TLS handshake, Client hello (1):
} [512 bytes data]
* TLSv1.2 (IN), TLS header, Certificate Status (22):
{ [5 bytes data]
* TLSv1.3 (IN), TLS handshake, Server hello (2):
{ [122 bytes data]
* TLSv1.2 (IN), TLS header, Finished (20):
{ [5 bytes data]
* TLSv1.2 (IN), TLS header, Supplemental data (23):
{ [5 bytes data]
* TLSv1.3 (IN), TLS handshake, Encrypted Extensions (8):
{ [15 bytes data]
* TLSv1.3 (IN), TLS handshake, Certificate (11):
{ [4085 bytes data]
* TLSv1.3 (IN), TLS handshake, CERT verify (15):
{ [79 bytes data]
* TLSv1.3 (IN), TLS handshake, Finished (20):
{ [52 bytes data]
* TLSv1.2 (OUT), TLS header, Finished (20):
} [5 bytes data]
* TLSv1.3 (OUT), TLS change cipher, Change cipher spec (1):
} [1 bytes data]
* TLSv1.2 (OUT), TLS header, Supplemental data (23):
} [5 bytes data]
* TLSv1.3 (OUT), TLS handshake, Finished (20):
} [52 bytes data]
* SSL connection using TLSv1.3 / TLS_AES_256_GCM_SHA384
* ALPN, server accepted to use h2
* Server certificate:
*  subject: CN=*.usercontent.google.com
*  start date: Oct 21 08:38:28 2024 GMT
*  expire date: Jan 13 08:38:27 2025 GMT
*  issuer: C=US; O=Google Trust Services; CN=WR2
*  SSL certificate verify result: unable to get local issuer certificate (20), continuing anyway.
* Using HTTP2, server supports multiplexing
* Connection state changed (HTTP/2 confirmed)
* Copying HTTP/2 data in stream buffer to connection buffer after upgrade: len=0
* TLSv1.2 (OUT), TLS header, Supplemental data (23):
} [5 bytes data]
* TLSv1.2 (OUT), TLS header, Supplemental data (23):
} [5 bytes data]
* TLSv1.2 (OUT), TLS header, Supplemental data (23):
} [5 bytes data]
* Using Stream ID: 1 (easy handle 0x55f7fca64e90)
* TLSv1.2 (OUT), TLS header, Supplemental data (23):
} [5 bytes data]
> GET /download?id=1zpsmoHsuFhdsbafUEpJHqJI3_2ZKS_Yf&export=download HTTP/2
> Host: drive.usercontent.google.com
> range: bytes=1371218-
> user-agent: curl/7.81.0
> accept: */*
> 
* TLSv1.2 (IN), TLS header, Supplemental data (23):
{ [5 bytes data]
* TLSv1.3 (IN), TLS handshake, Newsession Ticket (4):
{ [282 bytes data]
* TLSv1.3 (IN), TLS handshake, Newsession Ticket (4):
{ [282 bytes data]
* old SSL session ID is stale, removing
* TLSv1.2 (IN), TLS header, Supplemental data (23):
{ [5 bytes data]
* TLSv1.2 (OUT), TLS header, Supplemental data (23):
} [5 bytes data]
* TLSv1.2 (IN), TLS header, Supplemental data (23):
{ [5 bytes data]
* TLSv1.2 (IN), TLS header, Supplemental data (23):
{ [5 bytes data]
< HTTP/2 416 
< content-type: text/html; charset=utf-8
< cache-control: no-cache, no-store, max-age=0, must-revalidate
< pragma: no-cache
< expires: Mon, 01 Jan 1990 00:00:00 GMT
< date: Mon, 09 Dec 2024 21:26:15 GMT
< p3p: CP="This is not a P3P policy! See g.co/p3phelp for more info."
< cross-origin-opener-policy: same-origin
< content-security-policy: require-trusted-types-for 'script';report-uri /_/DriveUntrustedContentHttp/cspreport
< content-security-policy: script-src 'nonce-CfDhvdER5u52RMB6ZjQEVw' 'unsafe-inline';object-src 'none';base-uri 'self';report-uri /_/DriveUntrustedContentHttp/cspreport;worker-src 'self'
< content-security-policy: sandbox allow-scripts
< accept-ch: Sec-CH-UA-Arch, Sec-CH-UA-Bitness, Sec-CH-UA-Full-Version, Sec-CH-UA-Full-Version-List, Sec-CH-UA-Model, Sec-CH-UA-WoW64, Sec-CH-UA-Form-Factors, Sec-CH-UA-Platform, Sec-CH-UA-Platform-Version
< permissions-policy: ch-ua-arch=*, ch-ua-bitness=*, ch-ua-full-version=*, ch-ua-full-version-list=*, ch-ua-model=*, ch-ua-wow64=*, ch-ua-form-factors=*, ch-ua-platform=*, ch-ua-platform-version=*
< content-length: 1695
< x-guploader-uploadid: AFiumC6v90uoP3sdpFqtNA91sZgmESP9NW8XkYpMJZ8wX_0_zZu5h7WiNQ1LYuHhRF6GdTmYCmssOn8sQg
< server: UploadServer
< set-cookie: NID=519=MLO8yTWZ4TcnJXWRwXx8u_Cx3xdKefDLZ9-qrmjDS4op5w_SksEeuKwcagRbNVhmkcHJACgbC1BvlPc0_Ku3aZKU4rL7gSiIOWM-jnftfvWqa3suGH1VXkeU6QOty4b2o-X_hCUawWMM7NbJUcHPDe_ryQk6XaLnmNHNUBW4iaCP-oOrUgpwXaBxCOfQeHGtgMTyts9ngDDzH4g; expires=Tue, 10-Jun-2025 21:26:14 GMT; path=/; domain=.google.com; HttpOnly
< alt-svc: h3=":443"; ma=2592000,h3-29=":443"; ma=2592000
< 
* TLSv1.2 (IN), TLS header, Supplemental data (23):
{ [5 bytes data]
* TLSv1.2 (IN), TLS header, Supplemental data (23):
{ [5 bytes data]
* TLSv1.2 (IN), TLS header, Supplemental data (23):
{ [5 bytes data]
* Connection #1 to host drive.usercontent.google.com left intact
Remote file information:
  Status code: 416
getRemoteFile ended
File info: ulysses.epub|1rAINe5laJYHTxMYtKv6PrBWEz1SKVN0m
File code: 1rAINe5laJYHTxMYtKv6PrBWEz1SKVN0m
File name: ulysses.epub
Download: /usr/bin/curl -k --silent -C - -L --create-dirs --remote-time -o "/tmp/KoboCloud/Library/ulysses.epub" "https://drive.google.com/uc?id=1rAINe5laJYHTxMYtKv6PrBWEz1SKVN0m&export=download" -v
Status: 0
Output: 
*   Trying 142.250.75.238:443...
* Connected to drive.google.com (142.250.75.238) port 443 (#0)
* ALPN, offering h2
* ALPN, offering http/1.1
* TLSv1.0 (OUT), TLS header, Certificate Status (22):
} [5 bytes data]
* TLSv1.3 (OUT), TLS handshake, Client hello (1):
} [512 bytes data]
* TLSv1.2 (IN), TLS header, Certificate Status (22):
{ [5 bytes data]
* TLSv1.3 (IN), TLS handshake, Server hello (2):
{ [122 bytes data]
* TLSv1.2 (IN), TLS header, Finished (20):
{ [5 bytes data]
* TLSv1.2 (IN), TLS header, Supplemental data (23):
{ [5 bytes data]
* TLSv1.3 (IN), TLS handshake, Encrypted Extensions (8):
{ [15 bytes data]
* TLSv1.3 (IN), TLS handshake, Certificate (11):
{ [6298 bytes data]
* TLSv1.3 (IN), TLS handshake, CERT verify (15):
{ [80 bytes data]
* TLSv1.3 (IN), TLS handshake, Finished (20):
{ [52 bytes data]
* TLSv1.2 (OUT), TLS header, Finished (20):
} [5 bytes data]
* TLSv1.3 (OUT), TLS change cipher, Change cipher spec (1):
} [1 bytes data]
* TLSv1.2 (OUT), TLS header, Supplemental data (23):
} [5 bytes data]
* TLSv1.3 (OUT), TLS handshake, Finished (20):
} [52 bytes data]
* SSL connection using TLSv1.3 / TLS_AES_256_GCM_SHA384
* ALPN, server accepted to use h2
* Server certificate:
*  subject: CN=*.google.com
*  start date: Oct 21 08:36:57 2024 GMT
*  expire date: Jan 13 08:36:56 2025 GMT
*  issuer: C=US; O=Google Trust Services; CN=WR2
*  SSL certificate verify result: unable to get local issuer certificate (20), continuing anyway.
* Using HTTP2, server supports multiplexing
* Connection state changed (HTTP/2 confirmed)
* Copying HTTP/2 data in stream buffer to connection buffer after upgrade: len=0
* TLSv1.2 (OUT), TLS header, Supplemental data (23):
} [5 bytes data]
* TLSv1.2 (OUT), TLS header, Supplemental data (23):
} [5 bytes data]
* TLSv1.2 (OUT), TLS header, Supplemental data (23):
} [5 bytes data]
* Using Stream ID: 1 (easy handle 0x5584026dae90)
* TLSv1.2 (OUT), TLS header, Supplemental data (23):
} [5 bytes data]
> GET /uc?id=1rAINe5laJYHTxMYtKv6PrBWEz1SKVN0m&export=download HTTP/2
> Host: drive.google.com
> range: bytes=1371218-
> user-agent: curl/7.81.0
> accept: */*
> 
* TLSv1.2 (IN), TLS header, Supplemental data (23):
{ [5 bytes data]
* TLSv1.3 (IN), TLS handshake, Newsession Ticket (4):
{ [282 bytes data]
* TLSv1.3 (IN), TLS handshake, Newsession Ticket (4):
{ [282 bytes data]
* old SSL session ID is stale, removing
* TLSv1.2 (IN), TLS header, Supplemental data (23):
{ [5 bytes data]
* TLSv1.2 (OUT), TLS header, Supplemental data (23):
} [5 bytes data]
* TLSv1.2 (IN), TLS header, Supplemental data (23):
{ [5 bytes data]
* TLSv1.2 (IN), TLS header, Supplemental data (23):
{ [5 bytes data]
< HTTP/2 303 
< content-type: application/binary
< cache-control: no-cache, no-store, max-age=0, must-revalidate
< pragma: no-cache
< expires: Mon, 01 Jan 1990 00:00:00 GMT
< date: Mon, 09 Dec 2024 21:26:16 GMT
< location: https://drive.usercontent.google.com/download?id=1rAINe5laJYHTxMYtKv6PrBWEz1SKVN0m&export=download
< strict-transport-security: max-age=31536000
< permissions-policy: ch-ua-arch=*, ch-ua-bitness=*, ch-ua-full-version=*, ch-ua-full-version-list=*, ch-ua-model=*, ch-ua-wow64=*, ch-ua-form-factors=*, ch-ua-platform=*, ch-ua-platform-version=*
< cross-origin-opener-policy: same-origin
< content-security-policy: require-trusted-types-for 'script';report-uri /_/DriveUntrustedContentHttp/cspreport
< content-security-policy: script-src 'nonce-2jsUrG2gCxCr927yn77wvw' 'unsafe-inline';object-src 'none';base-uri 'self';report-uri /_/DriveUntrustedContentHttp/cspreport;worker-src 'self'
< accept-ch: Sec-CH-UA-Arch, Sec-CH-UA-Bitness, Sec-CH-UA-Full-Version, Sec-CH-UA-Full-Version-List, Sec-CH-UA-Model, Sec-CH-UA-WoW64, Sec-CH-UA-Form-Factors, Sec-CH-UA-Platform, Sec-CH-UA-Platform-Version
< server: ESF
< content-length: 0
< x-xss-protection: 0
< x-frame-options: SAMEORIGIN
< x-content-type-options: nosniff
< alt-svc: h3=":443"; ma=2592000,h3-29=":443"; ma=2592000
< 
* TLSv1.2 (IN), TLS header, Supplemental data (23):
{ [5 bytes data]
* Connection #0 to host drive.google.com left intact
* Issue another request to this URL: 'https://drive.usercontent.google.com/download?id=1rAINe5laJYHTxMYtKv6PrBWEz1SKVN0m&export=download'
*   Trying 142.250.179.65:443...
* Connected to drive.usercontent.google.com (142.250.179.65) port 443 (#1)
* ALPN, offering h2
* ALPN, offering http/1.1
* TLSv1.0 (OUT), TLS header, Certificate Status (22):
} [5 bytes data]
* TLSv1.3 (OUT), TLS handshake, Client hello (1):
} [512 bytes data]
* TLSv1.2 (IN), TLS header, Certificate Status (22):
{ [5 bytes data]
* TLSv1.3 (IN), TLS handshake, Server hello (2):
{ [122 bytes data]
* TLSv1.2 (IN), TLS header, Finished (20):
{ [5 bytes data]
* TLSv1.2 (IN), TLS header, Supplemental data (23):
{ [5 bytes data]
* TLSv1.3 (IN), TLS handshake, Encrypted Extensions (8):
{ [15 bytes data]
* TLSv1.3 (IN), TLS handshake, Certificate (11):
{ [4085 bytes data]
* TLSv1.3 (IN), TLS handshake, CERT verify (15):
{ [79 bytes data]
* TLSv1.3 (IN), TLS handshake, Finished (20):
{ [52 bytes data]
* TLSv1.2 (OUT), TLS header, Finished (20):
} [5 bytes data]
* TLSv1.3 (OUT), TLS change cipher, Change cipher spec (1):
} [1 bytes data]
* TLSv1.2 (OUT), TLS header, Supplemental data (23):
} [5 bytes data]
* TLSv1.3 (OUT), TLS handshake, Finished (20):
} [52 bytes data]
* SSL connection using TLSv1.3 / TLS_AES_256_GCM_SHA384
* ALPN, server accepted to use h2
* Server certificate:
*  subject: CN=*.usercontent.google.com
*  start date: Oct 21 08:38:28 2024 GMT
*  expire date: Jan 13 08:38:27 2025 GMT
*  issuer: C=US; O=Google Trust Services; CN=WR2
*  SSL certificate verify result: unable to get local issuer certificate (20), continuing anyway.
* Using HTTP2, server supports multiplexing
* Connection state changed (HTTP/2 confirmed)
* Copying HTTP/2 data in stream buffer to connection buffer after upgrade: len=0
* TLSv1.2 (OUT), TLS header, Supplemental data (23):
} [5 bytes data]
* TLSv1.2 (OUT), TLS header, Supplemental data (23):
} [5 bytes data]
* TLSv1.2 (OUT), TLS header, Supplemental data (23):
} [5 bytes data]
* Using Stream ID: 1 (easy handle 0x5584026dae90)
* TLSv1.2 (OUT), TLS header, Supplemental data (23):
} [5 bytes data]
> GET /download?id=1rAINe5laJYHTxMYtKv6PrBWEz1SKVN0m&export=download HTTP/2
> Host: drive.usercontent.google.com
> range: bytes=1371218-
> user-agent: curl/7.81.0
> accept: */*
> 
* TLSv1.2 (IN), TLS header, Supplemental data (23):
{ [5 bytes data]
* TLSv1.3 (IN), TLS handshake, Newsession Ticket (4):
{ [282 bytes data]
* TLSv1.3 (IN), TLS handshake, Newsession Ticket (4):
{ [282 bytes data]
* old SSL session ID is stale, removing
* TLSv1.2 (IN), TLS header, Supplemental data (23):
{ [5 bytes data]
* TLSv1.2 (OUT), TLS header, Supplemental data (23):
} [5 bytes data]
* TLSv1.2 (IN), TLS header, Supplemental data (23):
{ [5 bytes data]
* TLSv1.2 (IN), TLS header, Supplemental data (23):
{ [5 bytes data]
< HTTP/2 416 
< x-guploader-uploadid: AFiumC7H7F1hh50PbbWSWz8kFcAOR7MzfnytrQi5GAxVf_Z7QfmrOyPKvUyLDGXPpnTr1_Is
< content-type: text/html; charset=utf-8
< cache-control: no-cache, no-store, max-age=0, must-revalidate
< pragma: no-cache
< expires: Mon, 01 Jan 1990 00:00:00 GMT
< date: Mon, 09 Dec 2024 21:26:16 GMT
< p3p: CP="This is not a P3P policy! See g.co/p3phelp for more info."
< permissions-policy: ch-ua-arch=*, ch-ua-bitness=*, ch-ua-full-version=*, ch-ua-full-version-list=*, ch-ua-model=*, ch-ua-wow64=*, ch-ua-form-factors=*, ch-ua-platform=*, ch-ua-platform-version=*
< content-security-policy: require-trusted-types-for 'script';report-uri /_/DriveUntrustedContentHttp/cspreport
< content-security-policy: script-src 'nonce-xSN7WfzaM5T35CppERWecg' 'unsafe-inline';object-src 'none';base-uri 'self';report-uri /_/DriveUntrustedContentHttp/cspreport;worker-src 'self'
< content-security-policy: sandbox allow-scripts
< cross-origin-opener-policy: same-origin
< accept-ch: Sec-CH-UA-Arch, Sec-CH-UA-Bitness, Sec-CH-UA-Full-Version, Sec-CH-UA-Full-Version-List, Sec-CH-UA-Model, Sec-CH-UA-WoW64, Sec-CH-UA-Form-Factors, Sec-CH-UA-Platform, Sec-CH-UA-Platform-Version
< content-length: 1695
< server: UploadServer
< set-cookie: NID=519=htOk3gPUeSJzjWXMDKY_jKbVJzqIXQPZBRCKWRphPpqi_bYcIWqeZ3hYRCj-6pcf6w6hRtdeRmiMw-nqF_tqGUHYOfokp-uBvQ4sMSEE1LB5ce2Exln0zfRoXgP5jl7YpvetzXifpM2DYeAzTBNb0CpbRkRlqOsgTr1TCwDhtRANOphBINeLGD9hCOcOhTAG5d61q8ubdRpfAHc; expires=Tue, 10-Jun-2025 21:26:16 GMT; path=/; domain=.google.com; HttpOnly
< alt-svc: h3=":443"; ma=2592000,h3-29=":443"; ma=2592000
< 
* TLSv1.2 (IN), TLS header, Supplemental data (23):
{ [5 bytes data]
* TLSv1.2 (IN), TLS header, Supplemental data (23):
{ [5 bytes data]
* TLSv1.2 (IN), TLS header, Supplemental data (23):
{ [5 bytes data]
* Connection #1 to host drive.usercontent.google.com left intact
Remote file information:
  Status code: 416
getRemoteFile ended
/tmp/KoboCloud/Library:
total 1348
drwxr-x--- 2 1000 1000    4096 2024-12-09 22:26:02.014499853 +0100 01
drwxr-x--- 2 1000 1000    4096 2024-12-09 22:26:07.564498904 +0100 02
-rw-r--r-- 1 1000 1000 1371218 2021-04-11 16:13:38.000000000 +0200 ulysses.epub

/tmp/KoboCloud/Library/01:
total 2680
-rw-r--r-- 1 1000 1000 1371218 2022-01-22 15:34:28.000000000 +0100 ulysses.epub
-rw-r--r-- 1 1000 1000 1371218 2022-01-22 15:35:05.000000000 +0100 ulysses01.epub

/tmp/KoboCloud/Library/02:
total 2680
-rw-r--r-- 1 1000 1000 1371218 2022-01-22 15:34:47.000000000 +0100 ulysses.epub
-rw-r--r-- 1 1000 1000 1371218 2022-01-22 15:35:30.000000000 +0100 ulysses02.epub
No Library Change. skipping rescan
2024-12-09_22:26:17 done
